<?xml version="1.0" encoding="ISO-8859-1" ?>
<link_info>
   <banner>TI ARM Linker PC v20.2.7.LTS</banner>
   <copyright>Copyright (c) 1996-2018 Texas Instruments Incorporated</copyright>
   <link_time>0x64c88a2c</link_time>
   <link_errors>0x0</link_errors>
   <output_file>Project3_Car1.out</output_file>
   <entry_point>
      <name>_c_int00_noargs</name>
      <address>0x3689</address>
   </entry_point>
   <input_file_list>
      <input_file id="fl-2">
         <path>.\</path>
         <kind>object</kind>
         <file>main.obj</file>
         <name>main.obj</name>
      </input_file>
      <input_file id="fl-3">
         <path>.\</path>
         <kind>object</kind>
         <file>system_msp432p401r.obj</file>
         <name>system_msp432p401r.obj</name>
      </input_file>
      <input_file id="fl-4">
         <path>.\User\Bluetooth\</path>
         <kind>object</kind>
         <file>bluetooth.obj</file>
         <name>bluetooth.obj</name>
      </input_file>
      <input_file id="fl-5">
         <path>.\User\Clock\</path>
         <kind>object</kind>
         <file>clock.obj</file>
         <name>clock.obj</name>
      </input_file>
      <input_file id="fl-6">
         <path>.\User\EXTI\</path>
         <kind>object</kind>
         <file>exti.obj</file>
         <name>exti.obj</name>
      </input_file>
      <input_file id="fl-7">
         <path>.\User\Encoder\</path>
         <kind>object</kind>
         <file>encoder.obj</file>
         <name>encoder.obj</name>
      </input_file>
      <input_file id="fl-8">
         <path>.\User\InfoPrint\</path>
         <kind>object</kind>
         <file>infoprint.obj</file>
         <name>infoprint.obj</name>
      </input_file>
      <input_file id="fl-9">
         <path>.\User\KEY\</path>
         <kind>object</kind>
         <file>key.obj</file>
         <name>key.obj</name>
      </input_file>
      <input_file id="fl-a">
         <path>.\User\LED\</path>
         <kind>object</kind>
         <file>led.obj</file>
         <name>led.obj</name>
      </input_file>
      <input_file id="fl-b">
         <path>.\User\Laser\</path>
         <kind>object</kind>
         <file>laser.obj</file>
         <name>laser.obj</name>
      </input_file>
      <input_file id="fl-c">
         <path>.\User\Mission\</path>
         <kind>object</kind>
         <file>mission.obj</file>
         <name>mission.obj</name>
      </input_file>
      <input_file id="fl-d">
         <path>.\User\MyGPIO\</path>
         <kind>object</kind>
         <file>psk_GPIO.obj</file>
         <name>psk_GPIO.obj</name>
      </input_file>
      <input_file id="fl-e">
         <path>.\User\Openmv\</path>
         <kind>object</kind>
         <file>openmv.obj</file>
         <name>openmv.obj</name>
      </input_file>
      <input_file id="fl-f">
         <path>.\User\PID\</path>
         <kind>object</kind>
         <file>pid.obj</file>
         <name>pid.obj</name>
      </input_file>
      <input_file id="fl-10">
         <path>.\User\Tasks\</path>
         <kind>object</kind>
         <file>task_control.obj</file>
         <name>task_control.obj</name>
      </input_file>
      <input_file id="fl-11">
         <path>.\User\Tasks\</path>
         <kind>object</kind>
         <file>task_decision.obj</file>
         <name>task_decision.obj</name>
      </input_file>
      <input_file id="fl-12">
         <path>.\User\delay\</path>
         <kind>object</kind>
         <file>delay.obj</file>
         <name>delay.obj</name>
      </input_file>
      <input_file id="fl-13">
         <path>.\User\motor\</path>
         <kind>object</kind>
         <file>motor.obj</file>
         <name>motor.obj</name>
      </input_file>
      <input_file id="fl-14">
         <path>.\User\</path>
         <kind>object</kind>
         <file>no_use.obj</file>
         <name>no_use.obj</name>
      </input_file>
      <input_file id="fl-15">
         <path>.\User\oled\</path>
         <kind>object</kind>
         <file>oled.obj</file>
         <name>oled.obj</name>
      </input_file>
      <input_file id="fl-16">
         <path>.\User\timer\</path>
         <kind>object</kind>
         <file>timer.obj</file>
         <name>timer.obj</name>
      </input_file>
      <input_file id="fl-17">
         <path>.\ccs\</path>
         <kind>object</kind>
         <file>startup_msp432p401r_ccs.obj</file>
         <name>startup_msp432p401r_ccs.obj</name>
      </input_file>
      <input_file id="fl-21">
         <kind>object</kind>
         <file>&lt;internal&gt;</file>
         <name>&lt;internal&gt;</name>
      </input_file>
      <input_file id="fl-22">
         <path>E:\MyStudyApp\MyTI\ccs1230\simplelink_msp432p4_sdk_3_40_01_02\source\ti\devices\msp432p4xx\driverlib\ccs\</path>
         <kind>archive</kind>
         <file>msp432p4xx_driverlib.lib</file>
         <name>cs.o</name>
      </input_file>
      <input_file id="fl-23">
         <path>E:\MyStudyApp\MyTI\ccs1230\simplelink_msp432p4_sdk_3_40_01_02\source\ti\devices\msp432p4xx\driverlib\ccs\</path>
         <kind>archive</kind>
         <file>msp432p4xx_driverlib.lib</file>
         <name>gpio.o</name>
      </input_file>
      <input_file id="fl-24">
         <path>E:\MyStudyApp\MyTI\ccs1230\simplelink_msp432p4_sdk_3_40_01_02\source\ti\devices\msp432p4xx\driverlib\ccs\</path>
         <kind>archive</kind>
         <file>msp432p4xx_driverlib.lib</file>
         <name>interrupt.o</name>
      </input_file>
      <input_file id="fl-25">
         <path>E:\MyStudyApp\MyTI\ccs1230\simplelink_msp432p4_sdk_3_40_01_02\source\ti\devices\msp432p4xx\driverlib\ccs\</path>
         <kind>archive</kind>
         <file>msp432p4xx_driverlib.lib</file>
         <name>sysctl_a.o</name>
      </input_file>
      <input_file id="fl-26">
         <path>E:\MyStudyApp\MyTI\ccs1230\simplelink_msp432p4_sdk_3_40_01_02\source\ti\devices\msp432p4xx\driverlib\ccs\</path>
         <kind>archive</kind>
         <file>msp432p4xx_driverlib.lib</file>
         <name>timer_a.o</name>
      </input_file>
      <input_file id="fl-27">
         <path>E:\MyStudyApp\MyTI\ccs1230\simplelink_msp432p4_sdk_3_40_01_02\source\ti\devices\msp432p4xx\driverlib\ccs\</path>
         <kind>archive</kind>
         <file>msp432p4xx_driverlib.lib</file>
         <name>uart.o</name>
      </input_file>
      <input_file id="fl-28">
         <path>E:\MyStudyApp\MyTI\ccs1230\simplelink_msp432p4_sdk_3_40_01_02\source\ti\devices\msp432p4xx\driverlib\ccs\</path>
         <kind>archive</kind>
         <file>msp432p4xx_driverlib.lib</file>
         <name>wdt_a.o</name>
      </input_file>
      <input_file id="fl-29">
         <path>E:\MyStudyApp\MyTI\ccs1230\simplelink_msp432p4_sdk_3_40_01_02\source\ti\devices\msp432p4xx\driverlib\ccs\</path>
         <kind>archive</kind>
         <file>msp432p4xx_driverlib.lib</file>
         <name>cpu.o</name>
      </input_file>
      <input_file id="fl-df">
         <path>E:\MyStudyApp\MyTI\ccs1230\ccs\tools\compiler\ti-cgt-arm_20.2.7.LTS\lib\</path>
         <kind>archive</kind>
         <file>rtsv7M4_T_le_v4SPD16_eabi.lib</file>
         <name>fd_cmp_t2.asm.obj</name>
      </input_file>
      <input_file id="fl-e0">
         <path>E:\MyStudyApp\MyTI\ccs1230\ccs\tools\compiler\ti-cgt-arm_20.2.7.LTS\lib\</path>
         <kind>archive</kind>
         <file>rtsv7M4_T_le_v4SPD16_eabi.lib</file>
         <name>fd_div_t2.asm.obj</name>
      </input_file>
      <input_file id="fl-e1">
         <path>E:\MyStudyApp\MyTI\ccs1230\ccs\tools\compiler\ti-cgt-arm_20.2.7.LTS\lib\</path>
         <kind>archive</kind>
         <file>rtsv7M4_T_le_v4SPD16_eabi.lib</file>
         <name>fd_mul_t2.asm.obj</name>
      </input_file>
      <input_file id="fl-e2">
         <path>E:\MyStudyApp\MyTI\ccs1230\ccs\tools\compiler\ti-cgt-arm_20.2.7.LTS\lib\</path>
         <kind>archive</kind>
         <file>rtsv7M4_T_le_v4SPD16_eabi.lib</file>
         <name>fd_tos_t2.asm.obj</name>
      </input_file>
      <input_file id="fl-e3">
         <path>E:\MyStudyApp\MyTI\ccs1230\ccs\tools\compiler\ti-cgt-arm_20.2.7.LTS\lib\</path>
         <kind>archive</kind>
         <file>rtsv7M4_T_le_v4SPD16_eabi.lib</file>
         <name>fs_tod_t2.asm.obj</name>
      </input_file>
      <input_file id="fl-e4">
         <path>E:\MyStudyApp\MyTI\ccs1230\ccs\tools\compiler\ti-cgt-arm_20.2.7.LTS\lib\</path>
         <kind>archive</kind>
         <file>rtsv7M4_T_le_v4SPD16_eabi.lib</file>
         <name>i_tofd_t2.asm.obj</name>
      </input_file>
      <input_file id="fl-e5">
         <path>E:\MyStudyApp\MyTI\ccs1230\ccs\tools\compiler\ti-cgt-arm_20.2.7.LTS\lib\</path>
         <kind>archive</kind>
         <file>rtsv7M4_T_le_v4SPD16_eabi.lib</file>
         <name>ll_tofd_t2.asm.obj</name>
      </input_file>
      <input_file id="fl-e6">
         <path>E:\MyStudyApp\MyTI\ccs1230\ccs\tools\compiler\ti-cgt-arm_20.2.7.LTS\lib\</path>
         <kind>archive</kind>
         <file>rtsv7M4_T_le_v4SPD16_eabi.lib</file>
         <name>copy_zero_init.c.obj</name>
      </input_file>
      <input_file id="fl-e7">
         <path>E:\MyStudyApp\MyTI\ccs1230\ccs\tools\compiler\ti-cgt-arm_20.2.7.LTS\lib\</path>
         <kind>archive</kind>
         <file>rtsv7M4_T_le_v4SPD16_eabi.lib</file>
         <name>copy_decompress_none.c.obj</name>
      </input_file>
      <input_file id="fl-e8">
         <path>E:\MyStudyApp\MyTI\ccs1230\ccs\tools\compiler\ti-cgt-arm_20.2.7.LTS\lib\</path>
         <kind>archive</kind>
         <file>rtsv7M4_T_le_v4SPD16_eabi.lib</file>
         <name>copy_decompress_lzss.c.obj</name>
      </input_file>
      <input_file id="fl-e9">
         <path>E:\MyStudyApp\MyTI\ccs1230\ccs\tools\compiler\ti-cgt-arm_20.2.7.LTS\lib\</path>
         <kind>archive</kind>
         <file>rtsv7M4_T_le_v4SPD16_eabi.lib</file>
         <name>boot_cortex_m.c.obj</name>
      </input_file>
      <input_file id="fl-ea">
         <path>E:\MyStudyApp\MyTI\ccs1230\ccs\tools\compiler\ti-cgt-arm_20.2.7.LTS\lib\</path>
         <kind>archive</kind>
         <file>rtsv7M4_T_le_v4SPD16_eabi.lib</file>
         <name>memcpy_t2.asm.obj</name>
      </input_file>
      <input_file id="fl-eb">
         <path>E:\MyStudyApp\MyTI\ccs1230\ccs\tools\compiler\ti-cgt-arm_20.2.7.LTS\lib\</path>
         <kind>archive</kind>
         <file>rtsv7M4_T_le_v4SPD16_eabi.lib</file>
         <name>memset_t2.asm.obj</name>
      </input_file>
      <input_file id="fl-ec">
         <path>E:\MyStudyApp\MyTI\ccs1230\ccs\tools\compiler\ti-cgt-arm_20.2.7.LTS\lib\</path>
         <kind>archive</kind>
         <file>rtsv7M4_T_le_v4SPD16_eabi.lib</file>
         <name>autoinit.c.obj</name>
      </input_file>
      <input_file id="fl-ed">
         <path>E:\MyStudyApp\MyTI\ccs1230\ccs\tools\compiler\ti-cgt-arm_20.2.7.LTS\lib\</path>
         <kind>archive</kind>
         <file>rtsv7M4_T_le_v4SPD16_eabi.lib</file>
         <name>pre_init.c.obj</name>
      </input_file>
      <input_file id="fl-ee">
         <path>E:\MyStudyApp\MyTI\ccs1230\ccs\tools\compiler\ti-cgt-arm_20.2.7.LTS\lib\</path>
         <kind>archive</kind>
         <file>rtsv7M4_T_le_v4SPD16_eabi.lib</file>
         <name>cpy_tbl.c.obj</name>
      </input_file>
      <input_file id="fl-ef">
         <path>E:\MyStudyApp\MyTI\ccs1230\ccs\tools\compiler\ti-cgt-arm_20.2.7.LTS\lib\</path>
         <kind>archive</kind>
         <file>rtsv7M4_T_le_v4SPD16_eabi.lib</file>
         <name>exit.c.obj</name>
      </input_file>
      <input_file id="fl-f0">
         <path>E:\MyStudyApp\MyTI\ccs1230\ccs\tools\compiler\ti-cgt-arm_20.2.7.LTS\lib\</path>
         <kind>archive</kind>
         <file>rtsv7M4_T_le_v4SPD16_eabi.lib</file>
         <name>_lock.c.obj</name>
      </input_file>
      <input_file id="fl-f1">
         <path>E:\MyStudyApp\MyTI\ccs1230\ccs\tools\compiler\ti-cgt-arm_20.2.7.LTS\lib\</path>
         <kind>archive</kind>
         <file>rtsv7M4_T_le_v4SPD16_eabi.lib</file>
         <name>args_main.c.obj</name>
      </input_file>
   </input_file_list>
   <object_component_list>
      <object_component id="oc-26">
         <name>.intvecs:retain</name>
         <load_address>0x0</load_address>
         <run_address>0x0</run_address>
         <size>0xe4</size>
         <input_file_ref idref="fl-17"/>
      </object_component>
      <object_component id="oc-49e">
         <name>.text:main_control</name>
         <load_address>0xe4</load_address>
         <run_address>0xe4</run_address>
         <size>0x31c</size>
         <input_file_ref idref="fl-10"/>
      </object_component>
      <object_component id="oc-4a5">
         <name>.text:shoot_target</name>
         <load_address>0x400</load_address>
         <run_address>0x400</run_address>
         <size>0x1e0</size>
         <input_file_ref idref="fl-c"/>
      </object_component>
      <object_component id="oc-f9">
         <name>.text:Openmv_Receive_Data</name>
         <load_address>0x5e0</load_address>
         <run_address>0x5e0</run_address>
         <size>0x1a4</size>
         <input_file_ref idref="fl-e"/>
      </object_component>
      <object_component id="oc-b7">
         <name>.text:main</name>
         <load_address>0x784</load_address>
         <run_address>0x784</run_address>
         <size>0x198</size>
         <input_file_ref idref="fl-2"/>
      </object_component>
      <object_component id="oc-ed">
         <name>.text:Laser_Receive_Data</name>
         <load_address>0x91c</load_address>
         <run_address>0x91c</run_address>
         <size>0x194</size>
         <input_file_ref idref="fl-b"/>
      </object_component>
      <object_component id="oc-506">
         <name>.text:pid_set</name>
         <load_address>0xab0</load_address>
         <run_address>0xab0</run_address>
         <size>0x190</size>
         <input_file_ref idref="fl-13"/>
      </object_component>
      <object_component id="oc-529">
         <name>.text:set_speed_back</name>
         <load_address>0xc40</load_address>
         <run_address>0xc40</run_address>
         <size>0x178</size>
         <input_file_ref idref="fl-13"/>
      </object_component>
      <object_component id="oc-52f">
         <name>.text:set_speed_front</name>
         <load_address>0xdb8</load_address>
         <run_address>0xdb8</run_address>
         <size>0x178</size>
         <input_file_ref idref="fl-13"/>
      </object_component>
      <object_component id="oc-1b2">
         <name>.text:info_print_mainmenu</name>
         <load_address>0xf30</load_address>
         <run_address>0xf30</run_address>
         <size>0x164</size>
         <input_file_ref idref="fl-8"/>
      </object_component>
      <object_component id="oc-8b">
         <name>.text:PORT4_IRQHandler</name>
         <load_address>0x1094</load_address>
         <run_address>0x1094</run_address>
         <size>0x14c</size>
         <input_file_ref idref="fl-7"/>
      </object_component>
      <object_component id="oc-3aa">
         <name>.text:privateTimer_AProcessClockSourceDivider</name>
         <load_address>0x11e0</load_address>
         <run_address>0x11e0</run_address>
         <size>0x144</size>
         <input_file_ref idref="fl-26"/>
      </object_component>
      <object_component id="oc-4f6">
         <name>.text</name>
         <load_address>0x1324</load_address>
         <run_address>0x1324</run_address>
         <size>0x136</size>
         <input_file_ref idref="fl-e0"/>
      </object_component>
      <object_component id="oc-14c">
         <name>.text:EXTI_Init</name>
         <load_address>0x145a</load_address>
         <run_address>0x145a</run_address>
         <size>0x132</size>
         <input_file_ref idref="fl-6"/>
      </object_component>
      <object_component id="oc-3e5">
         <name>.text:OLED_ShowChar</name>
         <load_address>0x158c</load_address>
         <run_address>0x158c</run_address>
         <size>0x120</size>
         <input_file_ref idref="fl-15"/>
      </object_component>
      <object_component id="oc-2ed">
         <name>.text:UART_initModule</name>
         <load_address>0x16ac</load_address>
         <run_address>0x16ac</run_address>
         <size>0x11c</size>
         <input_file_ref idref="fl-27"/>
      </object_component>
      <object_component id="oc-500">
         <name>.text:pid_update</name>
         <load_address>0x17c8</load_address>
         <run_address>0x17c8</run_address>
         <size>0x110</size>
         <input_file_ref idref="fl-f"/>
      </object_component>
      <object_component id="oc-395">
         <name>.text:_CSComputeCLKFrequency</name>
         <load_address>0x18d8</load_address>
         <run_address>0x18d8</run_address>
         <size>0x104</size>
         <input_file_ref idref="fl-22"/>
      </object_component>
      <object_component id="oc-4b5">
         <name>.text:pwm_duty</name>
         <load_address>0x19dc</load_address>
         <run_address>0x19dc</run_address>
         <size>0x100</size>
         <input_file_ref idref="fl-13"/>
      </object_component>
      <object_component id="oc-4f1">
         <name>.text</name>
         <load_address>0x1adc</load_address>
         <run_address>0x1adc</run_address>
         <size>0xfc</size>
         <input_file_ref idref="fl-e1"/>
      </object_component>
      <object_component id="oc-46d">
         <name>.text:CS_getDCOFrequency</name>
         <load_address>0x1bd8</load_address>
         <run_address>0x1bd8</run_address>
         <size>0xf8</size>
         <input_file_ref idref="fl-22"/>
      </object_component>
      <object_component id="oc-16a">
         <name>.text:OLED_Init</name>
         <load_address>0x1cd0</load_address>
         <run_address>0x1cd0</run_address>
         <size>0xec</size>
         <input_file_ref idref="fl-15"/>
      </object_component>
      <object_component id="oc-387">
         <name>.text:CS_startHFXTWithTimeout</name>
         <load_address>0x1dbc</load_address>
         <run_address>0x1dbc</run_address>
         <size>0xe4</size>
         <input_file_ref idref="fl-22"/>
      </object_component>
      <object_component id="oc-38e">
         <name>.text:CS_startLFXTWithTimeout</name>
         <load_address>0x1ea0</load_address>
         <run_address>0x1ea0</run_address>
         <size>0xe0</size>
         <input_file_ref idref="fl-22"/>
      </object_component>
      <object_component id="oc-453">
         <name>.text:_CSGetHFXTFrequency</name>
         <load_address>0x1f80</load_address>
         <run_address>0x1f80</run_address>
         <size>0xdc</size>
         <input_file_ref idref="fl-22"/>
      </object_component>
      <object_component id="oc-12e">
         <name>.text:CLOCK_Init</name>
         <load_address>0x205c</load_address>
         <run_address>0x205c</run_address>
         <size>0xcc</size>
         <input_file_ref idref="fl-5"/>
      </object_component>
      <object_component id="oc-303">
         <name>.text:set_pitch</name>
         <load_address>0x2128</load_address>
         <run_address>0x2128</run_address>
         <size>0xc4</size>
         <input_file_ref idref="fl-13"/>
      </object_component>
      <object_component id="oc-309">
         <name>.text:set_yaw</name>
         <load_address>0x21ec</load_address>
         <run_address>0x21ec</run_address>
         <size>0xc0</size>
         <input_file_ref idref="fl-13"/>
      </object_component>
      <object_component id="oc-103">
         <name>.text:communicate_handler</name>
         <load_address>0x22ac</load_address>
         <run_address>0x22ac</run_address>
         <size>0xa8</size>
         <input_file_ref idref="fl-4"/>
      </object_component>
      <object_component id="oc-37">
         <name>.text</name>
         <load_address>0x2354</load_address>
         <run_address>0x2354</run_address>
         <size>0x9c</size>
         <input_file_ref idref="fl-ea"/>
      </object_component>
      <object_component id="oc-152">
         <name>.text:TimA0_Init</name>
         <load_address>0x23f0</load_address>
         <run_address>0x23f0</run_address>
         <size>0x98</size>
         <input_file_ref idref="fl-16"/>
      </object_component>
      <object_component id="oc-4d8">
         <name>.text:SysCtl_A_getTLVInfo</name>
         <load_address>0x2488</load_address>
         <run_address>0x2488</run_address>
         <size>0x94</size>
         <input_file_ref idref="fl-25"/>
      </object_component>
      <object_component id="oc-158">
         <name>.text:TimA1_Init</name>
         <load_address>0x251c</load_address>
         <run_address>0x251c</run_address>
         <size>0x94</size>
         <input_file_ref idref="fl-16"/>
      </object_component>
      <object_component id="oc-1ca">
         <name>.text:motor_finish</name>
         <load_address>0x25b0</load_address>
         <run_address>0x25b0</run_address>
         <size>0x94</size>
         <input_file_ref idref="fl-13"/>
      </object_component>
      <object_component id="oc-1a6">
         <name>.text:clear_PID</name>
         <load_address>0x2644</load_address>
         <run_address>0x2644</run_address>
         <size>0x90</size>
         <input_file_ref idref="fl-2"/>
      </object_component>
      <object_component id="oc-542">
         <name>.text:__aeabi_cdcmple</name>
         <load_address>0x26d4</load_address>
         <run_address>0x26d4</run_address>
         <size>0x86</size>
         <input_file_ref idref="fl-df"/>
      </object_component>
      <object_component id="oc-54d">
         <name>.text:__aeabi_cdrcmple</name>
         <load_address>0x275a</load_address>
         <run_address>0x275a</run_address>
         <size>0x86</size>
         <input_file_ref idref="fl-df"/>
      </object_component>
      <object_component id="oc-547">
         <name>.text:set_motor</name>
         <load_address>0x27e0</load_address>
         <run_address>0x27e0</run_address>
         <size>0x86</size>
         <input_file_ref idref="fl-13"/>
      </object_component>
      <object_component id="oc-6d">
         <name>.text:Default_Handler</name>
         <load_address>0x2866</load_address>
         <run_address>0x2866</run_address>
         <size>0x2</size>
         <input_file_ref idref="fl-17"/>
      </object_component>
      <object_component id="oc-2ba">
         <name>.text:Interrupt_enableInterrupt</name>
         <load_address>0x2868</load_address>
         <run_address>0x2868</run_address>
         <size>0x80</size>
         <input_file_ref idref="fl-24"/>
      </object_component>
      <object_component id="oc-4de">
         <name>.text:_CSGetDOCFrequency</name>
         <load_address>0x28e8</load_address>
         <run_address>0x28e8</run_address>
         <size>0x7c</size>
         <input_file_ref idref="fl-22"/>
      </object_component>
      <object_component id="oc-32c">
         <name>.text:path_4</name>
         <load_address>0x2964</load_address>
         <run_address>0x2964</run_address>
         <size>0x7c</size>
         <input_file_ref idref="fl-c"/>
      </object_component>
      <object_component id="oc-19a">
         <name>.text:steering_init</name>
         <load_address>0x29e0</load_address>
         <run_address>0x29e0</run_address>
         <size>0x7c</size>
         <input_file_ref idref="fl-2"/>
      </object_component>
      <object_component id="oc-c9">
         <name>.text:SystemInit</name>
         <load_address>0x2a5c</load_address>
         <run_address>0x2a5c</run_address>
         <size>0x78</size>
         <input_file_ref idref="fl-3"/>
      </object_component>
      <object_component id="oc-15e">
         <name>.text:TimA2_Init</name>
         <load_address>0x2ad4</load_address>
         <run_address>0x2ad4</run_address>
         <size>0x70</size>
         <input_file_ref idref="fl-16"/>
      </object_component>
      <object_component id="oc-4fb">
         <name>.text</name>
         <load_address>0x2b44</load_address>
         <run_address>0x2b44</run_address>
         <size>0x6e</size>
         <input_file_ref idref="fl-e2"/>
      </object_component>
      <object_component id="oc-318">
         <name>.text:OLED_ShowString</name>
         <load_address>0x2bb2</load_address>
         <run_address>0x2bb2</run_address>
         <size>0x6c</size>
         <input_file_ref idref="fl-15"/>
      </object_component>
      <object_component id="oc-170">
         <name>.text:OLED_Clear</name>
         <load_address>0x2c1e</load_address>
         <run_address>0x2c1e</run_address>
         <size>0x6a</size>
         <input_file_ref idref="fl-15"/>
      </object_component>
      <object_component id="oc-3c4">
         <name>.text:Send_Byte</name>
         <load_address>0x2c88</load_address>
         <run_address>0x2c88</run_address>
         <size>0x68</size>
         <input_file_ref idref="fl-15"/>
      </object_component>
      <object_component id="oc-2c9">
         <name>.text:Timer_A_configureUpMode</name>
         <load_address>0x2cf0</load_address>
         <run_address>0x2cf0</run_address>
         <size>0x68</size>
         <input_file_ref idref="fl-26"/>
      </object_component>
      <object_component id="oc-17">
         <name>.text:decompress:lzss:__TI_decompress_lzss</name>
         <load_address>0x2d58</load_address>
         <run_address>0x2d58</run_address>
         <size>0x68</size>
         <input_file_ref idref="fl-e8"/>
      </object_component>
      <object_component id="oc-e1">
         <name>.text:UART_getEnabledInterruptStatus</name>
         <load_address>0x2dc0</load_address>
         <run_address>0x2dc0</run_address>
         <size>0x64</size>
         <input_file_ref idref="fl-27"/>
      </object_component>
      <object_component id="oc-408">
         <name>.text:motor_stop</name>
         <load_address>0x2e24</load_address>
         <run_address>0x2e24</run_address>
         <size>0x64</size>
         <input_file_ref idref="fl-13"/>
      </object_component>
      <object_component id="oc-188">
         <name>.text:pid_initialize</name>
         <load_address>0x2e88</load_address>
         <run_address>0x2e88</run_address>
         <size>0x64</size>
         <input_file_ref idref="fl-f"/>
      </object_component>
      <object_component id="oc-461">
         <name>.text:_CSGetDividerValue</name>
         <load_address>0x2eec</load_address>
         <run_address>0x2eec</run_address>
         <size>0x62</size>
         <input_file_ref idref="fl-22"/>
      </object_component>
      <object_component id="oc-17c">
         <name>.text:Bluetooth_Init</name>
         <load_address>0x2f50</load_address>
         <run_address>0x2f50</run_address>
         <size>0x60</size>
         <input_file_ref idref="fl-4"/>
      </object_component>
      <object_component id="oc-182">
         <name>.text:Laser_Init</name>
         <load_address>0x2fb0</load_address>
         <run_address>0x2fb0</run_address>
         <size>0x60</size>
         <input_file_ref idref="fl-b"/>
      </object_component>
      <object_component id="oc-176">
         <name>.text:Openmv_Init</name>
         <load_address>0x3010</load_address>
         <run_address>0x3010</run_address>
         <size>0x60</size>
         <input_file_ref idref="fl-e"/>
      </object_component>
      <object_component id="oc-1c4">
         <name>.text:delay_ms</name>
         <load_address>0x3070</load_address>
         <run_address>0x3070</run_address>
         <size>0x5c</size>
         <input_file_ref idref="fl-12"/>
      </object_component>
      <object_component id="oc-146">
         <name>.text:GPIO_setAsInputPinWithPullUpResistor</name>
         <load_address>0x30cc</load_address>
         <run_address>0x30cc</run_address>
         <size>0x58</size>
         <input_file_ref idref="fl-23"/>
      </object_component>
      <object_component id="oc-31e">
         <name>.text:LED2_RGB</name>
         <load_address>0x3124</load_address>
         <run_address>0x3124</run_address>
         <size>0x58</size>
         <input_file_ref idref="fl-a"/>
      </object_component>
      <object_component id="oc-1be">
         <name>.text:Mission_4</name>
         <load_address>0x317c</load_address>
         <run_address>0x317c</run_address>
         <size>0x58</size>
         <input_file_ref idref="fl-c"/>
      </object_component>
      <object_component id="oc-2ae">
         <name>.text:Interrupt_setPriority</name>
         <load_address>0x31d4</load_address>
         <run_address>0x31d4</run_address>
         <size>0x54</size>
         <input_file_ref idref="fl-24"/>
      </object_component>
      <object_component id="oc-13a">
         <name>.text:LED_Init</name>
         <load_address>0x3228</load_address>
         <run_address>0x3228</run_address>
         <size>0x54</size>
         <input_file_ref idref="fl-a"/>
      </object_component>
      <object_component id="oc-326">
         <name>.text:task_and_speed_post</name>
         <load_address>0x327c</load_address>
         <run_address>0x327c</run_address>
         <size>0x50</size>
         <input_file_ref idref="fl-4"/>
      </object_component>
      <object_component id="oc-512">
         <name>.text:task_control_post</name>
         <load_address>0x32cc</load_address>
         <run_address>0x32cc</run_address>
         <size>0x4c</size>
         <input_file_ref idref="fl-4"/>
      </object_component>
      <object_component id="oc-1b8">
         <name>.text:KEY_Input</name>
         <load_address>0x3318</load_address>
         <run_address>0x3318</run_address>
         <size>0x46</size>
         <input_file_ref idref="fl-9"/>
      </object_component>
      <object_component id="oc-1ed">
         <name>.text:__TI_auto_init_nobinit_nopinit:__TI_auto_init_nobinit_nopinit</name>
         <load_address>0x3360</load_address>
         <run_address>0x3360</run_address>
         <size>0x44</size>
         <input_file_ref idref="fl-ec"/>
      </object_component>
      <object_component id="oc-1a0">
         <name>.text:clear_statemachine</name>
         <load_address>0x33a4</load_address>
         <run_address>0x33a4</run_address>
         <size>0x44</size>
         <input_file_ref idref="fl-2"/>
      </object_component>
      <object_component id="oc-338">
         <name>.text:task_stop_post</name>
         <load_address>0x33e8</load_address>
         <run_address>0x33e8</run_address>
         <size>0x44</size>
         <input_file_ref idref="fl-4"/>
      </object_component>
      <object_component id="oc-2e5">
         <name>.text:OLED_WR_Byte</name>
         <load_address>0x342c</load_address>
         <run_address>0x342c</run_address>
         <size>0x42</size>
         <input_file_ref idref="fl-15"/>
      </object_component>
      <object_component id="oc-299">
         <name>.text:GPIO_setAsOutputPin</name>
         <load_address>0x3470</load_address>
         <run_address>0x3470</run_address>
         <size>0x40</size>
         <input_file_ref idref="fl-23"/>
      </object_component>
      <object_component id="oc-519">
         <name>.text</name>
         <load_address>0x34b0</load_address>
         <run_address>0x34b0</run_address>
         <size>0x40</size>
         <input_file_ref idref="fl-e5"/>
      </object_component>
      <object_component id="oc-401">
         <name>.text:until_distance</name>
         <load_address>0x34f0</load_address>
         <run_address>0x34f0</run_address>
         <size>0x40</size>
         <input_file_ref idref="fl-7"/>
      </object_component>
      <object_component id="oc-2a8">
         <name>.text:GPIO_interruptEdgeSelect</name>
         <load_address>0x3530</load_address>
         <run_address>0x3530</run_address>
         <size>0x3c</size>
         <input_file_ref idref="fl-23"/>
      </object_component>
      <object_component id="oc-48f">
         <name>.text:OLED_Set_Pos</name>
         <load_address>0x356c</load_address>
         <run_address>0x356c</run_address>
         <size>0x3c</size>
         <input_file_ref idref="fl-15"/>
      </object_component>
      <object_component id="oc-134">
         <name>.text:delay_init</name>
         <load_address>0x35a8</load_address>
         <run_address>0x35a8</run_address>
         <size>0x3c</size>
         <input_file_ref idref="fl-12"/>
      </object_component>
      <object_component id="oc-4ad">
         <name>.text:distance_calc</name>
         <load_address>0x35e4</load_address>
         <run_address>0x35e4</run_address>
         <size>0x38</size>
         <input_file_ref idref="fl-7"/>
      </object_component>
      <object_component id="oc-53d">
         <name>.text</name>
         <load_address>0x361c</load_address>
         <run_address>0x361c</run_address>
         <size>0x38</size>
         <input_file_ref idref="fl-e3"/>
      </object_component>
      <object_component id="oc-164">
         <name>.text:TA3_IT_INIT</name>
         <load_address>0x3654</load_address>
         <run_address>0x3654</run_address>
         <size>0x34</size>
         <input_file_ref idref="fl-16"/>
      </object_component>
      <object_component id="oc-55">
         <name>.text:_c_int00_noargs:_c_int00_noargs</name>
         <load_address>0x3688</load_address>
         <run_address>0x3688</run_address>
         <size>0x34</size>
         <input_file_ref idref="fl-e9"/>
      </object_component>
      <object_component id="oc-3f5">
         <name>.text:shoot_at_turn</name>
         <load_address>0x36bc</load_address>
         <run_address>0x36bc</run_address>
         <size>0x34</size>
         <input_file_ref idref="fl-c"/>
      </object_component>
      <object_component id="oc-467">
         <name>.text:CS_clearInterruptFlag</name>
         <load_address>0x36f0</load_address>
         <run_address>0x36f0</run_address>
         <size>0x30</size>
         <input_file_ref idref="fl-22"/>
      </object_component>
      <object_component id="oc-10a">
         <name>.text:GPIO_getInputPinValue</name>
         <load_address>0x3720</load_address>
         <run_address>0x3720</run_address>
         <size>0x30</size>
         <input_file_ref idref="fl-23"/>
      </object_component>
      <object_component id="oc-e7">
         <name>.text:UART_receiveData</name>
         <load_address>0x3750</load_address>
         <run_address>0x3750</run_address>
         <size>0x30</size>
         <input_file_ref idref="fl-27"/>
      </object_component>
      <object_component id="oc-4ec">
         <name>.text</name>
         <load_address>0x3780</load_address>
         <run_address>0x3780</run_address>
         <size>0x2e</size>
         <input_file_ref idref="fl-e4"/>
      </object_component>
      <object_component id="oc-7f">
         <name>.text:EUSCIA2_IRQHandler</name>
         <load_address>0x37b0</load_address>
         <run_address>0x37b0</run_address>
         <size>0x2c</size>
         <input_file_ref idref="fl-e"/>
      </object_component>
      <object_component id="oc-d1">
         <name>.text:Timer_A_clearCaptureCompareInterrupt</name>
         <load_address>0x37dc</load_address>
         <run_address>0x37dc</run_address>
         <size>0x2c</size>
         <input_file_ref idref="fl-26"/>
      </object_component>
      <object_component id="oc-1ac">
         <name>.text:clear_bluemessage</name>
         <load_address>0x3808</load_address>
         <run_address>0x3808</run_address>
         <size>0x2c</size>
         <input_file_ref idref="fl-2"/>
      </object_component>
      <object_component id="oc-28f">
         <name>.text:CS_getMCLK</name>
         <load_address>0x3834</load_address>
         <run_address>0x3834</run_address>
         <size>0x28</size>
         <input_file_ref idref="fl-22"/>
      </object_component>
      <object_component id="oc-79">
         <name>.text:EUSCIA1_IRQHandler</name>
         <load_address>0x385c</load_address>
         <run_address>0x385c</run_address>
         <size>0x28</size>
         <input_file_ref idref="fl-b"/>
      </object_component>
      <object_component id="oc-85">
         <name>.text:EUSCIA3_IRQHandler</name>
         <load_address>0x3884</load_address>
         <run_address>0x3884</run_address>
         <size>0x28</size>
         <input_file_ref idref="fl-4"/>
      </object_component>
      <object_component id="oc-2a2">
         <name>.text:GPIO_clearInterruptFlag</name>
         <load_address>0x38ac</load_address>
         <run_address>0x38ac</run_address>
         <size>0x28</size>
         <input_file_ref idref="fl-23"/>
      </object_component>
      <object_component id="oc-2b4">
         <name>.text:GPIO_enableInterrupt</name>
         <load_address>0x38d4</load_address>
         <run_address>0x38d4</run_address>
         <size>0x28</size>
         <input_file_ref idref="fl-23"/>
      </object_component>
      <object_component id="oc-194">
         <name>.text:GPIO_setOutputHighOnPin</name>
         <load_address>0x38fc</load_address>
         <run_address>0x38fc</run_address>
         <size>0x28</size>
         <input_file_ref idref="fl-23"/>
      </object_component>
      <object_component id="oc-18e">
         <name>.text:GPIO_setOutputLowOnPin</name>
         <load_address>0x3924</load_address>
         <run_address>0x3924</run_address>
         <size>0x28</size>
         <input_file_ref idref="fl-23"/>
      </object_component>
      <object_component id="oc-3be">
         <name>.text:I2C_Start</name>
         <load_address>0x394c</load_address>
         <run_address>0x394c</run_address>
         <size>0x24</size>
         <input_file_ref idref="fl-15"/>
      </object_component>
      <object_component id="oc-276">
         <name>.text:WDT_A_holdTimer</name>
         <load_address>0x3970</load_address>
         <run_address>0x3970</run_address>
         <size>0x24</size>
         <input_file_ref idref="fl-28"/>
      </object_component>
      <object_component id="oc-27c">
         <name>.text:CS_setExternalClockSourceFrequency</name>
         <load_address>0x3994</load_address>
         <run_address>0x3994</run_address>
         <size>0x20</size>
         <input_file_ref idref="fl-22"/>
      </object_component>
      <object_component id="oc-2df">
         <name>.text:I2C_SW_Configuration</name>
         <load_address>0x39b4</load_address>
         <run_address>0x39b4</run_address>
         <size>0x20</size>
         <input_file_ref idref="fl-15"/>
      </object_component>
      <object_component id="oc-73">
         <name>.text:TA3_0_IRQHandler</name>
         <load_address>0x39d4</load_address>
         <run_address>0x39d4</run_address>
         <size>0x20</size>
         <input_file_ref idref="fl-10"/>
      </object_component>
      <object_component id="oc-3d0">
         <name>.text:I2C_Stop</name>
         <load_address>0x39f4</load_address>
         <run_address>0x39f4</run_address>
         <size>0x1c</size>
         <input_file_ref idref="fl-15"/>
      </object_component>
      <object_component id="oc-3ca">
         <name>.text:I2C_WaitAck</name>
         <load_address>0x3a10</load_address>
         <run_address>0x3a10</run_address>
         <size>0x1c</size>
         <input_file_ref idref="fl-15"/>
      </object_component>
      <object_component id="oc-43">
         <name>.text:decompress:ZI:__TI_zero_init_nomemset:__TI_zero_init_nomemset</name>
         <load_address>0x3a2c</load_address>
         <run_address>0x3a2c</run_address>
         <size>0x1c</size>
         <input_file_ref idref="fl-e6"/>
      </object_component>
      <object_component id="oc-44d">
         <name>.text:SysCtl_A_disableNMISource</name>
         <load_address>0x3a48</load_address>
         <run_address>0x3a48</run_address>
         <size>0x18</size>
         <input_file_ref idref="fl-25"/>
      </object_component>
      <object_component id="oc-459">
         <name>.text:SysCtl_A_enableNMISource</name>
         <load_address>0x3a60</load_address>
         <run_address>0x3a60</run_address>
         <size>0x18</size>
         <input_file_ref idref="fl-25"/>
      </object_component>
      <object_component id="oc-d7">
         <name>.text:Timer_A_clearTimer</name>
         <load_address>0x3a78</load_address>
         <run_address>0x3a78</run_address>
         <size>0x18</size>
         <input_file_ref idref="fl-26"/>
      </object_component>
      <object_component id="oc-251">
         <name>.text:UART_getInterruptStatus</name>
         <load_address>0x3a90</load_address>
         <run_address>0x3a90</run_address>
         <size>0x18</size>
         <input_file_ref idref="fl-27"/>
      </object_component>
      <object_component id="oc-332">
         <name>.text:stop_the_car</name>
         <load_address>0x3aa8</load_address>
         <run_address>0x3aa8</run_address>
         <size>0x18</size>
         <input_file_ref idref="fl-c"/>
      </object_component>
      <object_component id="oc-3fb">
         <name>.text:until_fork</name>
         <load_address>0x3ac0</load_address>
         <run_address>0x3ac0</run_address>
         <size>0x18</size>
         <input_file_ref idref="fl-c"/>
      </object_component>
      <object_component id="oc-3ef">
         <name>.text:until_turn</name>
         <load_address>0x3ad8</load_address>
         <run_address>0x3ad8</run_address>
         <size>0x18</size>
         <input_file_ref idref="fl-c"/>
      </object_component>
      <object_component id="oc-2cf">
         <name>.text:Timer_A_startCounter</name>
         <load_address>0x3af0</load_address>
         <run_address>0x3af0</run_address>
         <size>0x16</size>
         <input_file_ref idref="fl-26"/>
      </object_component>
      <object_component id="oc-282">
         <name>.text:CS_startHFXT</name>
         <load_address>0x3b06</load_address>
         <run_address>0x3b06</run_address>
         <size>0x12</size>
         <input_file_ref idref="fl-22"/>
      </object_component>
      <object_component id="oc-2d5">
         <name>.text:Interrupt_enableMaster</name>
         <load_address>0x3b18</load_address>
         <run_address>0x3b18</run_address>
         <size>0x10</size>
         <input_file_ref idref="fl-24"/>
      </object_component>
      <object_component id="oc-447">
         <name>.text:SysCtl_A_getNMISourceStatus</name>
         <load_address>0x3b28</load_address>
         <run_address>0x3b28</run_address>
         <size>0x10</size>
         <input_file_ref idref="fl-25"/>
      </object_component>
      <object_component id="oc-288">
         <name>.text:CS_startLFXT</name>
         <load_address>0x3b38</load_address>
         <run_address>0x3b38</run_address>
         <size>0xe</size>
         <input_file_ref idref="fl-22"/>
      </object_component>
      <object_component id="oc-1d">
         <name>.text:decompress:none:__TI_decompress_none</name>
         <load_address>0x3b46</load_address>
         <run_address>0x3b46</run_address>
         <size>0xe</size>
         <input_file_ref idref="fl-e7"/>
      </object_component>
      <object_component id="oc-3b3">
         <name>.text:CPU_cpsie</name>
         <load_address>0x3b54</load_address>
         <run_address>0x3b54</run_address>
         <size>0xc</size>
         <input_file_ref idref="fl-29"/>
      </object_component>
      <object_component id="oc-140">
         <name>.text:KEY_Init</name>
         <load_address>0x3b60</load_address>
         <run_address>0x3b60</run_address>
         <size>0xc</size>
         <input_file_ref idref="fl-9"/>
      </object_component>
      <object_component id="oc-67">
         <name>.text:Reset_Handler</name>
         <load_address>0x3b6c</load_address>
         <run_address>0x3b6c</run_address>
         <size>0xc</size>
         <input_file_ref idref="fl-17"/>
      </object_component>
      <object_component id="oc-b1">
         <name>.text:_system_pre_init</name>
         <load_address>0x3b78</load_address>
         <run_address>0x3b78</run_address>
         <size>0x4</size>
         <input_file_ref idref="fl-ed"/>
      </object_component>
      <object_component id="oc-1e1">
         <name>.text:abort:abort</name>
         <load_address>0x3b7c</load_address>
         <run_address>0x3b7c</run_address>
         <size>0x4</size>
         <input_file_ref idref="fl-ef"/>
      </object_component>
      <object_component id="oc-498">
         <name>.const:asc2_1608</name>
         <load_address>0x3b80</load_address>
         <run_address>0x3b80</run_address>
         <size>0x5f0</size>
         <input_file_ref idref="fl-15"/>
      </object_component>
      <object_component id="oc-495">
         <name>.const:asc2_0806</name>
         <load_address>0x4170</load_address>
         <run_address>0x4170</run_address>
         <size>0x23a</size>
         <input_file_ref idref="fl-15"/>
      </object_component>
      <object_component id="oc-3a1">
         <name>.const:g_pulRegs</name>
         <load_address>0x43ac</load_address>
         <run_address>0x43ac</run_address>
         <size>0x50</size>
         <input_file_ref idref="fl-24"/>
      </object_component>
      <object_component id="oc-270">
         <name>.const:GPIO_PORT_TO_BASE</name>
         <load_address>0x43fc</load_address>
         <run_address>0x43fc</run_address>
         <size>0x30</size>
         <input_file_ref idref="fl-23"/>
      </object_component>
      <object_component id="oc-2f7">
         <name>.const:uartConfigBlue</name>
         <load_address>0x442c</load_address>
         <run_address>0x442c</run_address>
         <size>0x28</size>
         <input_file_ref idref="fl-4"/>
      </object_component>
      <object_component id="oc-2fb">
         <name>.const:uartConfigLaser</name>
         <load_address>0x4454</load_address>
         <run_address>0x4454</run_address>
         <size>0x28</size>
         <input_file_ref idref="fl-b"/>
      </object_component>
      <object_component id="oc-2f3">
         <name>.const:uartConfigOpen</name>
         <load_address>0x447c</load_address>
         <run_address>0x447c</run_address>
         <size>0x28</size>
         <input_file_ref idref="fl-e"/>
      </object_component>
      <object_component id="oc-2db">
         <name>.const:upConfig</name>
         <load_address>0x44a4</load_address>
         <run_address>0x44a4</run_address>
         <size>0x18</size>
         <input_file_ref idref="fl-16"/>
      </object_component>
      <object_component id="oc-3a6">
         <name>.const:g_pulEnRegs</name>
         <load_address>0x44bc</load_address>
         <run_address>0x44bc</run_address>
         <size>0x8</size>
         <input_file_ref idref="fl-24"/>
      </object_component>
      <object_component id="oc-589">
         <name>.cinit..data.load</name>
         <load_address>0x44c8</load_address>
         <run_address>0x44c8</run_address>
         <size>0x16</size>
      </object_component>
      <object_component id="oc-587">
         <name>__TI_handler_table</name>
         <load_address>0x44e0</load_address>
         <run_address>0x44e0</run_address>
         <size>0xc</size>
      </object_component>
      <object_component id="oc-58a">
         <name>.cinit..bss.load</name>
         <load_address>0x44f0</load_address>
         <run_address>0x44f0</run_address>
         <size>0x8</size>
      </object_component>
      <object_component id="oc-588">
         <name>__TI_cinit_table</name>
         <load_address>0x44f8</load_address>
         <run_address>0x44f8</run_address>
         <size>0x10</size>
      </object_component>
      <object_component id="oc-55b">
         <name>.binit</name>
         <load_address>0x0</load_address>
         <run_address>0x0</run_address>
         <size>0x0</size>
      </object_component>
      <object_component id="oc-1d7">
         <name>.data</name>
         <load_address>0x20000288</load_address>
         <run_address>0x20000288</run_address>
         <size>0x5</size>
         <input_file_ref idref="fl-2"/>
      </object_component>
      <object_component id="oc-26c">
         <name>.data</name>
         <load_address>0x2000028d</load_address>
         <run_address>0x2000028d</run_address>
         <size>0x1</size>
         <input_file_ref idref="fl-4"/>
      </object_component>
      <object_component id="oc-259">
         <name>.data</name>
         <load_address>0x20000295</load_address>
         <run_address>0x20000295</run_address>
         <size>0x2</size>
         <input_file_ref idref="fl-b"/>
      </object_component>
      <object_component id="oc-ff">
         <name>.data</name>
         <load_address>0x20000292</load_address>
         <run_address>0x20000292</run_address>
         <size>0x3</size>
         <input_file_ref idref="fl-e"/>
      </object_component>
      <object_component id="oc-50d">
         <name>.data</name>
         <load_address>0x20000270</load_address>
         <run_address>0x20000270</run_address>
         <size>0x10</size>
         <input_file_ref idref="fl-10"/>
      </object_component>
      <object_component id="oc-295">
         <name>.data</name>
         <load_address>0x2000028e</load_address>
         <run_address>0x2000028e</run_address>
         <size>0x4</size>
         <input_file_ref idref="fl-12"/>
      </object_component>
      <object_component id="oc-311">
         <name>.data</name>
         <load_address>0x20000280</load_address>
         <run_address>0x20000280</run_address>
         <size>0x8</size>
         <input_file_ref idref="fl-13"/>
      </object_component>
      <object_component id="oc-26b">
         <name>.bss:ucRxBuffer$1</name>
         <uninitialized>true</uninitialized>
         <run_address>0x20000000</run_address>
         <size>0xfc</size>
         <input_file_ref idref="fl-4"/>
      </object_component>
      <object_component id="oc-25a">
         <name>.bss:laser$1</name>
         <uninitialized>true</uninitialized>
         <run_address>0x20000218</run_address>
         <size>0x8</size>
         <input_file_ref idref="fl-b"/>
      </object_component>
      <object_component id="oc-264">
         <name>.bss:openmv$1</name>
         <uninitialized>true</uninitialized>
         <run_address>0x20000228</run_address>
         <size>0x8</size>
         <input_file_ref idref="fl-e"/>
      </object_component>
      <object_component id="oc-383">
         <name>.bss</name>
         <uninitialized>true</uninitialized>
         <run_address>0x20000220</run_address>
         <size>0x8</size>
         <input_file_ref idref="fl-22"/>
      </object_component>
      <object_component id="oc-341">
         <name>.common:time_count_flag</name>
         <uninitialized>true</uninitialized>
         <run_address>0x2000026c</run_address>
         <size>0x4</size>
      </object_component>
      <object_component id="oc-50c">
         <name>.common:mission_time_count</name>
         <uninitialized>true</uninitialized>
         <run_address>0x20000268</run_address>
         <size>0x4</size>
      </object_component>
      <object_component id="oc-1d3">
         <name>.common:pid_lb</name>
         <uninitialized>true</uninitialized>
         <run_address>0x20000120</run_address>
         <size>0x24</size>
      </object_component>
      <object_component id="oc-1d5">
         <name>.common:pid_rb</name>
         <uninitialized>true</uninitialized>
         <run_address>0x2000018c</run_address>
         <size>0x24</size>
      </object_component>
      <object_component id="oc-1d0">
         <name>.common:pid_lf</name>
         <uninitialized>true</uninitialized>
         <run_address>0x20000144</run_address>
         <size>0x24</size>
      </object_component>
      <object_component id="oc-1d4">
         <name>.common:pid_rf</name>
         <uninitialized>true</uninitialized>
         <run_address>0x200001b0</run_address>
         <size>0x24</size>
      </object_component>
      <object_component id="oc-1d6">
         <name>.common:pid_diff</name>
         <uninitialized>true</uninitialized>
         <run_address>0x200000fc</run_address>
         <size>0x24</size>
      </object_component>
      <object_component id="oc-30f">
         <name>.common:pid_pitch</name>
         <uninitialized>true</uninitialized>
         <run_address>0x20000168</run_address>
         <size>0x24</size>
      </object_component>
      <object_component id="oc-310">
         <name>.common:pid_yaw</name>
         <uninitialized>true</uninitialized>
         <run_address>0x200001d4</run_address>
         <size>0x24</size>
      </object_component>
      <object_component id="oc-1da">
         <name>.common:StateMachine</name>
         <uninitialized>true</uninitialized>
         <run_address>0x2000020c</run_address>
         <size>0xc</size>
      </object_component>
      <object_component id="oc-26d">
         <name>.common:BlueMessage</name>
         <uninitialized>true</uninitialized>
         <run_address>0x20000230</run_address>
         <size>0x8</size>
      </object_component>
      <object_component id="oc-114">
         <name>.common:encode_lb</name>
         <uninitialized>true</uninitialized>
         <run_address>0x20000258</run_address>
         <size>0x4</size>
      </object_component>
      <object_component id="oc-115">
         <name>.common:encode_rb</name>
         <uninitialized>true</uninitialized>
         <run_address>0x20000260</run_address>
         <size>0x4</size>
      </object_component>
      <object_component id="oc-110">
         <name>.common:encode_lf</name>
         <uninitialized>true</uninitialized>
         <run_address>0x2000025c</run_address>
         <size>0x4</size>
      </object_component>
      <object_component id="oc-113">
         <name>.common:encode_rf</name>
         <uninitialized>true</uninitialized>
         <run_address>0x20000264</run_address>
         <size>0x4</size>
      </object_component>
      <object_component id="oc-51e">
         <name>.common:encode_total</name>
         <uninitialized>true</uninitialized>
         <run_address>0x20000238</run_address>
         <size>0x8</size>
      </object_component>
      <object_component id="oc-4b3">
         <name>.common:dis_total</name>
         <uninitialized>true</uninitialized>
         <run_address>0x20000254</run_address>
         <size>0x4</size>
      </object_component>
      <object_component id="oc-25b">
         <name>.common:LaserMessage</name>
         <uninitialized>true</uninitialized>
         <run_address>0x20000245</run_address>
         <size>0x4</size>
      </object_component>
      <object_component id="oc-265">
         <name>.common:OpenmvMessage</name>
         <uninitialized>true</uninitialized>
         <run_address>0x20000240</run_address>
         <size>0x5</size>
      </object_component>
      <object_component id="oc-510">
         <name>.common:diff_speed</name>
         <uninitialized>true</uninitialized>
         <run_address>0x20000250</run_address>
         <size>0x4</size>
      </object_component>
      <object_component id="oc-dd">
         <name>.common:main_control_flag</name>
         <uninitialized>true</uninitialized>
         <run_address>0x20000249</run_address>
         <size>0x1</size>
      </object_component>
      <object_component id="oc-33e">
         <name>.common:basic_speed</name>
         <uninitialized>true</uninitialized>
         <run_address>0x2000024c</run_address>
         <size>0x4</size>
      </object_component>
      <object_component id="oc-535">
         <name>.common:set_speed</name>
         <uninitialized>true</uninitialized>
         <run_address>0x200001f8</run_address>
         <size>0x14</size>
      </object_component>
      <object_component id="oc-29">
         <name>.stack</name>
         <uninitialized>true</uninitialized>
         <run_address>0x2000fe00</run_address>
         <size>0x4</size>
         <input_file_ref idref="fl-e9"/>
      </object_component>
      <object_component id="oc-58c">
         <name>.stack</name>
         <uninitialized>true</uninitialized>
         <run_address>0x2000fe00</run_address>
         <size>0x0</size>
      </object_component>
      <object_component id="oc-1d1">
         <name>.debug_info</name>
         <load_address>0x0</load_address>
         <run_address>0x0</run_address>
         <size>0xcda</size>
         <input_file_ref idref="fl-2"/>
      </object_component>
      <object_component id="oc-1d8">
         <name>.debug_info</name>
         <load_address>0xcda</load_address>
         <run_address>0xcda</run_address>
         <size>0x17c</size>
         <input_file_ref idref="fl-2"/>
      </object_component>
      <object_component id="oc-b8">
         <name>.debug_info</name>
         <load_address>0xe56</load_address>
         <run_address>0xe56</run_address>
         <size>0x441</size>
         <input_file_ref idref="fl-2"/>
      </object_component>
      <object_component id="oc-1a7">
         <name>.debug_info</name>
         <load_address>0x1297</load_address>
         <run_address>0x1297</run_address>
         <size>0x177</size>
         <input_file_ref idref="fl-2"/>
      </object_component>
      <object_component id="oc-1a1">
         <name>.debug_info</name>
         <load_address>0x140e</load_address>
         <run_address>0x140e</run_address>
         <size>0x120</size>
         <input_file_ref idref="fl-2"/>
      </object_component>
      <object_component id="oc-1ad">
         <name>.debug_info</name>
         <load_address>0x152e</load_address>
         <run_address>0x152e</run_address>
         <size>0x11e</size>
         <input_file_ref idref="fl-2"/>
      </object_component>
      <object_component id="oc-19b">
         <name>.debug_info</name>
         <load_address>0x164c</load_address>
         <run_address>0x164c</run_address>
         <size>0x15e</size>
         <input_file_ref idref="fl-2"/>
      </object_component>
      <object_component id="oc-22e">
         <name>.debug_info</name>
         <load_address>0x17aa</load_address>
         <run_address>0x17aa</run_address>
         <size>0xea</size>
         <input_file_ref idref="fl-2"/>
      </object_component>
      <object_component id="oc-247">
         <name>.debug_info</name>
         <load_address>0x1894</load_address>
         <run_address>0x1894</run_address>
         <size>0x178</size>
         <input_file_ref idref="fl-2"/>
      </object_component>
      <object_component id="oc-347">
         <name>.debug_info</name>
         <load_address>0x1a0c</load_address>
         <run_address>0x1a0c</run_address>
         <size>0x86</size>
         <input_file_ref idref="fl-2"/>
      </object_component>
      <object_component id="oc-119">
         <name>.debug_info</name>
         <load_address>0x1a92</load_address>
         <run_address>0x1a92</run_address>
         <size>0x26b</size>
         <input_file_ref idref="fl-2"/>
      </object_component>
      <object_component id="oc-238">
         <name>.debug_info</name>
         <load_address>0x1cfd</load_address>
         <run_address>0x1cfd</run_address>
         <size>0x1028</size>
         <input_file_ref idref="fl-2"/>
      </object_component>
      <object_component id="oc-233">
         <name>.debug_info</name>
         <load_address>0x2d25</load_address>
         <run_address>0x2d25</run_address>
         <size>0x37e2</size>
         <input_file_ref idref="fl-2"/>
      </object_component>
      <object_component id="oc-242">
         <name>.debug_info</name>
         <load_address>0x6507</load_address>
         <run_address>0x6507</run_address>
         <size>0x9a</size>
         <input_file_ref idref="fl-2"/>
      </object_component>
      <object_component id="oc-23d">
         <name>.debug_info</name>
         <load_address>0x65a1</load_address>
         <run_address>0x65a1</run_address>
         <size>0x86</size>
         <input_file_ref idref="fl-2"/>
      </object_component>
      <object_component id="oc-2c2">
         <name>.debug_info</name>
         <load_address>0x6627</load_address>
         <run_address>0x6627</run_address>
         <size>0x341</size>
         <input_file_ref idref="fl-2"/>
      </object_component>
      <object_component id="oc-1dc">
         <name>.debug_info</name>
         <load_address>0x6968</load_address>
         <run_address>0x6968</run_address>
         <size>0x8b</size>
         <input_file_ref idref="fl-2"/>
      </object_component>
      <object_component id="oc-25f">
         <name>.debug_info</name>
         <load_address>0x69f3</load_address>
         <run_address>0x69f3</run_address>
         <size>0x2a4</size>
         <input_file_ref idref="fl-2"/>
      </object_component>
      <object_component id="oc-24c">
         <name>.debug_info</name>
         <load_address>0x6c97</load_address>
         <run_address>0x6c97</run_address>
         <size>0xef</size>
         <input_file_ref idref="fl-2"/>
      </object_component>
      <object_component id="oc-f4">
         <name>.debug_info</name>
         <load_address>0x6d86</load_address>
         <run_address>0x6d86</run_address>
         <size>0xbb</size>
         <input_file_ref idref="fl-2"/>
      </object_component>
      <object_component id="oc-376">
         <name>.debug_info</name>
         <load_address>0x6e41</load_address>
         <run_address>0x6e41</run_address>
         <size>0x102</size>
         <input_file_ref idref="fl-2"/>
      </object_component>
      <object_component id="oc-ca">
         <name>.debug_info</name>
         <load_address>0x6f43</load_address>
         <run_address>0x6f43</run_address>
         <size>0x13d</size>
         <input_file_ref idref="fl-3"/>
      </object_component>
      <object_component id="oc-32">
         <name>.debug_info</name>
         <load_address>0x7080</load_address>
         <run_address>0x7080</run_address>
         <size>0x84</size>
         <input_file_ref idref="fl-3"/>
      </object_component>
      <object_component id="oc-26f">
         <name>.debug_info</name>
         <load_address>0x7104</load_address>
         <run_address>0x7104</run_address>
         <size>0x66a</size>
         <input_file_ref idref="fl-4"/>
      </object_component>
      <object_component id="oc-2f8">
         <name>.debug_info</name>
         <load_address>0x776e</load_address>
         <run_address>0x776e</run_address>
         <size>0x102</size>
         <input_file_ref idref="fl-4"/>
      </object_component>
      <object_component id="oc-17d">
         <name>.debug_info</name>
         <load_address>0x7870</load_address>
         <run_address>0x7870</run_address>
         <size>0x18d</size>
         <input_file_ref idref="fl-4"/>
      </object_component>
      <object_component id="oc-104">
         <name>.debug_info</name>
         <load_address>0x79fd</load_address>
         <run_address>0x79fd</run_address>
         <size>0x1c9</size>
         <input_file_ref idref="fl-4"/>
      </object_component>
      <object_component id="oc-86">
         <name>.debug_info</name>
         <load_address>0x7bc6</load_address>
         <run_address>0x7bc6</run_address>
         <size>0x1e6</size>
         <input_file_ref idref="fl-4"/>
      </object_component>
      <object_component id="oc-327">
         <name>.debug_info</name>
         <load_address>0x7dac</load_address>
         <run_address>0x7dac</run_address>
         <size>0x1e0</size>
         <input_file_ref idref="fl-4"/>
      </object_component>
      <object_component id="oc-339">
         <name>.debug_info</name>
         <load_address>0x7f8c</load_address>
         <run_address>0x7f8c</run_address>
         <size>0x170</size>
         <input_file_ref idref="fl-4"/>
      </object_component>
      <object_component id="oc-513">
         <name>.debug_info</name>
         <load_address>0x80fc</load_address>
         <run_address>0x80fc</run_address>
         <size>0x1b9</size>
         <input_file_ref idref="fl-4"/>
      </object_component>
      <object_component id="oc-130">
         <name>.debug_info</name>
         <load_address>0x82b5</load_address>
         <run_address>0x82b5</run_address>
         <size>0x1df</size>
         <input_file_ref idref="fl-5"/>
      </object_component>
      <object_component id="oc-14f">
         <name>.debug_info</name>
         <load_address>0x8494</load_address>
         <run_address>0x8494</run_address>
         <size>0x5b8</size>
         <input_file_ref idref="fl-6"/>
      </object_component>
      <object_component id="oc-111">
         <name>.debug_info</name>
         <load_address>0x8a4c</load_address>
         <run_address>0x8a4c</run_address>
         <size>0x6e8</size>
         <input_file_ref idref="fl-7"/>
      </object_component>
      <object_component id="oc-4af">
         <name>.debug_info</name>
         <load_address>0x9134</load_address>
         <run_address>0x9134</run_address>
         <size>0x194</size>
         <input_file_ref idref="fl-7"/>
      </object_component>
      <object_component id="oc-403">
         <name>.debug_info</name>
         <load_address>0x92c8</load_address>
         <run_address>0x92c8</run_address>
         <size>0x1d5</size>
         <input_file_ref idref="fl-7"/>
      </object_component>
      <object_component id="oc-8d">
         <name>.debug_info</name>
         <load_address>0x949d</load_address>
         <run_address>0x949d</run_address>
         <size>0x250</size>
         <input_file_ref idref="fl-7"/>
      </object_component>
      <object_component id="oc-1b3">
         <name>.debug_info</name>
         <load_address>0x96ed</load_address>
         <run_address>0x96ed</run_address>
         <size>0x2ec</size>
         <input_file_ref idref="fl-8"/>
      </object_component>
      <object_component id="oc-143">
         <name>.debug_info</name>
         <load_address>0x99d9</load_address>
         <run_address>0x99d9</run_address>
         <size>0x14f</size>
         <input_file_ref idref="fl-9"/>
      </object_component>
      <object_component id="oc-1bb">
         <name>.debug_info</name>
         <load_address>0x9b28</load_address>
         <run_address>0x9b28</run_address>
         <size>0x1b8</size>
         <input_file_ref idref="fl-9"/>
      </object_component>
      <object_component id="oc-13b">
         <name>.debug_info</name>
         <load_address>0x9ce0</load_address>
         <run_address>0x9ce0</run_address>
         <size>0x238</size>
         <input_file_ref idref="fl-a"/>
      </object_component>
      <object_component id="oc-31f">
         <name>.debug_info</name>
         <load_address>0x9f18</load_address>
         <run_address>0x9f18</run_address>
         <size>0x23e</size>
         <input_file_ref idref="fl-a"/>
      </object_component>
      <object_component id="oc-25c">
         <name>.debug_info</name>
         <load_address>0xa156</load_address>
         <run_address>0xa156</run_address>
         <size>0x655</size>
         <input_file_ref idref="fl-b"/>
      </object_component>
      <object_component id="oc-2fc">
         <name>.debug_info</name>
         <load_address>0xa7ab</load_address>
         <run_address>0xa7ab</run_address>
         <size>0xfc</size>
         <input_file_ref idref="fl-b"/>
      </object_component>
      <object_component id="oc-183">
         <name>.debug_info</name>
         <load_address>0xa8a7</load_address>
         <run_address>0xa8a7</run_address>
         <size>0x16d</size>
         <input_file_ref idref="fl-b"/>
      </object_component>
      <object_component id="oc-ee">
         <name>.debug_info</name>
         <load_address>0xaa14</load_address>
         <run_address>0xaa14</run_address>
         <size>0x1c8</size>
         <input_file_ref idref="fl-b"/>
      </object_component>
      <object_component id="oc-7a">
         <name>.debug_info</name>
         <load_address>0xabdc</load_address>
         <run_address>0xabdc</run_address>
         <size>0x1c5</size>
         <input_file_ref idref="fl-b"/>
      </object_component>
      <object_component id="oc-1c0">
         <name>.debug_info</name>
         <load_address>0xada1</load_address>
         <run_address>0xada1</run_address>
         <size>0x1b9</size>
         <input_file_ref idref="fl-c"/>
      </object_component>
      <object_component id="oc-32d">
         <name>.debug_info</name>
         <load_address>0xaf5a</load_address>
         <run_address>0xaf5a</run_address>
         <size>0x26a</size>
         <input_file_ref idref="fl-c"/>
      </object_component>
      <object_component id="oc-3f0">
         <name>.debug_info</name>
         <load_address>0xb1c4</load_address>
         <run_address>0xb1c4</run_address>
         <size>0x156</size>
         <input_file_ref idref="fl-c"/>
      </object_component>
      <object_component id="oc-3fc">
         <name>.debug_info</name>
         <load_address>0xb31a</load_address>
         <run_address>0xb31a</run_address>
         <size>0x156</size>
         <input_file_ref idref="fl-c"/>
      </object_component>
      <object_component id="oc-333">
         <name>.debug_info</name>
         <load_address>0xb470</load_address>
         <run_address>0xb470</run_address>
         <size>0x158</size>
         <input_file_ref idref="fl-c"/>
      </object_component>
      <object_component id="oc-4a6">
         <name>.debug_info</name>
         <load_address>0xb5c8</load_address>
         <run_address>0xb5c8</run_address>
         <size>0x2fd</size>
         <input_file_ref idref="fl-c"/>
      </object_component>
      <object_component id="oc-3f6">
         <name>.debug_info</name>
         <load_address>0xb8c5</load_address>
         <run_address>0xb8c5</run_address>
         <size>0x1a4</size>
         <input_file_ref idref="fl-c"/>
      </object_component>
      <object_component id="oc-266">
         <name>.debug_info</name>
         <load_address>0xba69</load_address>
         <run_address>0xba69</run_address>
         <size>0x68d</size>
         <input_file_ref idref="fl-e"/>
      </object_component>
      <object_component id="oc-100">
         <name>.debug_info</name>
         <load_address>0xc0f6</load_address>
         <run_address>0xc0f6</run_address>
         <size>0xec</size>
         <input_file_ref idref="fl-e"/>
      </object_component>
      <object_component id="oc-2f4">
         <name>.debug_info</name>
         <load_address>0xc1e2</load_address>
         <run_address>0xc1e2</run_address>
         <size>0xfc</size>
         <input_file_ref idref="fl-e"/>
      </object_component>
      <object_component id="oc-177">
         <name>.debug_info</name>
         <load_address>0xc2de</load_address>
         <run_address>0xc2de</run_address>
         <size>0x175</size>
         <input_file_ref idref="fl-e"/>
      </object_component>
      <object_component id="oc-fa">
         <name>.debug_info</name>
         <load_address>0xc453</load_address>
         <run_address>0xc453</run_address>
         <size>0x1d2</size>
         <input_file_ref idref="fl-e"/>
      </object_component>
      <object_component id="oc-80">
         <name>.debug_info</name>
         <load_address>0xc625</load_address>
         <run_address>0xc625</run_address>
         <size>0x1b6</size>
         <input_file_ref idref="fl-e"/>
      </object_component>
      <object_component id="oc-300">
         <name>.debug_info</name>
         <load_address>0xc7db</load_address>
         <run_address>0xc7db</run_address>
         <size>0x55c</size>
         <input_file_ref idref="fl-f"/>
      </object_component>
      <object_component id="oc-189">
         <name>.debug_info</name>
         <load_address>0xcd37</load_address>
         <run_address>0xcd37</run_address>
         <size>0x225</size>
         <input_file_ref idref="fl-f"/>
      </object_component>
      <object_component id="oc-501">
         <name>.debug_info</name>
         <load_address>0xcf5c</load_address>
         <run_address>0xcf5c</run_address>
         <size>0x173</size>
         <input_file_ref idref="fl-f"/>
      </object_component>
      <object_component id="oc-de">
         <name>.debug_info</name>
         <load_address>0xd0cf</load_address>
         <run_address>0xd0cf</run_address>
         <size>0x95f</size>
         <input_file_ref idref="fl-10"/>
      </object_component>
      <object_component id="oc-50e">
         <name>.debug_info</name>
         <load_address>0xda2e</load_address>
         <run_address>0xda2e</run_address>
         <size>0x141</size>
         <input_file_ref idref="fl-10"/>
      </object_component>
      <object_component id="oc-49f">
         <name>.debug_info</name>
         <load_address>0xdb6f</load_address>
         <run_address>0xdb6f</run_address>
         <size>0x31d</size>
         <input_file_ref idref="fl-10"/>
      </object_component>
      <object_component id="oc-74">
         <name>.debug_info</name>
         <load_address>0xde8c</load_address>
         <run_address>0xde8c</run_address>
         <size>0x199</size>
         <input_file_ref idref="fl-10"/>
      </object_component>
      <object_component id="oc-296">
         <name>.debug_info</name>
         <load_address>0xe025</load_address>
         <run_address>0xe025</run_address>
         <size>0x105</size>
         <input_file_ref idref="fl-12"/>
      </object_component>
      <object_component id="oc-137">
         <name>.debug_info</name>
         <load_address>0xe12a</load_address>
         <run_address>0xe12a</run_address>
         <size>0x145</size>
         <input_file_ref idref="fl-12"/>
      </object_component>
      <object_component id="oc-1c5">
         <name>.debug_info</name>
         <load_address>0xe26f</load_address>
         <run_address>0xe26f</run_address>
         <size>0x161</size>
         <input_file_ref idref="fl-12"/>
      </object_component>
      <object_component id="oc-33f">
         <name>.debug_info</name>
         <load_address>0xe3d0</load_address>
         <run_address>0xe3d0</run_address>
         <size>0x6e3</size>
         <input_file_ref idref="fl-13"/>
      </object_component>
      <object_component id="oc-312">
         <name>.debug_info</name>
         <load_address>0xeab3</load_address>
         <run_address>0xeab3</run_address>
         <size>0x117</size>
         <input_file_ref idref="fl-13"/>
      </object_component>
      <object_component id="oc-4b8">
         <name>.debug_info</name>
         <load_address>0xebca</load_address>
         <run_address>0xebca</run_address>
         <size>0x1d9</size>
         <input_file_ref idref="fl-13"/>
      </object_component>
      <object_component id="oc-549">
         <name>.debug_info</name>
         <load_address>0xeda3</load_address>
         <run_address>0xeda3</run_address>
         <size>0x215</size>
         <input_file_ref idref="fl-13"/>
      </object_component>
      <object_component id="oc-40a">
         <name>.debug_info</name>
         <load_address>0xefb8</load_address>
         <run_address>0xefb8</run_address>
         <size>0x1ac</size>
         <input_file_ref idref="fl-13"/>
      </object_component>
      <object_component id="oc-1cc">
         <name>.debug_info</name>
         <load_address>0xf164</load_address>
         <run_address>0xf164</run_address>
         <size>0x170</size>
         <input_file_ref idref="fl-13"/>
      </object_component>
      <object_component id="oc-52b">
         <name>.debug_info</name>
         <load_address>0xf2d4</load_address>
         <run_address>0xf2d4</run_address>
         <size>0x29e</size>
         <input_file_ref idref="fl-13"/>
      </object_component>
      <object_component id="oc-531">
         <name>.debug_info</name>
         <load_address>0xf572</load_address>
         <run_address>0xf572</run_address>
         <size>0x2a0</size>
         <input_file_ref idref="fl-13"/>
      </object_component>
      <object_component id="oc-508">
         <name>.debug_info</name>
         <load_address>0xf812</load_address>
         <run_address>0xf812</run_address>
         <size>0x35f</size>
         <input_file_ref idref="fl-13"/>
      </object_component>
      <object_component id="oc-305">
         <name>.debug_info</name>
         <load_address>0xfb71</load_address>
         <run_address>0xfb71</run_address>
         <size>0x18f</size>
         <input_file_ref idref="fl-13"/>
      </object_component>
      <object_component id="oc-30b">
         <name>.debug_info</name>
         <load_address>0xfd00</load_address>
         <run_address>0xfd00</run_address>
         <size>0x18b</size>
         <input_file_ref idref="fl-13"/>
      </object_component>
      <object_component id="oc-3ec">
         <name>.debug_info</name>
         <load_address>0xfe8b</load_address>
         <run_address>0xfe8b</run_address>
         <size>0x5d7</size>
         <input_file_ref idref="fl-15"/>
      </object_component>
      <object_component id="oc-496">
         <name>.debug_info</name>
         <load_address>0x10462</load_address>
         <run_address>0x10462</run_address>
         <size>0xee</size>
         <input_file_ref idref="fl-15"/>
      </object_component>
      <object_component id="oc-499">
         <name>.debug_info</name>
         <load_address>0x10550</load_address>
         <run_address>0x10550</run_address>
         <size>0xee</size>
         <input_file_ref idref="fl-15"/>
      </object_component>
      <object_component id="oc-2e0">
         <name>.debug_info</name>
         <load_address>0x1063e</load_address>
         <run_address>0x1063e</run_address>
         <size>0x151</size>
         <input_file_ref idref="fl-15"/>
      </object_component>
      <object_component id="oc-3c0">
         <name>.debug_info</name>
         <load_address>0x1078f</load_address>
         <run_address>0x1078f</run_address>
         <size>0x12c</size>
         <input_file_ref idref="fl-15"/>
      </object_component>
      <object_component id="oc-3d1">
         <name>.debug_info</name>
         <load_address>0x108bb</load_address>
         <run_address>0x108bb</run_address>
         <size>0x12a</size>
         <input_file_ref idref="fl-15"/>
      </object_component>
      <object_component id="oc-3cc">
         <name>.debug_info</name>
         <load_address>0x109e5</load_address>
         <run_address>0x109e5</run_address>
         <size>0x130</size>
         <input_file_ref idref="fl-15"/>
      </object_component>
      <object_component id="oc-3c6">
         <name>.debug_info</name>
         <load_address>0x10b15</load_address>
         <run_address>0x10b15</run_address>
         <size>0x157</size>
         <input_file_ref idref="fl-15"/>
      </object_component>
      <object_component id="oc-2e7">
         <name>.debug_info</name>
         <load_address>0x10c6c</load_address>
         <run_address>0x10c6c</run_address>
         <size>0x209</size>
         <input_file_ref idref="fl-15"/>
      </object_component>
      <object_component id="oc-490">
         <name>.debug_info</name>
         <load_address>0x10e75</load_address>
         <run_address>0x10e75</run_address>
         <size>0x199</size>
         <input_file_ref idref="fl-15"/>
      </object_component>
      <object_component id="oc-171">
         <name>.debug_info</name>
         <load_address>0x1100e</load_address>
         <run_address>0x1100e</run_address>
         <size>0x192</size>
         <input_file_ref idref="fl-15"/>
      </object_component>
      <object_component id="oc-3e6">
         <name>.debug_info</name>
         <load_address>0x111a0</load_address>
         <run_address>0x111a0</run_address>
         <size>0x234</size>
         <input_file_ref idref="fl-15"/>
      </object_component>
      <object_component id="oc-319">
         <name>.debug_info</name>
         <load_address>0x113d4</load_address>
         <run_address>0x113d4</run_address>
         <size>0x1cf</size>
         <input_file_ref idref="fl-15"/>
      </object_component>
      <object_component id="oc-16b">
         <name>.debug_info</name>
         <load_address>0x115a3</load_address>
         <run_address>0x115a3</run_address>
         <size>0x36f</size>
         <input_file_ref idref="fl-15"/>
      </object_component>
      <object_component id="oc-3bc">
[...]
         <value>0x20000280</value>
         <object_component_ref idref="oc-311"/>
      </symbol>
      <symbol id="sm-489">
         <name>set_speed_back</name>
         <value>0xc41</value>
         <object_component_ref idref="oc-529"/>
      </symbol>
      <symbol id="sm-48a">
         <name>set_motor</name>
         <value>0x27e1</value>
         <object_component_ref idref="oc-547"/>
      </symbol>
      <symbol id="sm-48b">
         <name>set_speed_front</name>
         <value>0xdb9</value>
         <object_component_ref idref="oc-52f"/>
      </symbol>
      <symbol id="sm-48c">
         <name>pid_set</name>
         <value>0xab1</value>
         <object_component_ref idref="oc-506"/>
      </symbol>
      <symbol id="sm-48d">
         <name>motor_stop</name>
         <value>0x2e25</value>
         <object_component_ref idref="oc-408"/>
      </symbol>
      <symbol id="sm-48e">
         <name>motor_finish</name>
         <value>0x25b1</value>
         <object_component_ref idref="oc-1ca"/>
      </symbol>
      <symbol id="sm-48f">
         <name>yaw_angle</name>
         <value>0x20000284</value>
         <object_component_ref idref="oc-311"/>
      </symbol>
      <symbol id="sm-490">
         <name>set_yaw</name>
         <value>0x21ed</value>
         <object_component_ref idref="oc-309"/>
      </symbol>
      <symbol id="sm-491">
         <name>pwm_duty</name>
         <value>0x19dd</value>
         <object_component_ref idref="oc-4b5"/>
      </symbol>
      <symbol id="sm-492">
         <name>set_pitch</name>
         <value>0x2129</value>
         <object_component_ref idref="oc-303"/>
      </symbol>
      <symbol id="sm-525">
         <name>asc2_1608</name>
         <value>0x3b80</value>
         <object_component_ref idref="oc-498"/>
      </symbol>
      <symbol id="sm-526">
         <name>I2C_WaitAck</name>
         <value>0x3a11</value>
         <object_component_ref idref="oc-3ca"/>
      </symbol>
      <symbol id="sm-527">
         <name>OLED_WR_Byte</name>
         <value>0x342d</value>
         <object_component_ref idref="oc-2e5"/>
      </symbol>
      <symbol id="sm-528">
         <name>asc2_0806</name>
         <value>0x4170</value>
         <object_component_ref idref="oc-495"/>
      </symbol>
      <symbol id="sm-529">
         <name>OLED_Init</name>
         <value>0x1cd1</value>
         <object_component_ref idref="oc-16a"/>
      </symbol>
      <symbol id="sm-52a">
         <name>I2C_SW_Configuration</name>
         <value>0x39b5</value>
         <object_component_ref idref="oc-2df"/>
      </symbol>
      <symbol id="sm-52b">
         <name>OLED_ShowString</name>
         <value>0x2bb3</value>
         <object_component_ref idref="oc-318"/>
      </symbol>
      <symbol id="sm-52c">
         <name>OLED_ShowChar</name>
         <value>0x158d</value>
         <object_component_ref idref="oc-3e5"/>
      </symbol>
      <symbol id="sm-52d">
         <name>OLED_Clear</name>
         <value>0x2c1f</value>
         <object_component_ref idref="oc-170"/>
      </symbol>
      <symbol id="sm-52e">
         <name>I2C_Start</name>
         <value>0x394d</value>
         <object_component_ref idref="oc-3be"/>
      </symbol>
      <symbol id="sm-52f">
         <name>I2C_Stop</name>
         <value>0x39f5</value>
         <object_component_ref idref="oc-3d0"/>
      </symbol>
      <symbol id="sm-530">
         <name>Send_Byte</name>
         <value>0x2c89</value>
         <object_component_ref idref="oc-3c4"/>
      </symbol>
      <symbol id="sm-531">
         <name>OLED_Set_Pos</name>
         <value>0x356d</value>
         <object_component_ref idref="oc-48f"/>
      </symbol>
      <symbol id="sm-56b">
         <name>upConfig</name>
         <value>0x44a4</value>
         <object_component_ref idref="oc-2db"/>
      </symbol>
      <symbol id="sm-56c">
         <name>TA3_IT_INIT</name>
         <value>0x3655</value>
         <object_component_ref idref="oc-164"/>
      </symbol>
      <symbol id="sm-56d">
         <name>TimA0_Init</name>
         <value>0x23f1</value>
         <object_component_ref idref="oc-152"/>
      </symbol>
      <symbol id="sm-56e">
         <name>TimA1_Init</name>
         <value>0x251d</value>
         <object_component_ref idref="oc-158"/>
      </symbol>
      <symbol id="sm-56f">
         <name>TimA2_Init</name>
         <value>0x2ad5</value>
         <object_component_ref idref="oc-15e"/>
      </symbol>
      <symbol id="sm-58b">
         <name>Reset_Handler</name>
         <value>0x3b6d</value>
         <object_component_ref idref="oc-67"/>
      </symbol>
      <symbol id="sm-58c">
         <name>Default_Handler</name>
         <value>0x2867</value>
         <object_component_ref idref="oc-6d"/>
      </symbol>
      <symbol id="sm-58d">
         <name>interruptVectors</name>
         <value>0x0</value>
         <object_component_ref idref="oc-26"/>
      </symbol>
      <symbol id="sm-6a5">
         <name>CS_startLFXT</name>
         <value>0x3b39</value>
         <object_component_ref idref="oc-288"/>
      </symbol>
      <symbol id="sm-6a6">
         <name>CS_getMCLK</name>
         <value>0x3835</value>
         <object_component_ref idref="oc-28f"/>
      </symbol>
      <symbol id="sm-6a7">
         <name>CS_clearInterruptFlag</name>
         <value>0x36f1</value>
         <object_component_ref idref="oc-467"/>
      </symbol>
      <symbol id="sm-6a8">
         <name>CS_startHFXT</name>
         <value>0x3b07</value>
         <object_component_ref idref="oc-282"/>
      </symbol>
      <symbol id="sm-6a9">
         <name>CS_getDCOFrequency</name>
         <value>0x1bd9</value>
         <object_component_ref idref="oc-46d"/>
      </symbol>
      <symbol id="sm-6aa">
         <name>CS_setExternalClockSourceFrequency</name>
         <value>0x3995</value>
         <object_component_ref idref="oc-27c"/>
      </symbol>
      <symbol id="sm-6ab">
         <name>CS_startHFXTWithTimeout</name>
         <value>0x1dbd</value>
         <object_component_ref idref="oc-387"/>
      </symbol>
      <symbol id="sm-6ac">
         <name>CS_startLFXTWithTimeout</name>
         <value>0x1ea1</value>
         <object_component_ref idref="oc-38e"/>
      </symbol>
      <symbol id="sm-70c">
         <name>GPIO_setOutputHighOnPin</name>
         <value>0x38fd</value>
         <object_component_ref idref="oc-194"/>
      </symbol>
      <symbol id="sm-70d">
         <name>GPIO_setAsInputPinWithPullUpResistor</name>
         <value>0x30cd</value>
         <object_component_ref idref="oc-146"/>
      </symbol>
      <symbol id="sm-70e">
         <name>GPIO_enableInterrupt</name>
         <value>0x38d5</value>
         <object_component_ref idref="oc-2b4"/>
      </symbol>
      <symbol id="sm-70f">
         <name>GPIO_setAsOutputPin</name>
         <value>0x3471</value>
         <object_component_ref idref="oc-299"/>
      </symbol>
      <symbol id="sm-710">
         <name>GPIO_interruptEdgeSelect</name>
         <value>0x3531</value>
         <object_component_ref idref="oc-2a8"/>
      </symbol>
      <symbol id="sm-711">
         <name>GPIO_setOutputLowOnPin</name>
         <value>0x3925</value>
         <object_component_ref idref="oc-18e"/>
      </symbol>
      <symbol id="sm-712">
         <name>GPIO_clearInterruptFlag</name>
         <value>0x38ad</value>
         <object_component_ref idref="oc-2a2"/>
      </symbol>
      <symbol id="sm-713">
         <name>GPIO_getInputPinValue</name>
         <value>0x3721</value>
         <object_component_ref idref="oc-10a"/>
      </symbol>
      <symbol id="sm-74a">
         <name>Interrupt_setPriority</name>
         <value>0x31d5</value>
         <object_component_ref idref="oc-2ae"/>
      </symbol>
      <symbol id="sm-74b">
         <name>Interrupt_enableMaster</name>
         <value>0x3b19</value>
         <object_component_ref idref="oc-2d5"/>
      </symbol>
      <symbol id="sm-74c">
         <name>Interrupt_enableInterrupt</name>
         <value>0x2869</value>
         <object_component_ref idref="oc-2ba"/>
      </symbol>
      <symbol id="sm-780">
         <name>SysCtl_A_enableNMISource</name>
         <value>0x3a61</value>
         <object_component_ref idref="oc-459"/>
      </symbol>
      <symbol id="sm-781">
         <name>SysCtl_A_getTLVInfo</name>
         <value>0x2489</value>
         <object_component_ref idref="oc-4d8"/>
      </symbol>
      <symbol id="sm-782">
         <name>SysCtl_A_getNMISourceStatus</name>
         <value>0x3b29</value>
         <object_component_ref idref="oc-447"/>
      </symbol>
      <symbol id="sm-783">
         <name>SysCtl_A_disableNMISource</name>
         <value>0x3a49</value>
         <object_component_ref idref="oc-44d"/>
      </symbol>
      <symbol id="sm-7cd">
         <name>Timer_A_clearCaptureCompareInterrupt</name>
         <value>0x37dd</value>
         <object_component_ref idref="oc-d1"/>
      </symbol>
      <symbol id="sm-7ce">
         <name>Timer_A_startCounter</name>
         <value>0x3af1</value>
         <object_component_ref idref="oc-2cf"/>
      </symbol>
      <symbol id="sm-7cf">
         <name>Timer_A_clearTimer</name>
         <value>0x3a79</value>
         <object_component_ref idref="oc-d7"/>
      </symbol>
      <symbol id="sm-7d0">
         <name>Timer_A_configureUpMode</name>
         <value>0x2cf1</value>
         <object_component_ref idref="oc-2c9"/>
      </symbol>
      <symbol id="sm-815">
         <name>UART_receiveData</name>
         <value>0x3751</value>
         <object_component_ref idref="oc-e7"/>
      </symbol>
      <symbol id="sm-816">
         <name>UART_getEnabledInterruptStatus</name>
         <value>0x2dc1</value>
         <object_component_ref idref="oc-e1"/>
      </symbol>
      <symbol id="sm-817">
         <name>UART_getInterruptStatus</name>
         <value>0x3a91</value>
         <object_component_ref idref="oc-251"/>
      </symbol>
      <symbol id="sm-818">
         <name>UART_initModule</name>
         <value>0x16ad</value>
         <object_component_ref idref="oc-2ed"/>
      </symbol>
      <symbol id="sm-824">
         <name>WDT_A_holdTimer</name>
         <value>0x3971</value>
         <object_component_ref idref="oc-276"/>
      </symbol>
      <symbol id="sm-82e">
         <name>CPU_cpsie</name>
         <value>0x3b55</value>
         <object_component_ref idref="oc-3b3"/>
      </symbol>
      <symbol id="sm-850">
         <name>__aeabi_cdcmpeq</name>
         <value>0x26d5</value>
         <object_component_ref idref="oc-542"/>
      </symbol>
      <symbol id="sm-851">
         <name>__aeabi_cdcmple</name>
         <value>0x26d5</value>
         <object_component_ref idref="oc-542"/>
      </symbol>
      <symbol id="sm-852">
         <name>__aeabi_cdrcmple</name>
         <value>0x275b</value>
         <object_component_ref idref="oc-54d"/>
      </symbol>
      <symbol id="sm-866">
         <name>__aeabi_ddiv</name>
         <value>0x1325</value>
         <object_component_ref idref="oc-4f6"/>
      </symbol>
      <symbol id="sm-871">
         <name>__aeabi_dmul</name>
         <value>0x1add</value>
         <object_component_ref idref="oc-4f1"/>
      </symbol>
      <symbol id="sm-87d">
         <name>__aeabi_d2f</name>
         <value>0x2b45</value>
         <object_component_ref idref="oc-4fb"/>
      </symbol>
      <symbol id="sm-888">
         <name>__aeabi_f2d</name>
         <value>0x361d</value>
         <object_component_ref idref="oc-53d"/>
      </symbol>
      <symbol id="sm-892">
         <name>__aeabi_i2d</name>
         <value>0x3781</value>
         <object_component_ref idref="oc-4ec"/>
      </symbol>
      <symbol id="sm-89c">
         <name>__aeabi_l2d</name>
         <value>0x34b1</value>
         <object_component_ref idref="oc-519"/>
      </symbol>
      <symbol id="sm-8b5">
         <name>__TI_zero_init_nomemset</name>
         <value>0x3a2d</value>
         <object_component_ref idref="oc-43"/>
      </symbol>
      <symbol id="sm-8cc">
         <name>__TI_decompress_none</name>
         <value>0x3b47</value>
         <object_component_ref idref="oc-1d"/>
      </symbol>
      <symbol id="sm-8ef">
         <name>__TI_decompress_lzss</name>
         <value>0x2d59</value>
         <object_component_ref idref="oc-17"/>
      </symbol>
      <symbol id="sm-902">
         <name>__stack</name>
         <value>0x2000fe00</value>
         <object_component_ref idref="oc-29"/>
      </symbol>
      <symbol id="sm-903">
         <name>_c_int00_noargs</name>
         <value>0x3689</value>
         <object_component_ref idref="oc-55"/>
      </symbol>
      <symbol id="sm-91e">
         <name>memcpy</name>
         <value>0x2355</value>
         <object_component_ref idref="oc-37"/>
      </symbol>
      <symbol id="sm-91f">
         <name>__aeabi_memcpy</name>
         <value>0x2355</value>
         <object_component_ref idref="oc-37"/>
      </symbol>
      <symbol id="sm-920">
         <name>__aeabi_memcpy8</name>
         <value>0x2355</value>
         <object_component_ref idref="oc-37"/>
      </symbol>
      <symbol id="sm-921">
         <name>__aeabi_memcpy4</name>
         <value>0x2355</value>
         <object_component_ref idref="oc-37"/>
      </symbol>
      <symbol id="sm-94a">
         <name>__TI_auto_init_nobinit_nopinit</name>
         <value>0x3361</value>
         <object_component_ref idref="oc-1ed"/>
      </symbol>
      <symbol id="sm-954">
         <name>_system_pre_init</name>
         <value>0x3b79</value>
         <object_component_ref idref="oc-b1"/>
      </symbol>
      <symbol id="sm-960">
         <name>C$$EXIT</name>
         <value>0x3b7d</value>
         <object_component_ref idref="oc-1e1"/>
      </symbol>
      <symbol id="sm-961">
         <name>abort</name>
         <value>0x3b7d</value>
         <object_component_ref idref="oc-1e1"/>
      </symbol>
      <symbol id="sm-964">
         <name>__TI_static_base__</name>
         <value>0x0</value>
      </symbol>
      <symbol id="sm-967">
         <name>__mpu_init</name>
         <value>0x0</value>
      </symbol>
      <symbol id="sm-968">
         <name>_system_post_cinit</name>
         <value>0x0</value>
      </symbol>
      <symbol id="sm-969">
         <name>NMI_Handler</name>
         <value>0x2867</value>
      </symbol>
      <symbol id="sm-96a">
         <name>HardFault_Handler</name>
         <value>0x2867</value>
      </symbol>
      <symbol id="sm-96b">
         <name>MemManage_Handler</name>
         <value>0x2867</value>
      </symbol>
      <symbol id="sm-96c">
         <name>BusFault_Handler</name>
         <value>0x2867</value>
      </symbol>
      <symbol id="sm-96d">
         <name>UsageFault_Handler</name>
         <value>0x2867</value>
      </symbol>
      <symbol id="sm-96e">
         <name>SVC_Handler</name>
         <value>0x2867</value>
      </symbol>
      <symbol id="sm-96f">
         <name>DebugMon_Handler</name>
         <value>0x2867</value>
      </symbol>
      <symbol id="sm-970">
         <name>PendSV_Handler</name>
         <value>0x2867</value>
      </symbol>
      <symbol id="sm-971">
         <name>SysTick_Handler</name>
         <value>0x2867</value>
      </symbol>
      <symbol id="sm-972">
         <name>PSS_IRQHandler</name>
         <value>0x2867</value>
      </symbol>
      <symbol id="sm-973">
         <name>CS_IRQHandler</name>
         <value>0x2867</value>
      </symbol>
      <symbol id="sm-974">
         <name>PCM_IRQHandler</name>
         <value>0x2867</value>
      </symbol>
      <symbol id="sm-975">
         <name>WDT_A_IRQHandler</name>
         <value>0x2867</value>
      </symbol>
      <symbol id="sm-976">
         <name>FPU_IRQHandler</name>
         <value>0x2867</value>
      </symbol>
      <symbol id="sm-977">
         <name>FLCTL_IRQHandler</name>
         <value>0x2867</value>
      </symbol>
      <symbol id="sm-978">
         <name>COMP_E0_IRQHandler</name>
         <value>0x2867</value>
      </symbol>
      <symbol id="sm-979">
         <name>COMP_E1_IRQHandler</name>
         <value>0x2867</value>
      </symbol>
      <symbol id="sm-97a">
         <name>TA0_0_IRQHandler</name>
         <value>0x2867</value>
      </symbol>
      <symbol id="sm-97b">
         <name>TA0_N_IRQHandler</name>
         <value>0x2867</value>
      </symbol>
      <symbol id="sm-97c">
         <name>TA1_0_IRQHandler</name>
         <value>0x2867</value>
      </symbol>
      <symbol id="sm-97d">
         <name>TA1_N_IRQHandler</name>
         <value>0x2867</value>
      </symbol>
      <symbol id="sm-97e">
         <name>TA2_0_IRQHandler</name>
         <value>0x2867</value>
      </symbol>
      <symbol id="sm-97f">
         <name>TA2_N_IRQHandler</name>
         <value>0x2867</value>
      </symbol>
      <symbol id="sm-980">
         <name>TA3_0_IRQHandler</name>
         <value>0x39d5</value>
      </symbol>
      <symbol id="sm-981">
         <name>TA3_N_IRQHandler</name>
         <value>0x2867</value>
      </symbol>
      <symbol id="sm-982">
         <name>EUSCIA0_IRQHandler</name>
         <value>0x2867</value>
      </symbol>
      <symbol id="sm-983">
         <name>EUSCIA1_IRQHandler</name>
         <value>0x385d</value>
      </symbol>
      <symbol id="sm-984">
         <name>EUSCIA2_IRQHandler</name>
         <value>0x37b1</value>
      </symbol>
      <symbol id="sm-985">
         <name>EUSCIA3_IRQHandler</name>
         <value>0x3885</value>
      </symbol>
      <symbol id="sm-986">
         <name>EUSCIB0_IRQHandler</name>
         <value>0x2867</value>
      </symbol>
      <symbol id="sm-987">
         <name>EUSCIB1_IRQHandler</name>
         <value>0x2867</value>
      </symbol>
      <symbol id="sm-988">
         <name>EUSCIB2_IRQHandler</name>
         <value>0x2867</value>
      </symbol>
      <symbol id="sm-989">
         <name>EUSCIB3_IRQHandler</name>
         <value>0x2867</value>
      </symbol>
      <symbol id="sm-98a">
         <name>ADC14_IRQHandler</name>
         <value>0x2867</value>
      </symbol>
      <symbol id="sm-98b">
         <name>T32_INT1_IRQHandler</name>
         <value>0x2867</value>
      </symbol>
      <symbol id="sm-98c">
         <name>T32_INT2_IRQHandler</name>
         <value>0x2867</value>
      </symbol>
      <symbol id="sm-98d">
         <name>T32_INTC_IRQHandler</name>
         <value>0x2867</value>
      </symbol>
      <symbol id="sm-98e">
         <name>AES256_IRQHandler</name>
         <value>0x2867</value>
      </symbol>
      <symbol id="sm-98f">
         <name>RTC_C_IRQHandler</name>
         <value>0x2867</value>
      </symbol>
      <symbol id="sm-990">
         <name>DMA_ERR_IRQHandler</name>
         <value>0x2867</value>
      </symbol>
      <symbol id="sm-991">
         <name>DMA_INT3_IRQHandler</name>
         <value>0x2867</value>
      </symbol>
      <symbol id="sm-992">
         <name>DMA_INT2_IRQHandler</name>
         <value>0x2867</value>
      </symbol>
      <symbol id="sm-993">
         <name>DMA_INT1_IRQHandler</name>
         <value>0x2867</value>
      </symbol>
      <symbol id="sm-994">
         <name>DMA_INT0_IRQHandler</name>
         <value>0x2867</value>
      </symbol>
      <symbol id="sm-995">
         <name>PORT1_IRQHandler</name>
         <value>0x2867</value>
      </symbol>
      <symbol id="sm-996">
         <name>PORT2_IRQHandler</name>
         <value>0x2867</value>
      </symbol>
      <symbol id="sm-997">
         <name>PORT3_IRQHandler</name>
         <value>0x2867</value>
      </symbol>
      <symbol id="sm-998">
         <name>PORT4_IRQHandler</name>
         <value>0x1095</value>
      </symbol>
      <symbol id="sm-999">
         <name>PORT5_IRQHandler</name>
         <value>0x2867</value>
      </symbol>
      <symbol id="sm-99a">
         <name>PORT6_IRQHandler</name>
         <value>0x2867</value>
      </symbol>
   </symbol_table>
   <title>Link successful</title>
</link_info>
