******************************************************************************
                  TI ARM Linker PC v20.2.7                     
******************************************************************************
>> Linked Sat Aug  5 20:17:38 2023

OUTPUT FILE NAME:   <project5_red.out>
ENTRY POINT SYMBOL: "_c_int00_noargs"  address: 00002f21


MEMORY CONFIGURATION

         name            origin    length      used     unused   attr    fill
----------------------  --------  ---------  --------  --------  ----  --------
  MAIN                  00000000   00040000  000033f8  0003cc08  R  X
  INFO                  00200000   00004000  00000000  00004000  R  X
  SRAM_CODE             01000000   00010000  00000305  0000fcfb  RW X
  SRAM_DATA             20000000   00010000  00000305  0000fcfb  RW  


SEGMENT ALLOCATION MAP

run origin  load origin   length   init length attrs members
----------  ----------- ---------- ----------- ----- -------
00000000    00000000    000033f8   000033f8    r-x
  00000000    00000000    000000e4   000000e4    r-- .intvecs
  000000e4    000000e4    000031d4   000031d4    r-x .text
  000032b8    000032b8    00000110   00000110    r-- .const
  000033c8    000033c8    00000030   00000030    r-- .cinit
20000000    20000000    00000108   00000000    rw-
  20000000    20000000    000000b1   00000000    rw- .bss
  200000b4    200000b4    00000054   00000000    rw- .data
2000fe00    2000fe00    00000200   00000000    rw-
  2000fe00    2000fe00    00000200   00000000    rw- .stack


SECTION ALLOCATION MAP

 output                                  attributes/
section   page    origin      length       input sections
--------  ----  ----------  ----------   ----------------
.intvecs   0    00000000    000000e4     
                  00000000    000000e4     startup_msp432p401r_ccs.obj (.intvecs:retain)

.text      0    000000e4    000031d4     
                  000000e4    0000034c     task_decision.obj (.text:start_to_target)
                  00000430    000002ec     rtsv7M4_T_le_v4SPD16_eabi.lib : s_atan.c.obj (.text:atan)
                  0000071c    00000214     openmv.obj (.text:Openmv_Receive_Data)
                  00000930    000001b8     task_decision.obj (.text:task_4)
                  00000ae8    000001b6     rtsv7M4_T_le_v4SPD16_eabi.lib : fd_add_t2.asm.obj (.text)
                  00000c9e    00000002     startup_msp432p401r_ccs.obj (.text:Default_Handler)
                  00000ca0    00000198     keyboard.obj (.text:PORT4_IRQHandler)
                  00000e38    00000194     laser.obj (.text:Laser_Receive_Data)
                  00000fcc    00000144     msp432p4xx_driverlib.lib : timer_a.o (.text:privateTimer_AProcessClockSourceDivider)
                  00001110    00000136     rtsv7M4_T_le_v4SPD16_eabi.lib : fd_div_t2.asm.obj (.text)
                  00001246    00000002     --HOLE-- [fill = 0]
                  00001248    00000134     task_decision.obj (.text:task_2)
                  0000137c    0000011c     msp432p4xx_driverlib.lib : uart.o (.text:UART_initModule)
                  00001498    00000104                              : cs.o (.text:_CSComputeCLKFrequency)
                  0000159c    00000100     main.obj (.text:main)
                  0000169c    000000fc     rtsv7M4_T_le_v4SPD16_eabi.lib : fd_mul_t2.asm.obj (.text)
                  00001798    000000f8     msp432p4xx_driverlib.lib : cs.o (.text:CS_getDCOFrequency)
                  00001890    000000e4                              : cs.o (.text:CS_startHFXTWithTimeout)
                  00001974    000000e4     motor.obj (.text:set_pulse_pitch)
                  00001a58    000000e4     motor.obj (.text:set_pulse_yaw)
                  00001b3c    000000e0     msp432p4xx_driverlib.lib : cs.o (.text:CS_startLFXTWithTimeout)
                  00001c1c    000000dc                              : cs.o (.text:_CSGetHFXTFrequency)
                  00001cf8    000000cc     clock.obj (.text:CLOCK_Init)
                  00001dc4    000000c4     task_control.obj (.text:main_control)
                  00001e88    000000c4     motor.obj (.text:set_pitch)
                  00001f4c    000000c4     motor.obj (.text:set_yaw)
                  00002010    000000be     infoprint.obj (.text:info_print_mainmenu)
                  000020ce    00000002     --HOLE-- [fill = 0]
                  000020d0    000000b4     keyboard.obj (.text:KeyboardInit)
                  00002184    000000a8     motor.obj (.text:set_steering)
                  0000222c    000000a0     task_decision.obj (.text:task_1)
                  000022cc    0000009c     task_decision.obj (.text:current_to_next)
                  00002368    0000009c     rtsv7M4_T_le_v4SPD16_eabi.lib : memcpy_t2.asm.obj (.text)
                  00002404    00000094     msp432p4xx_driverlib.lib : sysctl_a.o (.text:SysCtl_A_getTLVInfo)
                  00002498    00000086     rtsv7M4_T_le_v4SPD16_eabi.lib : fd_cmp_t2.asm.obj (.text:__aeabi_cdrcmple)
                  0000251e    00000002     --HOLE-- [fill = 0]
                  00002520    00000084     task_decision.obj (.text:go_to_point)
                  000025a4    00000080     msp432p4xx_driverlib.lib : interrupt.o (.text:Interrupt_enableInterrupt)
                  00002624    0000007c                              : cs.o (.text:_CSGetDOCFrequency)
                  000026a0    00000078     system_msp432p401r.obj (.text:SystemInit)
                  00002718    00000070     timer.obj (.text:TimA2_Init)
                  00002788    0000006e     rtsv7M4_T_le_v4SPD16_eabi.lib : fd_tos_t2.asm.obj (.text)
                  000027f6    00000002     --HOLE-- [fill = 0]
                  000027f8    00000068     msp432p4xx_driverlib.lib : timer_a.o (.text:Timer_A_configureUpMode)
                  00002860    00000068     rtsv7M4_T_le_v4SPD16_eabi.lib : copy_decompress_lzss.c.obj (.text:decompress:lzss:__TI_decompress_lzss)
                  000028c8    00000068     openmv.obj (.text:update_rect)
                  00002930    00000064     msp432p4xx_driverlib.lib : uart.o (.text:UART_getEnabledInterruptStatus)
                  00002994    00000064     pid.obj (.text:pid_initialize)
                  000029f8    00000064     main.obj (.text:steering_init)
                  00002a5c    00000062     msp432p4xx_driverlib.lib : cs.o (.text:_CSGetDividerValue)
                  00002abe    00000002     --HOLE-- [fill = 0]
                  00002ac0    00000060     openmv.obj (.text:Openmv_Init)
                  00002b20    0000005c     delay.obj (.text:delay_ms)
                  00002b7c    00000058     msp432p4xx_driverlib.lib : gpio.o (.text:GPIO_setAsInputPinWithPullUpResistor)
                  00002bd4    00000058     led.obj (.text:LED2_RGB)
                  00002c2c    00000058     delay.obj (.text:delay_us)
                  00002c84    00000058     task_decision.obj (.text:point_to_angle)
                  00002cdc    0000004c     led.obj (.text:LED_Init)
                  00002d28    00000046     key.obj (.text:KEY_Input)
                  00002d6e    00000002     --HOLE-- [fill = 0]
                  00002d70    00000044     rtsv7M4_T_le_v4SPD16_eabi.lib : autoinit.c.obj (.text:__TI_auto_init_nobinit_nopinit:__TI_auto_init_nobinit_nopinit)
                  00002db4    00000044     main.obj (.text:clear_statemachine)
                  00002df8    00000040     msp432p4xx_driverlib.lib : gpio.o (.text:GPIO_setAsOutputPin)
                  00002e38    00000040     motor.obj (.text:pulse_steering)
                  00002e78    0000003c     delay.obj (.text:delay_init)
                  00002eb4    00000038     rtsv7M4_T_le_v4SPD16_eabi.lib : fs_tod_t2.asm.obj (.text)
                  00002eec    00000034     timer.obj (.text:TA3_IT_INIT)
                  00002f20    00000034     rtsv7M4_T_le_v4SPD16_eabi.lib : boot_cortex_m.c.obj (.text:_c_int00_noargs:_c_int00_noargs)
                  00002f54    00000034     main.obj (.text:clear_openmvmessage)
                  00002f88    00000030     msp432p4xx_driverlib.lib : cs.o (.text:CS_clearInterruptFlag)
                  00002fb8    00000030                              : gpio.o (.text:GPIO_getInputPinValue)
                  00002fe8    00000030                              : uart.o (.text:UART_receiveData)
                  00003018    0000002c     openmv.obj (.text:EUSCIA2_IRQHandler)
                  00003044    0000002c     msp432p4xx_driverlib.lib : timer_a.o (.text:Timer_A_clearCaptureCompareInterrupt)
                  00003070    00000028                              : cs.o (.text:CS_getMCLK)
                  00003098    00000028     laser.obj (.text:EUSCIA1_IRQHandler)
                  000030c0    00000028     msp432p4xx_driverlib.lib : gpio.o (.text:GPIO_setOutputHighOnPin)
                  000030e8    00000028                              : gpio.o (.text:GPIO_setOutputLowOnPin)
                  00003110    00000024                              : wdt_a.o (.text:WDT_A_holdTimer)
                  00003134    00000024     motor.obj (.text:step_motor_init)
                  00003158    00000020     msp432p4xx_driverlib.lib : cs.o (.text:CS_setExternalClockSourceFrequency)
                  00003178    00000020     task_control.obj (.text:TA3_0_IRQHandler)
                  00003198    0000001c     rtsv7M4_T_le_v4SPD16_eabi.lib : copy_zero_init.c.obj (.text:decompress:ZI:__TI_zero_init_nomemset:__TI_zero_init_nomemset)
                  000031b4    00000018     msp432p4xx_driverlib.lib : sysctl_a.o (.text:SysCtl_A_disableNMISource)
                  000031cc    00000018                              : sysctl_a.o (.text:SysCtl_A_enableNMISource)
                  000031e4    00000018                              : timer_a.o (.text:Timer_A_clearTimer)
                  000031fc    00000018                              : uart.o (.text:UART_getInterruptStatus)
                  00003214    00000016                              : timer_a.o (.text:Timer_A_startCounter)
                  0000322a    00000012                              : cs.o (.text:CS_startHFXT)
                  0000323c    00000010                              : interrupt.o (.text:Interrupt_enableMaster)
                  0000324c    00000010                              : sysctl_a.o (.text:SysCtl_A_getNMISourceStatus)
                  0000325c    0000000e                              : cs.o (.text:CS_startLFXT)
                  0000326a    0000000e     rtsv7M4_T_le_v4SPD16_eabi.lib : copy_decompress_none.c.obj (.text:decompress:none:__TI_decompress_none)
                  00003278    0000000c     msp432p4xx_driverlib.lib : cpu.o (.text:CPU_cpsie)
                  00003284    0000000c     keyboard.obj (.text:GetKey)
                  00003290    0000000c     key.obj (.text:KEY_Init)
                  0000329c    0000000c     startup_msp432p401r_ccs.obj (.text:Reset_Handler)
                  000032a8    00000008     task_decision.obj (.text:task_3)
                  000032b0    00000004     rtsv7M4_T_le_v4SPD16_eabi.lib : pre_init.c.obj (.text:_system_pre_init)
                  000032b4    00000004                                   : exit.c.obj (.text:abort:abort)

.const     0    000032b8    00000110     
                  000032b8    00000098     rtsv7M4_T_le_v4SPD16_eabi.lib : s_atan.c.obj (.const:$O1$$)
                  00003350    00000030     msp432p4xx_driverlib.lib : gpio.o (.const:GPIO_PORT_TO_BASE)
                  00003380    00000028     openmv.obj (.const:uartConfigOpen)
                  000033a8    00000018     timer.obj (.const:upConfig)
                  000033c0    00000008     msp432p4xx_driverlib.lib : interrupt.o (.const:g_pulEnRegs)

.cinit     0    000033c8    00000030     
                  000033c8    0000000c     (__TI_handler_table)
                  000033d4    0000000b     (.cinit..data.load) [load image, compression = lzss]
                  000033df    00000001     --HOLE-- [fill = 0]
                  000033e0    00000008     (.cinit..bss.load) [load image, compression = zero_init]
                  000033e8    00000010     (__TI_cinit_table)

.init_array 
*          0    00000000    00000000     UNINITIALIZED

.binit     0    00000000    00000000     

.bss       0    20000000    000000b1     UNINITIALIZED
                  20000000    00000024     (.common:pid_pitch)
                  20000024    00000024     (.common:pid_yaw)
                  20000048    00000020     (.common:OpenmvMessage)
                  20000068    00000010     (.common:StateMachine)
                  20000078    0000000c     openmv.obj (.bss:openmv$1)
                  20000084    00000008     laser.obj (.bss:laser$1)
                  2000008c    00000008     msp432p4xx_driverlib.lib : cs.o (.bss)
                  20000094    00000008     (.common:rect_x)
                  2000009c    00000008     (.common:rect_y)
                  200000a4    00000004     (.common:LaserMessage)
                  200000a8    00000004     (.common:mission_time_count)
                  200000ac    00000004     (.common:time_count_flag)
                  200000b0    00000001     (.common:main_control_flag)

.data      0    200000b4    00000054     UNINITIALIZED
                  200000b4    0000002c     task_decision.obj (.data)
                  200000e0    0000000e     task_control.obj (.data)
                  200000ee    00000002     laser.obj (.data)
                  200000f0    0000000c     motor.obj (.data)
                  200000fc    00000004     delay.obj (.data)
                  20000100    00000004     keyboard.obj (.data)
                  20000104    00000003     openmv.obj (.data)
                  20000107    00000001     main.obj (.data)

.stack     0    2000fe00    00000200     UNINITIALIZED
                  2000fe00    00000004     rtsv7M4_T_le_v4SPD16_eabi.lib : boot_cortex_m.c.obj (.stack)
                  2000fe04    000001fc     --HOLE--

__llvm_prf_cnts 
*          0    20000000    00000000     UNINITIALIZED

MODULE SUMMARY

       Module                        code    ro data   rw data
       ------                        ----    -------   -------
    .\
       main.obj                      476     0         194    
       system_msp432p401r.obj        120     0         0      
    +--+-----------------------------+-------+---------+---------+
       Total:                        596     0         194    
                                                              
    .\User\Clock\
       clock.obj                     204     0         0      
    +--+-----------------------------+-------+---------+---------+
       Total:                        204     0         0      
                                                              
    .\User\InfoPrint\
       infoprint.obj                 190     0         0      
    +--+-----------------------------+-------+---------+---------+
       Total:                        190     0         0      
                                                              
    .\User\KEY\
       key.obj                       82      0         0      
    +--+-----------------------------+-------+---------+---------+
       Total:                        82      0         0      
                                                              
    .\User\Keyboard\
       keyboard.obj                  600     0         8      
    +--+-----------------------------+-------+---------+---------+
       Total:                        600     0         8      
                                                              
    .\User\LED\
       led.obj                       164     0         0      
    +--+-----------------------------+-------+---------+---------+
       Total:                        164     0         0      
                                                              
    .\User\Laser\
       laser.obj                     444     0         28     
    +--+-----------------------------+-------+---------+---------+
       Total:                        444     0         28     
                                                              
    .\User\Openmv\
       openmv.obj                    776     40        126    
    +--+-----------------------------+-------+---------+---------+
       Total:                        776     40        126    
                                                              
    .\User\PID\
       pid.obj                       100     0         0      
    +--+-----------------------------+-------+---------+---------+
       Total:                        100     0         0      
                                                              
    .\User\Tasks\
       task_decision.obj             2136    0         88     
       task_control.obj              228     0         30     
    +--+-----------------------------+-------+---------+---------+
       Total:                        2364    0         118    
                                                              
    .\User\delay\
       delay.obj                     240     0         8      
    +--+-----------------------------+-------+---------+---------+
       Total:                        240     0         8      
                                                              
    .\User\motor\
       motor.obj                     1116    0         24     
    +--+-----------------------------+-------+---------+---------+
       Total:                        1116    0         24     
                                                              
    .\User\timer\
       timer.obj                     164     24        0      
    +--+-----------------------------+-------+---------+---------+
       Total:                        164     24        0      
                                                              
    .\ccs\
       startup_msp432p401r_ccs.obj   14      228       0      
    +--+-----------------------------+-------+---------+---------+
       Total:                        14      228       0      
                                                              
    E:/MyStudyApp/MyTI/ccs1230/simplelink_msp432p4_sdk_3_40_01_02/source/ti/devices/msp432p4xx/driverlib/ccs/msp432p4xx_driverlib.lib
       cs.o                          1554    0         16     
       timer_a.o                     518     0         0      
       uart.o                        456     0         0      
       gpio.o                        280     48        0      
       sysctl_a.o                    212     0         0      
       interrupt.o                   144     8         0      
       wdt_a.o                       36      0         0      
       cpu.o                         12      0         0      
    +--+-----------------------------+-------+---------+---------+
       Total:                        3212    56        16     
                                                              
    E:\MyStudyApp\MyTI\ccs1230\ccs\tools\compiler\ti-cgt-arm_20.2.7.LTS\lib\rtsv7M4_T_le_v4SPD16_eabi.lib
       s_atan.c.obj                  748     152       0      
       fd_add_t2.asm.obj             438     0         0      
       fd_div_t2.asm.obj             310     0         0      
       fd_mul_t2.asm.obj             252     0         0      
       memcpy_t2.asm.obj             156     0         0      
       fd_cmp_t2.asm.obj             134     0         0      
       fd_tos_t2.asm.obj             110     0         0      
       copy_decompress_lzss.c.obj    104     0         0      
       autoinit.c.obj                68      0         0      
       fs_tod_t2.asm.obj             56      0         0      
       boot_cortex_m.c.obj           52      0         0      
       copy_zero_init.c.obj          28      0         0      
       copy_decompress_none.c.obj    14      0         0      
       exit.c.obj                    4       0         0      
       pre_init.c.obj                4       0         0      
    +--+-----------------------------+-------+---------+---------+
       Total:                        2478    152       0      
                                                              
       Stack:                        0       0         1024   
       Linker Generated:             0       47        0      
    +--+-----------------------------+-------+---------+---------+
       Grand Total:                  12744   547       1546   


LINKER GENERATED COPY TABLES

__TI_cinit_table @ 000033e8 records: 2, size/record: 8, table size: 16
	.data: load addr=000033d4, load size=0000000b bytes, run addr=200000b4, run size=00000054 bytes, compression=lzss
	.bss: load addr=000033e0, load size=00000008 bytes, run addr=20000000, run size=000000b1 bytes, compression=zero_init


LINKER GENERATED HANDLER TABLE

__TI_handler_table @ 000033c8 records: 3, size/record: 4, table size: 12
	index: 0, handler: __TI_decompress_lzss
	index: 1, handler: __TI_decompress_none
	index: 2, handler: __TI_zero_init


GLOBAL SYMBOLS: SORTED ALPHABETICALLY BY Name 

address   name                                
-------   ----                                
00000c9f  ADC14_IRQHandler                    
00000c9f  AES256_IRQHandler                   
00000c9f  BusFault_Handler                    
000032b5  C$$EXIT                             
00001cf9  CLOCK_Init                          
00000c9f  COMP_E0_IRQHandler                  
00000c9f  COMP_E1_IRQHandler                  
00003279  CPU_cpsie                           
00000c9f  CS_IRQHandler                       
00002f89  CS_clearInterruptFlag               
00001799  CS_getDCOFrequency                  
00003071  CS_getMCLK                          
00003159  CS_setExternalClockSourceFrequency  
0000322b  CS_startHFXT                        
00001891  CS_startHFXTWithTimeout             
0000325d  CS_startLFXT                        
00001b3d  CS_startLFXTWithTimeout             
00000c9f  DMA_ERR_IRQHandler                  
00000c9f  DMA_INT0_IRQHandler                 
00000c9f  DMA_INT1_IRQHandler                 
00000c9f  DMA_INT2_IRQHandler                 
00000c9f  DMA_INT3_IRQHandler                 
00000c9f  DebugMon_Handler                    
00000c9f  Default_Handler                     
00000c9f  EUSCIA0_IRQHandler                  
00003099  EUSCIA1_IRQHandler                  
00003099  EUSCIA1_IRQHandler                  
00003019  EUSCIA2_IRQHandler                  
00003019  EUSCIA2_IRQHandler                  
00000c9f  EUSCIA3_IRQHandler                  
00000c9f  EUSCIB0_IRQHandler                  
00000c9f  EUSCIB1_IRQHandler                  
00000c9f  EUSCIB2_IRQHandler                  
00000c9f  EUSCIB3_IRQHandler                  
00000c9f  FLCTL_IRQHandler                    
00000c9f  FPU_IRQHandler                      
00002fb9  GPIO_getInputPinValue               
00002b7d  GPIO_setAsInputPinWithPullUpResistor
00002df9  GPIO_setAsOutputPin                 
000030c1  GPIO_setOutputHighOnPin             
000030e9  GPIO_setOutputLowOnPin              
00003285  GetKey                              
00000c9f  HardFault_Handler                   
000025a5  Interrupt_enableInterrupt           
0000323d  Interrupt_enableMaster              
00003291  KEY_Init                            
00002d29  KEY_Input                           
20000100  KeyS                                
000020d1  KeyboardInit                        
00002bd5  LED2_RGB                            
00002cdd  LED_Init                            
200000a4  LaserMessage                        
00000e39  Laser_Receive_Data                  
00000c9f  MemManage_Handler                   
00000c9f  NMI_Handler                         
20000048  OpenmvMessage                       
00002ac1  Openmv_Init                         
0000071d  Openmv_Receive_Data                 
00000c9f  PCM_IRQHandler                      
00000c9f  PORT1_IRQHandler                    
00000c9f  PORT2_IRQHandler                    
00000c9f  PORT3_IRQHandler                    
00000ca1  PORT4_IRQHandler                    
00000ca1  PORT4_IRQHandler                    
00000c9f  PORT5_IRQHandler                    
00000c9f  PORT6_IRQHandler                    
00000c9f  PSS_IRQHandler                      
00000c9f  PendSV_Handler                      
00000c9f  RTC_C_IRQHandler                    
20000104  RXData                              
0000329d  Reset_Handler                       
00000c9f  SVC_Handler                         
20000068  StateMachine                        
000031b5  SysCtl_A_disableNMISource           
000031cd  SysCtl_A_enableNMISource            
0000324d  SysCtl_A_getNMISourceStatus         
00002405  SysCtl_A_getTLVInfo                 
00000c9f  SysTick_Handler                     
000026a1  SystemInit                          
00000c9f  T32_INT1_IRQHandler                 
00000c9f  T32_INT2_IRQHandler                 
00000c9f  T32_INTC_IRQHandler                 
00000c9f  TA0_0_IRQHandler                    
00000c9f  TA0_N_IRQHandler                    
00000c9f  TA1_0_IRQHandler                    
00000c9f  TA1_N_IRQHandler                    
00000c9f  TA2_0_IRQHandler                    
00000c9f  TA2_N_IRQHandler                    
00003179  TA3_0_IRQHandler                    
00003179  TA3_0_IRQHandler                    
00002eed  TA3_IT_INIT                         
00000c9f  TA3_N_IRQHandler                    
00002719  TimA2_Init                          
00003045  Timer_A_clearCaptureCompareInterrupt
000031e5  Timer_A_clearTimer                  
000027f9  Timer_A_configureUpMode             
00003215  Timer_A_startCounter                
00002931  UART_getEnabledInterruptStatus      
000031fd  UART_getInterruptStatus             
0000137d  UART_initModule                     
00002fe9  UART_receiveData                    
00000c9f  UsageFault_Handler                  
4000480c  WDTCTL_SYM                          
00000c9f  WDT_A_IRQHandler                    
00003111  WDT_A_holdTimer                     
20010000  __STACK_END                         
00000200  __STACK_SIZE                        
000033e8  __TI_CINIT_Base                     
000033f8  __TI_CINIT_Limit                    
000033c8  __TI_Handler_Table_Base             
000033d4  __TI_Handler_Table_Limit            
00002d71  __TI_auto_init_nobinit_nopinit      
00002861  __TI_decompress_lzss                
0000326b  __TI_decompress_none                
ffffffff  __TI_pprof_out_hndl                 
ffffffff  __TI_prof_data_size                 
ffffffff  __TI_prof_data_start                
00000000  __TI_static_base__                  
00003199  __TI_zero_init_nomemset             
00002499  __aeabi_cdrcmple                    
00002789  __aeabi_d2f                         
00000af3  __aeabi_dadd                        
00001111  __aeabi_ddiv                        
0000169d  __aeabi_dmul                        
00000ae9  __aeabi_dsub                        
00002eb5  __aeabi_f2d                         
00002369  __aeabi_memcpy                      
00002369  __aeabi_memcpy4                     
00002369  __aeabi_memcpy8                     
ffffffff  __binit__                           
ffffffff  __c_args__                          
UNDEFED   __mpu_init                          
2000fe00  __stack                             
20000000  __start___llvm_prf_cnts             
20000000  __stop___llvm_prf_cnts              
00002f21  _c_int00_noargs                     
UNDEFED   _system_post_cinit                  
000032b1  _system_pre_init                    
000032b5  abort                               
00000431  atan                                
00000431  atanl                               
ffffffff  binit                               
00002f55  clear_openmvmessage                 
00002db5  clear_statemachine                  
000022cd  current_to_next                     
200000c8  current_x                           
200000cc  current_y                           
00002e79  delay_init                          
00002b21  delay_ms                            
00002c2d  delay_us                            
200000b4  dx                                  
200000b6  dy                                  
200000d0  error_x                             
200000d4  error_y                             
00002521  go_to_point                         
00002011  info_print_mainmenu                 
00000000  interruptVectors                    
200000e8  laser_angle                         
0000159d  main                                
00001dc5  main_control                        
200000b0  main_control_flag                   
00002369  memcpy                              
200000a8  mission_time_count                  
200000b8  next_x                              
200000bc  next_y                              
00002995  pid_initialize                      
20000000  pid_pitch                           
20000024  pid_yaw                             
200000f0  pitch_angle                         
200000dc  pitch_delta_angle                   
200000f8  pitch_pulse_count                   
200000e4  pitch_step                          
00002c85  point_to_angle                      
20000107  pointer                             
00002e39  pulse_steering                      
20000094  rect_x                              
2000009c  rect_y                              
00001e89  set_pitch                           
00001975  set_pulse_pitch                     
00001a59  set_pulse_yaw                       
00002185  set_steering                        
00001f4d  set_yaw                             
000000e5  start_to_target                     
000029f9  steering_init                       
00003135  step_motor_init                     
200000c0  step_x                              
200000c4  step_y                              
0000222d  task_1                              
00001249  task_2                              
000032a9  task_3                              
00000931  task_4                              
200000ac  time_count_flag                     
200000ec  times                               
00003380  uartConfigOpen                      
000033a8  upConfig                            
000028c9  update_rect                         
200000f4  yaw_angle                           
200000d8  yaw_delta_angle                     
200000fa  yaw_pulse_count                     
200000e0  yaw_step                            


GLOBAL SYMBOLS: SORTED BY Symbol Address 

address   name                                
-------   ----                                
00000000  __TI_static_base__                  
00000000  interruptVectors                    
000000e5  start_to_target                     
00000200  __STACK_SIZE                        
00000431  atan                                
00000431  atanl                               
0000071d  Openmv_Receive_Data                 
00000931  task_4                              
00000ae9  __aeabi_dsub                        
00000af3  __aeabi_dadd                        
00000c9f  ADC14_IRQHandler                    
00000c9f  AES256_IRQHandler                   
00000c9f  BusFault_Handler                    
00000c9f  COMP_E0_IRQHandler                  
00000c9f  COMP_E1_IRQHandler                  
00000c9f  CS_IRQHandler                       
00000c9f  DMA_ERR_IRQHandler                  
00000c9f  DMA_INT0_IRQHandler                 
00000c9f  DMA_INT1_IRQHandler                 
00000c9f  DMA_INT2_IRQHandler                 
00000c9f  DMA_INT3_IRQHandler                 
00000c9f  DebugMon_Handler                    
00000c9f  Default_Handler                     
00000c9f  EUSCIA0_IRQHandler                  
00000c9f  EUSCIA3_IRQHandler                  
00000c9f  EUSCIB0_IRQHandler                  
00000c9f  EUSCIB1_IRQHandler                  
00000c9f  EUSCIB2_IRQHandler                  
00000c9f  EUSCIB3_IRQHandler                  
00000c9f  FLCTL_IRQHandler                    
00000c9f  FPU_IRQHandler                      
00000c9f  HardFault_Handler                   
00000c9f  MemManage_Handler                   
00000c9f  NMI_Handler                         
00000c9f  PCM_IRQHandler                      
00000c9f  PORT1_IRQHandler                    
00000c9f  PORT2_IRQHandler                    
00000c9f  PORT3_IRQHandler                    
00000c9f  PORT5_IRQHandler                    
00000c9f  PORT6_IRQHandler                    
00000c9f  PSS_IRQHandler                      
00000c9f  PendSV_Handler                      
00000c9f  RTC_C_IRQHandler                    
00000c9f  SVC_Handler                         
00000c9f  SysTick_Handler                     
00000c9f  T32_INT1_IRQHandler                 
00000c9f  T32_INT2_IRQHandler                 
00000c9f  T32_INTC_IRQHandler                 
00000c9f  TA0_0_IRQHandler                    
00000c9f  TA0_N_IRQHandler                    
00000c9f  TA1_0_IRQHandler                    
00000c9f  TA1_N_IRQHandler                    
00000c9f  TA2_0_IRQHandler                    
00000c9f  TA2_N_IRQHandler                    
00000c9f  TA3_N_IRQHandler                    
00000c9f  UsageFault_Handler                  
00000c9f  WDT_A_IRQHandler                    
00000ca1  PORT4_IRQHandler                    
00000ca1  PORT4_IRQHandler                    
00000e39  Laser_Receive_Data                  
00001111  __aeabi_ddiv                        
00001249  task_2                              
0000137d  UART_initModule                     
0000159d  main                                
0000169d  __aeabi_dmul                        
00001799  CS_getDCOFrequency                  
00001891  CS_startHFXTWithTimeout             
00001975  set_pulse_pitch                     
00001a59  set_pulse_yaw                       
00001b3d  CS_startLFXTWithTimeout             
00001cf9  CLOCK_Init                          
00001dc5  main_control                        
00001e89  set_pitch                           
00001f4d  set_yaw                             
00002011  info_print_mainmenu                 
000020d1  KeyboardInit                        
00002185  set_steering                        
0000222d  task_1                              
000022cd  current_to_next                     
00002369  __aeabi_memcpy                      
00002369  __aeabi_memcpy4                     
00002369  __aeabi_memcpy8                     
00002369  memcpy                              
00002405  SysCtl_A_getTLVInfo                 
00002499  __aeabi_cdrcmple                    
00002521  go_to_point                         
000025a5  Interrupt_enableInterrupt           
000026a1  SystemInit                          
00002719  TimA2_Init                          
00002789  __aeabi_d2f                         
000027f9  Timer_A_configureUpMode             
00002861  __TI_decompress_lzss                
000028c9  update_rect                         
00002931  UART_getEnabledInterruptStatus      
00002995  pid_initialize                      
000029f9  steering_init                       
00002ac1  Openmv_Init                         
00002b21  delay_ms                            
00002b7d  GPIO_setAsInputPinWithPullUpResistor
00002bd5  LED2_RGB                            
00002c2d  delay_us                            
00002c85  point_to_angle                      
00002cdd  LED_Init                            
00002d29  KEY_Input                           
00002d71  __TI_auto_init_nobinit_nopinit      
00002db5  clear_statemachine                  
00002df9  GPIO_setAsOutputPin                 
00002e39  pulse_steering                      
00002e79  delay_init                          
00002eb5  __aeabi_f2d                         
00002eed  TA3_IT_INIT                         
00002f21  _c_int00_noargs                     
00002f55  clear_openmvmessage                 
00002f89  CS_clearInterruptFlag               
00002fb9  GPIO_getInputPinValue               
00002fe9  UART_receiveData                    
00003019  EUSCIA2_IRQHandler                  
00003019  EUSCIA2_IRQHandler                  
00003045  Timer_A_clearCaptureCompareInterrupt
00003071  CS_getMCLK                          
00003099  EUSCIA1_IRQHandler                  
00003099  EUSCIA1_IRQHandler                  
000030c1  GPIO_setOutputHighOnPin             
000030e9  GPIO_setOutputLowOnPin              
00003111  WDT_A_holdTimer                     
00003135  step_motor_init                     
00003159  CS_setExternalClockSourceFrequency  
00003179  TA3_0_IRQHandler                    
00003179  TA3_0_IRQHandler                    
00003199  __TI_zero_init_nomemset             
000031b5  SysCtl_A_disableNMISource           
000031cd  SysCtl_A_enableNMISource            
000031e5  Timer_A_clearTimer                  
000031fd  UART_getInterruptStatus             
00003215  Timer_A_startCounter                
0000322b  CS_startHFXT                        
0000323d  Interrupt_enableMaster              
0000324d  SysCtl_A_getNMISourceStatus         
0000325d  CS_startLFXT                        
0000326b  __TI_decompress_none                
00003279  CPU_cpsie                           
00003285  GetKey                              
00003291  KEY_Init                            
0000329d  Reset_Handler                       
000032a9  task_3                              
000032b1  _system_pre_init                    
000032b5  C$$EXIT                             
000032b5  abort                               
00003380  uartConfigOpen                      
000033a8  upConfig                            
000033c8  __TI_Handler_Table_Base             
000033d4  __TI_Handler_Table_Limit            
000033e8  __TI_CINIT_Base                     
000033f8  __TI_CINIT_Limit                    
20000000  __start___llvm_prf_cnts             
20000000  __stop___llvm_prf_cnts              
20000000  pid_pitch                           
20000024  pid_yaw                             
20000048  OpenmvMessage                       
20000068  StateMachine                        
20000094  rect_x                              
2000009c  rect_y                              
200000a4  LaserMessage                        
200000a8  mission_time_count                  
200000ac  time_count_flag                     
200000b0  main_control_flag                   
200000b4  dx                                  
200000b6  dy                                  
200000b8  next_x                              
200000bc  next_y                              
200000c0  step_x                              
200000c4  step_y                              
200000c8  current_x                           
200000cc  current_y                           
200000d0  error_x                             
200000d4  error_y                             
200000d8  yaw_delta_angle                     
200000dc  pitch_delta_angle                   
200000e0  yaw_step                            
200000e4  pitch_step                          
200000e8  laser_angle                         
200000ec  times                               
200000f0  pitch_angle                         
200000f4  yaw_angle                           
200000f8  pitch_pulse_count                   
200000fa  yaw_pulse_count                     
20000100  KeyS                                
20000104  RXData                              
20000107  pointer                             
2000fe00  __stack                             
20010000  __STACK_END                         
4000480c  WDTCTL_SYM                          
ffffffff  __TI_pprof_out_hndl                 
ffffffff  __TI_prof_data_size                 
ffffffff  __TI_prof_data_start                
ffffffff  __binit__                           
ffffffff  __c_args__                          
ffffffff  binit                               
UNDEFED   __mpu_init                          
UNDEFED   _system_post_cinit                  

[200 symbols]
