<?xml version="1.0" encoding="ISO-8859-1" ?>
<link_info>
   <banner>TI ARM Linker PC v20.2.7.LTS</banner>
   <copyright>Copyright (c) 1996-2018 Texas Instruments Incorporated</copyright>
   <link_time>0x64cc8d9e</link_time>
   <link_errors>0x0</link_errors>
   <output_file>Project5.out</output_file>
   <entry_point>
      <name>_c_int00_noargs</name>
      <address>0x1a35</address>
   </entry_point>
   <input_file_list>
      <input_file id="fl-2">
         <path>.\</path>
         <kind>object</kind>
         <file>main.obj</file>
         <name>main.obj</name>
      </input_file>
      <input_file id="fl-3">
         <path>.\</path>
         <kind>object</kind>
         <file>system_msp432p401r.obj</file>
         <name>system_msp432p401r.obj</name>
      </input_file>
      <input_file id="fl-4">
         <path>.\User\Clock\</path>
         <kind>object</kind>
         <file>clock.obj</file>
         <name>clock.obj</name>
      </input_file>
      <input_file id="fl-5">
         <path>.\User\InfoPrint\</path>
         <kind>object</kind>
         <file>infoprint.obj</file>
         <name>infoprint.obj</name>
      </input_file>
      <input_file id="fl-6">
         <path>.\User\KEY\</path>
         <kind>object</kind>
         <file>key.obj</file>
         <name>key.obj</name>
      </input_file>
      <input_file id="fl-7">
         <path>.\User\Keyboard\</path>
         <kind>object</kind>
         <file>keyboard.obj</file>
         <name>keyboard.obj</name>
      </input_file>
      <input_file id="fl-8">
         <path>.\User\LED\</path>
         <kind>object</kind>
         <file>led.obj</file>
         <name>led.obj</name>
      </input_file>
      <input_file id="fl-9">
         <path>.\User\Laser\</path>
         <kind>object</kind>
         <file>laser.obj</file>
         <name>laser.obj</name>
      </input_file>
      <input_file id="fl-a">
         <path>.\User\Openmv\</path>
         <kind>object</kind>
         <file>openmv.obj</file>
         <name>openmv.obj</name>
      </input_file>
      <input_file id="fl-b">
         <path>.\User\PID\</path>
         <kind>object</kind>
         <file>pid.obj</file>
         <name>pid.obj</name>
      </input_file>
      <input_file id="fl-c">
         <path>.\User\Tasks\</path>
         <kind>object</kind>
         <file>task_control.obj</file>
         <name>task_control.obj</name>
      </input_file>
      <input_file id="fl-d">
         <path>.\User\Tasks\</path>
         <kind>object</kind>
         <file>task_decision.obj</file>
         <name>task_decision.obj</name>
      </input_file>
      <input_file id="fl-e">
         <path>.\User\delay\</path>
         <kind>object</kind>
         <file>delay.obj</file>
         <name>delay.obj</name>
      </input_file>
      <input_file id="fl-f">
         <path>.\User\motor\</path>
         <kind>object</kind>
         <file>motor.obj</file>
         <name>motor.obj</name>
      </input_file>
      <input_file id="fl-10">
         <path>.\User\</path>
         <kind>object</kind>
         <file>no_use.obj</file>
         <name>no_use.obj</name>
      </input_file>
      <input_file id="fl-11">
         <path>.\User\oled\</path>
         <kind>object</kind>
         <file>oled.obj</file>
         <name>oled.obj</name>
      </input_file>
      <input_file id="fl-12">
         <path>.\User\timer\</path>
         <kind>object</kind>
         <file>timer.obj</file>
         <name>timer.obj</name>
      </input_file>
      <input_file id="fl-13">
         <path>.\ccs\</path>
         <kind>object</kind>
         <file>startup_msp432p401r_ccs.obj</file>
         <name>startup_msp432p401r_ccs.obj</name>
      </input_file>
      <input_file id="fl-1d">
         <kind>object</kind>
         <file>&lt;internal&gt;</file>
         <name>&lt;internal&gt;</name>
      </input_file>
      <input_file id="fl-1e">
         <path>E:\MyStudyApp\MyTI\ccs1230\simplelink_msp432p4_sdk_3_40_01_02\source\ti\devices\msp432p4xx\driverlib\ccs\</path>
         <kind>archive</kind>
         <file>msp432p4xx_driverlib.lib</file>
         <name>cs.o</name>
      </input_file>
      <input_file id="fl-1f">
         <path>E:\MyStudyApp\MyTI\ccs1230\simplelink_msp432p4_sdk_3_40_01_02\source\ti\devices\msp432p4xx\driverlib\ccs\</path>
         <kind>archive</kind>
         <file>msp432p4xx_driverlib.lib</file>
         <name>gpio.o</name>
      </input_file>
      <input_file id="fl-20">
         <path>E:\MyStudyApp\MyTI\ccs1230\simplelink_msp432p4_sdk_3_40_01_02\source\ti\devices\msp432p4xx\driverlib\ccs\</path>
         <kind>archive</kind>
         <file>msp432p4xx_driverlib.lib</file>
         <name>interrupt.o</name>
      </input_file>
      <input_file id="fl-21">
         <path>E:\MyStudyApp\MyTI\ccs1230\simplelink_msp432p4_sdk_3_40_01_02\source\ti\devices\msp432p4xx\driverlib\ccs\</path>
         <kind>archive</kind>
         <file>msp432p4xx_driverlib.lib</file>
         <name>sysctl_a.o</name>
      </input_file>
      <input_file id="fl-22">
         <path>E:\MyStudyApp\MyTI\ccs1230\simplelink_msp432p4_sdk_3_40_01_02\source\ti\devices\msp432p4xx\driverlib\ccs\</path>
         <kind>archive</kind>
         <file>msp432p4xx_driverlib.lib</file>
         <name>timer_a.o</name>
      </input_file>
      <input_file id="fl-23">
         <path>E:\MyStudyApp\MyTI\ccs1230\simplelink_msp432p4_sdk_3_40_01_02\source\ti\devices\msp432p4xx\driverlib\ccs\</path>
         <kind>archive</kind>
         <file>msp432p4xx_driverlib.lib</file>
         <name>uart.o</name>
      </input_file>
      <input_file id="fl-24">
         <path>E:\MyStudyApp\MyTI\ccs1230\simplelink_msp432p4_sdk_3_40_01_02\source\ti\devices\msp432p4xx\driverlib\ccs\</path>
         <kind>archive</kind>
         <file>msp432p4xx_driverlib.lib</file>
         <name>wdt_a.o</name>
      </input_file>
      <input_file id="fl-25">
         <path>E:\MyStudyApp\MyTI\ccs1230\simplelink_msp432p4_sdk_3_40_01_02\source\ti\devices\msp432p4xx\driverlib\ccs\</path>
         <kind>archive</kind>
         <file>msp432p4xx_driverlib.lib</file>
         <name>cpu.o</name>
      </input_file>
      <input_file id="fl-db">
         <path>E:\MyStudyApp\MyTI\ccs1230\ccs\tools\compiler\ti-cgt-arm_20.2.7.LTS\lib\</path>
         <kind>archive</kind>
         <file>rtsv7M4_T_le_v4SPD16_eabi.lib</file>
         <name>s_atan.c.obj</name>
      </input_file>
      <input_file id="fl-dc">
         <path>E:\MyStudyApp\MyTI\ccs1230\ccs\tools\compiler\ti-cgt-arm_20.2.7.LTS\lib\</path>
         <kind>archive</kind>
         <file>rtsv7M4_T_le_v4SPD16_eabi.lib</file>
         <name>fd_add_t2.asm.obj</name>
      </input_file>
      <input_file id="fl-dd">
         <path>E:\MyStudyApp\MyTI\ccs1230\ccs\tools\compiler\ti-cgt-arm_20.2.7.LTS\lib\</path>
         <kind>archive</kind>
         <file>rtsv7M4_T_le_v4SPD16_eabi.lib</file>
         <name>fd_cmp_t2.asm.obj</name>
      </input_file>
      <input_file id="fl-de">
         <path>E:\MyStudyApp\MyTI\ccs1230\ccs\tools\compiler\ti-cgt-arm_20.2.7.LTS\lib\</path>
         <kind>archive</kind>
         <file>rtsv7M4_T_le_v4SPD16_eabi.lib</file>
         <name>fd_div_t2.asm.obj</name>
      </input_file>
      <input_file id="fl-df">
         <path>E:\MyStudyApp\MyTI\ccs1230\ccs\tools\compiler\ti-cgt-arm_20.2.7.LTS\lib\</path>
         <kind>archive</kind>
         <file>rtsv7M4_T_le_v4SPD16_eabi.lib</file>
         <name>fd_mul_t2.asm.obj</name>
      </input_file>
      <input_file id="fl-e0">
         <path>E:\MyStudyApp\MyTI\ccs1230\ccs\tools\compiler\ti-cgt-arm_20.2.7.LTS\lib\</path>
         <kind>archive</kind>
         <file>rtsv7M4_T_le_v4SPD16_eabi.lib</file>
         <name>fd_tos_t2.asm.obj</name>
      </input_file>
      <input_file id="fl-e1">
         <path>E:\MyStudyApp\MyTI\ccs1230\ccs\tools\compiler\ti-cgt-arm_20.2.7.LTS\lib\</path>
         <kind>archive</kind>
         <file>rtsv7M4_T_le_v4SPD16_eabi.lib</file>
         <name>fs_tod_t2.asm.obj</name>
      </input_file>
      <input_file id="fl-e2">
         <path>E:\MyStudyApp\MyTI\ccs1230\ccs\tools\compiler\ti-cgt-arm_20.2.7.LTS\lib\</path>
         <kind>archive</kind>
         <file>rtsv7M4_T_le_v4SPD16_eabi.lib</file>
         <name>i_tofd_t2.asm.obj</name>
      </input_file>
      <input_file id="fl-e3">
         <path>E:\MyStudyApp\MyTI\ccs1230\ccs\tools\compiler\ti-cgt-arm_20.2.7.LTS\lib\</path>
         <kind>archive</kind>
         <file>rtsv7M4_T_le_v4SPD16_eabi.lib</file>
         <name>u_tofd_t2.asm.obj</name>
      </input_file>
      <input_file id="fl-e4">
         <path>E:\MyStudyApp\MyTI\ccs1230\ccs\tools\compiler\ti-cgt-arm_20.2.7.LTS\lib\</path>
         <kind>archive</kind>
         <file>rtsv7M4_T_le_v4SPD16_eabi.lib</file>
         <name>copy_zero_init.c.obj</name>
      </input_file>
      <input_file id="fl-e5">
         <path>E:\MyStudyApp\MyTI\ccs1230\ccs\tools\compiler\ti-cgt-arm_20.2.7.LTS\lib\</path>
         <kind>archive</kind>
         <file>rtsv7M4_T_le_v4SPD16_eabi.lib</file>
         <name>copy_decompress_none.c.obj</name>
      </input_file>
      <input_file id="fl-e6">
         <path>E:\MyStudyApp\MyTI\ccs1230\ccs\tools\compiler\ti-cgt-arm_20.2.7.LTS\lib\</path>
         <kind>archive</kind>
         <file>rtsv7M4_T_le_v4SPD16_eabi.lib</file>
         <name>copy_decompress_lzss.c.obj</name>
      </input_file>
      <input_file id="fl-e7">
         <path>E:\MyStudyApp\MyTI\ccs1230\ccs\tools\compiler\ti-cgt-arm_20.2.7.LTS\lib\</path>
         <kind>archive</kind>
         <file>rtsv7M4_T_le_v4SPD16_eabi.lib</file>
         <name>boot_cortex_m.c.obj</name>
      </input_file>
      <input_file id="fl-e8">
         <path>E:\MyStudyApp\MyTI\ccs1230\ccs\tools\compiler\ti-cgt-arm_20.2.7.LTS\lib\</path>
         <kind>archive</kind>
         <file>rtsv7M4_T_le_v4SPD16_eabi.lib</file>
         <name>memcpy_t2.asm.obj</name>
      </input_file>
      <input_file id="fl-e9">
         <path>E:\MyStudyApp\MyTI\ccs1230\ccs\tools\compiler\ti-cgt-arm_20.2.7.LTS\lib\</path>
         <kind>archive</kind>
         <file>rtsv7M4_T_le_v4SPD16_eabi.lib</file>
         <name>memset_t2.asm.obj</name>
      </input_file>
      <input_file id="fl-ea">
         <path>E:\MyStudyApp\MyTI\ccs1230\ccs\tools\compiler\ti-cgt-arm_20.2.7.LTS\lib\</path>
         <kind>archive</kind>
         <file>rtsv7M4_T_le_v4SPD16_eabi.lib</file>
         <name>autoinit.c.obj</name>
      </input_file>
      <input_file id="fl-eb">
         <path>E:\MyStudyApp\MyTI\ccs1230\ccs\tools\compiler\ti-cgt-arm_20.2.7.LTS\lib\</path>
         <kind>archive</kind>
         <file>rtsv7M4_T_le_v4SPD16_eabi.lib</file>
         <name>pre_init.c.obj</name>
      </input_file>
      <input_file id="fl-ec">
         <path>E:\MyStudyApp\MyTI\ccs1230\ccs\tools\compiler\ti-cgt-arm_20.2.7.LTS\lib\</path>
         <kind>archive</kind>
         <file>rtsv7M4_T_le_v4SPD16_eabi.lib</file>
         <name>cpy_tbl.c.obj</name>
      </input_file>
      <input_file id="fl-ed">
         <path>E:\MyStudyApp\MyTI\ccs1230\ccs\tools\compiler\ti-cgt-arm_20.2.7.LTS\lib\</path>
         <kind>archive</kind>
         <file>rtsv7M4_T_le_v4SPD16_eabi.lib</file>
         <name>exit.c.obj</name>
      </input_file>
      <input_file id="fl-ee">
         <path>E:\MyStudyApp\MyTI\ccs1230\ccs\tools\compiler\ti-cgt-arm_20.2.7.LTS\lib\</path>
         <kind>archive</kind>
         <file>rtsv7M4_T_le_v4SPD16_eabi.lib</file>
         <name>_lock.c.obj</name>
      </input_file>
      <input_file id="fl-ef">
         <path>E:\MyStudyApp\MyTI\ccs1230\ccs\tools\compiler\ti-cgt-arm_20.2.7.LTS\lib\</path>
         <kind>archive</kind>
         <file>rtsv7M4_T_le_v4SPD16_eabi.lib</file>
         <name>args_main.c.obj</name>
      </input_file>
   </input_file_list>
   <object_component_list>
      <object_component id="oc-26">
         <name>.intvecs:retain</name>
         <load_address>0x0</load_address>
         <run_address>0x0</run_address>
         <size>0xe4</size>
         <input_file_ref idref="fl-13"/>
      </object_component>
      <object_component id="oc-f3">
         <name>.text:Openmv_Receive_Data</name>
         <load_address>0xe4</load_address>
         <run_address>0xe4</run_address>
         <size>0x208</size>
         <input_file_ref idref="fl-a"/>
      </object_component>
      <object_component id="oc-85">
         <name>.text:PORT4_IRQHandler</name>
         <load_address>0x2ec</load_address>
         <run_address>0x2ec</run_address>
         <size>0x198</size>
         <input_file_ref idref="fl-7"/>
      </object_component>
      <object_component id="oc-e7">
         <name>.text:Laser_Receive_Data</name>
         <load_address>0x484</load_address>
         <run_address>0x484</run_address>
         <size>0x194</size>
         <input_file_ref idref="fl-9"/>
      </object_component>
      <object_component id="oc-2ee">
         <name>.text:privateTimer_AProcessClockSourceDivider</name>
         <load_address>0x618</load_address>
         <run_address>0x618</run_address>
         <size>0x144</size>
         <input_file_ref idref="fl-22"/>
      </object_component>
      <object_component id="oc-263">
         <name>.text:UART_initModule</name>
         <load_address>0x75c</load_address>
         <run_address>0x75c</run_address>
         <size>0x11c</size>
         <input_file_ref idref="fl-23"/>
      </object_component>
      <object_component id="oc-2e3">
         <name>.text:_CSComputeCLKFrequency</name>
         <load_address>0x878</load_address>
         <run_address>0x878</run_address>
         <size>0x104</size>
         <input_file_ref idref="fl-1e"/>
      </object_component>
      <object_component id="oc-380">
         <name>.text:CS_getDCOFrequency</name>
         <load_address>0x97c</load_address>
         <run_address>0x97c</run_address>
         <size>0xf8</size>
         <input_file_ref idref="fl-1e"/>
      </object_component>
      <object_component id="oc-148">
         <name>.text:OLED_Init</name>
         <load_address>0xa74</load_address>
         <run_address>0xa74</run_address>
         <size>0xec</size>
         <input_file_ref idref="fl-11"/>
      </object_component>
      <object_component id="oc-2d5">
         <name>.text:CS_startHFXTWithTimeout</name>
         <load_address>0xb60</load_address>
         <run_address>0xb60</run_address>
         <size>0xe4</size>
         <input_file_ref idref="fl-1e"/>
      </object_component>
      <object_component id="oc-2dc">
         <name>.text:CS_startLFXTWithTimeout</name>
         <load_address>0xc44</load_address>
         <run_address>0xc44</run_address>
         <size>0xe0</size>
         <input_file_ref idref="fl-1e"/>
      </object_component>
      <object_component id="oc-366">
         <name>.text:_CSGetHFXTFrequency</name>
         <load_address>0xd24</load_address>
         <run_address>0xd24</run_address>
         <size>0xdc</size>
         <input_file_ref idref="fl-1e"/>
      </object_component>
      <object_component id="oc-118">
         <name>.text:CLOCK_Init</name>
         <load_address>0xe00</load_address>
         <run_address>0xe00</run_address>
         <size>0xcc</size>
         <input_file_ref idref="fl-4"/>
      </object_component>
      <object_component id="oc-284">
         <name>.text:main_control</name>
         <load_address>0xecc</load_address>
         <run_address>0xecc</run_address>
         <size>0xbc</size>
         <input_file_ref idref="fl-c"/>
      </object_component>
      <object_component id="oc-130">
         <name>.text:KeyboardInit</name>
         <load_address>0xf88</load_address>
         <run_address>0xf88</run_address>
         <size>0xb4</size>
         <input_file_ref idref="fl-7"/>
      </object_component>
      <object_component id="oc-37">
         <name>.text</name>
         <load_address>0x103c</load_address>
         <run_address>0x103c</run_address>
         <size>0x9c</size>
         <input_file_ref idref="fl-e8"/>
      </object_component>
      <object_component id="oc-3d0">
         <name>.text:SysCtl_A_getTLVInfo</name>
         <load_address>0x10d8</load_address>
         <run_address>0x10d8</run_address>
         <size>0x94</size>
         <input_file_ref idref="fl-21"/>
      </object_component>
      <object_component id="oc-23f">
         <name>.text:Interrupt_enableInterrupt</name>
         <load_address>0x116c</load_address>
         <run_address>0x116c</run_address>
         <size>0x80</size>
         <input_file_ref idref="fl-20"/>
      </object_component>
      <object_component id="oc-b1">
         <name>.text:main</name>
         <load_address>0x11ec</load_address>
         <run_address>0x11ec</run_address>
         <size>0x80</size>
         <input_file_ref idref="fl-2"/>
      </object_component>
      <object_component id="oc-3d6">
         <name>.text:_CSGetDOCFrequency</name>
         <load_address>0x126c</load_address>
         <run_address>0x126c</run_address>
         <size>0x7c</size>
         <input_file_ref idref="fl-1e"/>
      </object_component>
      <object_component id="oc-c3">
         <name>.text:SystemInit</name>
         <load_address>0x12e8</load_address>
         <run_address>0x12e8</run_address>
         <size>0x78</size>
         <input_file_ref idref="fl-3"/>
      </object_component>
      <object_component id="oc-13c">
         <name>.text:TimA2_Init</name>
         <load_address>0x1360</load_address>
         <run_address>0x1360</run_address>
         <size>0x70</size>
         <input_file_ref idref="fl-12"/>
      </object_component>
      <object_component id="oc-14e">
         <name>.text:OLED_Clear</name>
         <load_address>0x13d0</load_address>
         <run_address>0x13d0</run_address>
         <size>0x6a</size>
         <input_file_ref idref="fl-11"/>
      </object_component>
      <object_component id="oc-6d">
         <name>.text:Default_Handler</name>
         <load_address>0x143a</load_address>
         <run_address>0x143a</run_address>
         <size>0x2</size>
         <input_file_ref idref="fl-13"/>
      </object_component>
      <object_component id="oc-30c">
         <name>.text:Send_Byte</name>
         <load_address>0x143c</load_address>
         <run_address>0x143c</run_address>
         <size>0x68</size>
         <input_file_ref idref="fl-11"/>
      </object_component>
      <object_component id="oc-239">
         <name>.text:Timer_A_configureUpMode</name>
         <load_address>0x14a4</load_address>
         <run_address>0x14a4</run_address>
         <size>0x68</size>
         <input_file_ref idref="fl-22"/>
      </object_component>
      <object_component id="oc-17">
         <name>.text:decompress:lzss:__TI_decompress_lzss</name>
         <load_address>0x150c</load_address>
         <run_address>0x150c</run_address>
         <size>0x68</size>
         <input_file_ref idref="fl-e6"/>
      </object_component>
      <object_component id="oc-db">
         <name>.text:UART_getEnabledInterruptStatus</name>
         <load_address>0x1574</load_address>
         <run_address>0x1574</run_address>
         <size>0x64</size>
         <input_file_ref idref="fl-23"/>
      </object_component>
      <object_component id="oc-374">
         <name>.text:_CSGetDividerValue</name>
         <load_address>0x15d8</load_address>
         <run_address>0x15d8</run_address>
         <size>0x62</size>
         <input_file_ref idref="fl-1e"/>
      </object_component>
      <object_component id="oc-154">
         <name>.text:Openmv_Init</name>
         <load_address>0x163c</load_address>
         <run_address>0x163c</run_address>
         <size>0x60</size>
         <input_file_ref idref="fl-a"/>
      </object_component>
      <object_component id="oc-172">
         <name>.text:set_pulse_pitch</name>
         <load_address>0x169c</load_address>
         <run_address>0x169c</run_address>
         <size>0x60</size>
         <input_file_ref idref="fl-f"/>
      </object_component>
      <object_component id="oc-279">
         <name>.text:delay_ms</name>
         <load_address>0x16fc</load_address>
         <run_address>0x16fc</run_address>
         <size>0x5c</size>
         <input_file_ref idref="fl-e"/>
      </object_component>
      <object_component id="oc-22a">
         <name>.text:GPIO_setAsInputPinWithPullUpResistor</name>
         <load_address>0x1758</load_address>
         <run_address>0x1758</run_address>
         <size>0x58</size>
         <input_file_ref idref="fl-1f"/>
      </object_component>
      <object_component id="oc-160">
         <name>.text:LED2_RGB</name>
         <load_address>0x17b0</load_address>
         <run_address>0x17b0</run_address>
         <size>0x58</size>
         <input_file_ref idref="fl-8"/>
      </object_component>
      <object_component id="oc-32a">
         <name>.text:delay_us</name>
         <load_address>0x1808</load_address>
         <run_address>0x1808</run_address>
         <size>0x58</size>
         <input_file_ref idref="fl-e"/>
      </object_component>
      <object_component id="oc-124">
         <name>.text:LED_Init</name>
         <load_address>0x1860</load_address>
         <run_address>0x1860</run_address>
         <size>0x54</size>
         <input_file_ref idref="fl-8"/>
      </object_component>
      <object_component id="oc-16c">
         <name>.text:KEY_Input</name>
         <load_address>0x18b4</load_address>
         <run_address>0x18b4</run_address>
         <size>0x46</size>
         <input_file_ref idref="fl-6"/>
      </object_component>
      <object_component id="oc-190">
         <name>.text:__TI_auto_init_nobinit_nopinit:__TI_auto_init_nobinit_nopinit</name>
         <load_address>0x18fc</load_address>
         <run_address>0x18fc</run_address>
         <size>0x44</size>
         <input_file_ref idref="fl-ea"/>
      </object_component>
      <object_component id="oc-25b">
         <name>.text:OLED_WR_Byte</name>
         <load_address>0x1940</load_address>
         <run_address>0x1940</run_address>
         <size>0x42</size>
         <input_file_ref idref="fl-11"/>
      </object_component>
      <object_component id="oc-223">
         <name>.text:GPIO_setAsOutputPin</name>
         <load_address>0x1984</load_address>
         <run_address>0x1984</run_address>
         <size>0x40</size>
         <input_file_ref idref="fl-1f"/>
      </object_component>
      <object_component id="oc-11e">
         <name>.text:delay_init</name>
         <load_address>0x19c4</load_address>
         <run_address>0x19c4</run_address>
         <size>0x3c</size>
         <input_file_ref idref="fl-e"/>
      </object_component>
      <object_component id="oc-142">
         <name>.text:TA3_IT_INIT</name>
         <load_address>0x1a00</load_address>
         <run_address>0x1a00</run_address>
         <size>0x34</size>
         <input_file_ref idref="fl-12"/>
      </object_component>
      <object_component id="oc-55">
         <name>.text:_c_int00_noargs:_c_int00_noargs</name>
         <load_address>0x1a34</load_address>
         <run_address>0x1a34</run_address>
         <size>0x34</size>
         <input_file_ref idref="fl-e7"/>
      </object_component>
      <object_component id="oc-37a">
         <name>.text:CS_clearInterruptFlag</name>
         <load_address>0x1a68</load_address>
         <run_address>0x1a68</run_address>
         <size>0x30</size>
         <input_file_ref idref="fl-1e"/>
      </object_component>
      <object_component id="oc-273">
         <name>.text:GPIO_getInputPinValue</name>
         <load_address>0x1a98</load_address>
         <run_address>0x1a98</run_address>
         <size>0x30</size>
         <input_file_ref idref="fl-1f"/>
      </object_component>
      <object_component id="oc-e1">
         <name>.text:UART_receiveData</name>
         <load_address>0x1ac8</load_address>
         <run_address>0x1ac8</run_address>
         <size>0x30</size>
         <input_file_ref idref="fl-23"/>
      </object_component>
      <object_component id="oc-7f">
         <name>.text:EUSCIA2_IRQHandler</name>
         <load_address>0x1af8</load_address>
         <run_address>0x1af8</run_address>
         <size>0x2c</size>
         <input_file_ref idref="fl-a"/>
      </object_component>
      <object_component id="oc-cb">
         <name>.text:Timer_A_clearCaptureCompareInterrupt</name>
         <load_address>0x1b24</load_address>
         <run_address>0x1b24</run_address>
         <size>0x2c</size>
         <input_file_ref idref="fl-22"/>
      </object_component>
      <object_component id="oc-219">
         <name>.text:CS_getMCLK</name>
         <load_address>0x1b50</load_address>
         <run_address>0x1b50</run_address>
         <size>0x28</size>
         <input_file_ref idref="fl-1e"/>
      </object_component>
      <object_component id="oc-79">
         <name>.text:EUSCIA1_IRQHandler</name>
         <load_address>0x1b78</load_address>
         <run_address>0x1b78</run_address>
         <size>0x28</size>
         <input_file_ref idref="fl-9"/>
      </object_component>
      <object_component id="oc-166">
         <name>.text:GPIO_setOutputHighOnPin</name>
         <load_address>0x1ba0</load_address>
         <run_address>0x1ba0</run_address>
         <size>0x28</size>
         <input_file_ref idref="fl-1f"/>
      </object_component>
      <object_component id="oc-15a">
         <name>.text:GPIO_setOutputLowOnPin</name>
         <load_address>0x1bc8</load_address>
         <run_address>0x1bc8</run_address>
         <size>0x28</size>
         <input_file_ref idref="fl-1f"/>
      </object_component>
      <object_component id="oc-178">
         <name>.text:pulse_steering</name>
         <load_address>0x1bf0</load_address>
         <run_address>0x1bf0</run_address>
         <size>0x28</size>
         <input_file_ref idref="fl-f"/>
      </object_component>
      <object_component id="oc-306">
         <name>.text:I2C_Start</name>
         <load_address>0x1c18</load_address>
         <run_address>0x1c18</run_address>
         <size>0x24</size>
         <input_file_ref idref="fl-11"/>
      </object_component>
      <object_component id="oc-200">
         <name>.text:WDT_A_holdTimer</name>
         <load_address>0x1c3c</load_address>
         <run_address>0x1c3c</run_address>
         <size>0x24</size>
         <input_file_ref idref="fl-24"/>
      </object_component>
      <object_component id="oc-136">
         <name>.text:step_motor_init</name>
         <load_address>0x1c60</load_address>
         <run_address>0x1c60</run_address>
         <size>0x24</size>
         <input_file_ref idref="fl-f"/>
      </object_component>
      <object_component id="oc-206">
         <name>.text:CS_setExternalClockSourceFrequency</name>
         <load_address>0x1c84</load_address>
         <run_address>0x1c84</run_address>
         <size>0x20</size>
         <input_file_ref idref="fl-1e"/>
      </object_component>
      <object_component id="oc-255">
         <name>.text:I2C_SW_Configuration</name>
         <load_address>0x1ca4</load_address>
         <run_address>0x1ca4</run_address>
         <size>0x20</size>
         <input_file_ref idref="fl-11"/>
      </object_component>
      <object_component id="oc-73">
         <name>.text:TA3_0_IRQHandler</name>
         <load_address>0x1cc4</load_address>
         <run_address>0x1cc4</run_address>
         <size>0x20</size>
         <input_file_ref idref="fl-c"/>
      </object_component>
      <object_component id="oc-318">
         <name>.text:I2C_Stop</name>
         <load_address>0x1ce4</load_address>
         <run_address>0x1ce4</run_address>
         <size>0x1c</size>
         <input_file_ref idref="fl-11"/>
      </object_component>
      <object_component id="oc-312">
         <name>.text:I2C_WaitAck</name>
         <load_address>0x1d00</load_address>
         <run_address>0x1d00</run_address>
         <size>0x1c</size>
         <input_file_ref idref="fl-11"/>
      </object_component>
      <object_component id="oc-43">
         <name>.text:decompress:ZI:__TI_zero_init_nomemset:__TI_zero_init_nomemset</name>
         <load_address>0x1d1c</load_address>
         <run_address>0x1d1c</run_address>
         <size>0x1c</size>
         <input_file_ref idref="fl-e4"/>
      </object_component>
      <object_component id="oc-360">
         <name>.text:SysCtl_A_disableNMISource</name>
         <load_address>0x1d38</load_address>
         <run_address>0x1d38</run_address>
         <size>0x18</size>
         <input_file_ref idref="fl-21"/>
      </object_component>
      <object_component id="oc-36c">
         <name>.text:SysCtl_A_enableNMISource</name>
         <load_address>0x1d50</load_address>
         <run_address>0x1d50</run_address>
         <size>0x18</size>
         <input_file_ref idref="fl-21"/>
      </object_component>
      <object_component id="oc-d1">
         <name>.text:Timer_A_clearTimer</name>
         <load_address>0x1d68</load_address>
         <run_address>0x1d68</run_address>
         <size>0x18</size>
         <input_file_ref idref="fl-22"/>
      </object_component>
      <object_component id="oc-1e0">
         <name>.text:UART_getInterruptStatus</name>
         <load_address>0x1d80</load_address>
         <run_address>0x1d80</run_address>
         <size>0x18</size>
         <input_file_ref idref="fl-23"/>
      </object_component>
      <object_component id="oc-245">
         <name>.text:Timer_A_startCounter</name>
         <load_address>0x1d98</load_address>
         <run_address>0x1d98</run_address>
         <size>0x16</size>
         <input_file_ref idref="fl-22"/>
      </object_component>
      <object_component id="oc-20c">
         <name>.text:CS_startHFXT</name>
         <load_address>0x1dae</load_address>
         <run_address>0x1dae</run_address>
         <size>0x12</size>
         <input_file_ref idref="fl-1e"/>
      </object_component>
      <object_component id="oc-24b">
         <name>.text:Interrupt_enableMaster</name>
         <load_address>0x1dc0</load_address>
         <run_address>0x1dc0</run_address>
         <size>0x10</size>
         <input_file_ref idref="fl-20"/>
      </object_component>
      <object_component id="oc-35a">
         <name>.text:SysCtl_A_getNMISourceStatus</name>
         <load_address>0x1dd0</load_address>
         <run_address>0x1dd0</run_address>
         <size>0x10</size>
         <input_file_ref idref="fl-21"/>
      </object_component>
      <object_component id="oc-212">
         <name>.text:CS_startLFXT</name>
         <load_address>0x1de0</load_address>
         <run_address>0x1de0</run_address>
         <size>0xe</size>
         <input_file_ref idref="fl-1e"/>
      </object_component>
      <object_component id="oc-1d">
         <name>.text:decompress:none:__TI_decompress_none</name>
         <load_address>0x1dee</load_address>
         <run_address>0x1dee</run_address>
         <size>0xe</size>
         <input_file_ref idref="fl-e5"/>
      </object_component>
      <object_component id="oc-2fb">
         <name>.text:CPU_cpsie</name>
         <load_address>0x1dfc</load_address>
         <run_address>0x1dfc</run_address>
         <size>0xc</size>
         <input_file_ref idref="fl-25"/>
      </object_component>
      <object_component id="oc-12a">
         <name>.text:KEY_Init</name>
         <load_address>0x1e08</load_address>
         <run_address>0x1e08</run_address>
         <size>0xc</size>
         <input_file_ref idref="fl-6"/>
      </object_component>
      <object_component id="oc-67">
         <name>.text:Reset_Handler</name>
         <load_address>0x1e14</load_address>
         <run_address>0x1e14</run_address>
         <size>0xc</size>
         <input_file_ref idref="fl-13"/>
      </object_component>
      <object_component id="oc-ab">
         <name>.text:_system_pre_init</name>
         <load_address>0x1e20</load_address>
         <run_address>0x1e20</run_address>
         <size>0x4</size>
         <input_file_ref idref="fl-eb"/>
      </object_component>
      <object_component id="oc-184">
         <name>.text:abort:abort</name>
         <load_address>0x1e24</load_address>
         <run_address>0x1e24</run_address>
         <size>0x4</size>
         <input_file_ref idref="fl-ed"/>
      </object_component>
      <object_component id="oc-26d">
         <name>.const:GPIO_PORT_TO_BASE</name>
         <load_address>0x1e28</load_address>
         <run_address>0x1e28</run_address>
         <size>0x30</size>
         <input_file_ref idref="fl-1f"/>
      </object_component>
      <object_component id="oc-269">
         <name>.const:uartConfigOpen</name>
         <load_address>0x1e58</load_address>
         <run_address>0x1e58</run_address>
         <size>0x28</size>
         <input_file_ref idref="fl-a"/>
      </object_component>
      <object_component id="oc-251">
         <name>.const:upConfig</name>
         <load_address>0x1e80</load_address>
         <run_address>0x1e80</run_address>
         <size>0x18</size>
         <input_file_ref idref="fl-12"/>
      </object_component>
      <object_component id="oc-2f6">
         <name>.const:g_pulEnRegs</name>
         <load_address>0x1e98</load_address>
         <run_address>0x1e98</run_address>
         <size>0x8</size>
         <input_file_ref idref="fl-20"/>
      </object_component>
      <object_component id="oc-413">
         <name>__TI_handler_table</name>
         <load_address>0x1ea0</load_address>
         <run_address>0x1ea0</run_address>
         <size>0xc</size>
      </object_component>
      <object_component id="oc-415">
         <name>.cinit..data.load</name>
         <load_address>0x1eac</load_address>
         <run_address>0x1eac</run_address>
         <size>0xb</size>
      </object_component>
      <object_component id="oc-416">
         <name>.cinit..bss.load</name>
         <load_address>0x1eb8</load_address>
         <run_address>0x1eb8</run_address>
         <size>0x8</size>
      </object_component>
      <object_component id="oc-414">
         <name>__TI_cinit_table</name>
         <load_address>0x1ec0</load_address>
         <run_address>0x1ec0</run_address>
         <size>0x10</size>
      </object_component>
      <object_component id="oc-3e7">
         <name>.binit</name>
         <load_address>0x0</load_address>
         <run_address>0x0</run_address>
         <size>0x0</size>
      </object_component>
      <object_component id="oc-fd">
         <name>.data</name>
         <load_address>0x20000070</load_address>
         <run_address>0x20000070</run_address>
         <size>0x4</size>
         <input_file_ref idref="fl-7"/>
      </object_component>
      <object_component id="oc-1e8">
         <name>.data</name>
         <load_address>0x2000005e</load_address>
         <run_address>0x2000005e</run_address>
         <size>0x2</size>
         <input_file_ref idref="fl-9"/>
      </object_component>
      <object_component id="oc-f9">
         <name>.data</name>
         <load_address>0x20000074</load_address>
         <run_address>0x20000074</run_address>
         <size>0x3</size>
         <input_file_ref idref="fl-a"/>
      </object_component>
      <object_component id="oc-332">
         <name>.data</name>
         <load_address>0x20000050</load_address>
         <run_address>0x20000050</run_address>
         <size>0xe</size>
         <input_file_ref idref="fl-c"/>
      </object_component>
      <object_component id="oc-21f">
         <name>.data</name>
         <load_address>0x2000006c</load_address>
         <run_address>0x2000006c</run_address>
         <size>0x4</size>
         <input_file_ref idref="fl-e"/>
      </object_component>
      <object_component id="oc-280">
         <name>.data</name>
         <load_address>0x20000060</load_address>
         <run_address>0x20000060</run_address>
         <size>0xc</size>
         <input_file_ref idref="fl-f"/>
      </object_component>
      <object_component id="oc-1e9">
         <name>.bss:laser$1</name>
         <uninitialized>true</uninitialized>
         <run_address>0x20000020</run_address>
         <size>0x8</size>
         <input_file_ref idref="fl-9"/>
      </object_component>
      <object_component id="oc-1f3">
         <name>.bss:openmv$1</name>
         <uninitialized>true</uninitialized>
         <run_address>0x20000014</run_address>
         <size>0xc</size>
         <input_file_ref idref="fl-a"/>
      </object_component>
      <object_component id="oc-2d1">
         <name>.bss</name>
         <uninitialized>true</uninitialized>
         <run_address>0x20000028</run_address>
         <size>0x8</size>
         <input_file_ref idref="fl-1e"/>
      </object_component>
      <object_component id="oc-330">
         <name>.common:time_count_flag</name>
         <uninitialized>true</uninitialized>
         <run_address>0x20000048</run_address>
         <size>0x4</size>
      </object_component>
      <object_component id="oc-331">
         <name>.common:mission_time_count</name>
         <uninitialized>true</uninitialized>
         <run_address>0x20000044</run_address>
         <size>0x4</size>
      </object_component>
      <object_component id="oc-1ea">
         <name>.common:LaserMessage</name>
         <uninitialized>true</uninitialized>
         <run_address>0x20000040</run_address>
         <size>0x4</size>
      </object_component>
      <object_component id="oc-1f4">
         <name>.common:OpenmvMessage</name>
         <uninitialized>true</uninitialized>
         <run_address>0x20000000</run_address>
         <size>0x14</size>
      </object_component>
      <object_component id="oc-1f7">
         <name>.common:rect_x</name>
         <uninitialized>true</uninitialized>
         <run_address>0x20000030</run_address>
         <size>0x8</size>
      </object_component>
      <object_component id="oc-1f8">
         <name>.common:rect_y</name>
         <uninitialized>true</uninitialized>
         <run_address>0x20000038</run_address>
         <size>0x8</size>
      </object_component>
      <object_component id="oc-d7">
         <name>.common:main_control_flag</name>
         <uninitialized>true</uninitialized>
         <run_address>0x2000004c</run_address>
         <size>0x1</size>
      </object_component>
      <object_component id="oc-29">
         <name>.stack</name>
         <uninitialized>true</uninitialized>
         <run_address>0x2000fe00</run_address>
         <size>0x4</size>
         <input_file_ref idref="fl-e7"/>
      </object_component>
      <object_component id="oc-418">
         <name>.stack</name>
         <uninitialized>true</uninitialized>
         <run_address>0x2000fe00</run_address>
         <size>0x0</size>
      </object_component>
      <object_component id="oc-1fe">
         <name>.debug_info</name>
         <load_address>0x0</load_address>
         <run_address>0x0</run_address>
         <size>0xa6f</size>
         <input_file_ref idref="fl-2"/>
      </object_component>
      <object_component id="oc-b2">
         <name>.debug_info</name>
         <load_address>0xa6f</load_address>
         <run_address>0xa6f</run_address>
         <size>0x24f</size>
         <input_file_ref idref="fl-2"/>
      </object_component>
      <object_component id="oc-2c6">
         <name>.debug_info</name>
         <load_address>0xcbe</load_address>
         <run_address>0xcbe</run_address>
         <size>0xea</size>
         <input_file_ref idref="fl-2"/>
      </object_component>
      <object_component id="oc-2bf">
         <name>.debug_info</name>
         <load_address>0xda8</load_address>
         <run_address>0xda8</run_address>
         <size>0x86</size>
         <input_file_ref idref="fl-2"/>
      </object_component>
      <object_component id="oc-2cb">
         <name>.debug_info</name>
         <load_address>0xe2e</load_address>
         <run_address>0xe2e</run_address>
         <size>0x14d</size>
         <input_file_ref idref="fl-2"/>
      </object_component>
      <object_component id="oc-103">
         <name>.debug_info</name>
         <load_address>0xf7b</load_address>
         <run_address>0xf7b</run_address>
         <size>0x26b</size>
         <input_file_ref idref="fl-2"/>
      </object_component>
      <object_component id="oc-1d6">
         <name>.debug_info</name>
         <load_address>0x11e6</load_address>
         <run_address>0x11e6</run_address>
         <size>0x1028</size>
         <input_file_ref idref="fl-2"/>
      </object_component>
      <object_component id="oc-1d1">
         <name>.debug_info</name>
         <load_address>0x220e</load_address>
         <run_address>0x220e</run_address>
         <size>0x37e2</size>
         <input_file_ref idref="fl-2"/>
      </object_component>
      <object_component id="oc-2b8">
         <name>.debug_info</name>
         <load_address>0x59f0</load_address>
         <run_address>0x59f0</run_address>
         <size>0x86</size>
         <input_file_ref idref="fl-2"/>
      </object_component>
      <object_component id="oc-234">
         <name>.debug_info</name>
         <load_address>0x5a76</load_address>
         <run_address>0x5a76</run_address>
         <size>0x341</size>
         <input_file_ref idref="fl-2"/>
      </object_component>
      <object_component id="oc-17f">
         <name>.debug_info</name>
         <load_address>0x5db7</load_address>
         <run_address>0x5db7</run_address>
         <size>0x8b</size>
         <input_file_ref idref="fl-2"/>
      </object_component>
      <object_component id="oc-1ee">
         <name>.debug_info</name>
         <load_address>0x5e42</load_address>
         <run_address>0x5e42</run_address>
         <size>0x2a4</size>
         <input_file_ref idref="fl-2"/>
      </object_component>
      <object_component id="oc-1db">
         <name>.debug_info</name>
         <load_address>0x60e6</load_address>
         <run_address>0x60e6</run_address>
         <size>0xef</size>
         <input_file_ref idref="fl-2"/>
      </object_component>
      <object_component id="oc-ee">
         <name>.debug_info</name>
         <load_address>0x61d5</load_address>
         <run_address>0x61d5</run_address>
         <size>0xbb</size>
         <input_file_ref idref="fl-2"/>
      </object_component>
      <object_component id="oc-2b3">
         <name>.debug_info</name>
         <load_address>0x6290</load_address>
         <run_address>0x6290</run_address>
         <size>0x102</size>
         <input_file_ref idref="fl-2"/>
      </object_component>
      <object_component id="oc-c5">
         <name>.debug_info</name>
         <load_address>0x6392</load_address>
         <run_address>0x6392</run_address>
         <size>0x138</size>
         <input_file_ref idref="fl-3"/>
      </object_component>
      <object_component id="oc-32">
         <name>.debug_info</name>
         <load_address>0x64ca</load_address>
         <run_address>0x64ca</run_address>
         <size>0x84</size>
         <input_file_ref idref="fl-3"/>
      </object_component>
      <object_component id="oc-11b">
         <name>.debug_info</name>
         <load_address>0x654e</load_address>
         <run_address>0x654e</run_address>
         <size>0x1da</size>
         <input_file_ref idref="fl-4"/>
      </object_component>
      <object_component id="oc-12d">
         <name>.debug_info</name>
         <load_address>0x6728</load_address>
         <run_address>0x6728</run_address>
         <size>0x14a</size>
         <input_file_ref idref="fl-6"/>
      </object_component>
      <object_component id="oc-16f">
         <name>.debug_info</name>
         <load_address>0x6872</load_address>
         <run_address>0x6872</run_address>
         <size>0x1b3</size>
         <input_file_ref idref="fl-6"/>
      </object_component>
      <object_component id="oc-fe">
         <name>.debug_info</name>
         <load_address>0x6a25</load_address>
         <run_address>0x6a25</run_address>
         <size>0xe7</size>
         <input_file_ref idref="fl-7"/>
      </object_component>
      <object_component id="oc-132">
         <name>.debug_info</name>
         <load_address>0x6b0c</load_address>
         <run_address>0x6b0c</run_address>
         <size>0x199</size>
         <input_file_ref idref="fl-7"/>
      </object_component>
      <object_component id="oc-87">
         <name>.debug_info</name>
         <load_address>0x6ca5</load_address>
         <run_address>0x6ca5</run_address>
         <size>0x21b</size>
         <input_file_ref idref="fl-7"/>
      </object_component>
      <object_component id="oc-126">
         <name>.debug_info</name>
         <load_address>0x6ec0</load_address>
         <run_address>0x6ec0</run_address>
         <size>0x233</size>
         <input_file_ref idref="fl-8"/>
      </object_component>
      <object_component id="oc-162">
         <name>.debug_info</name>
         <load_address>0x70f3</load_address>
         <run_address>0x70f3</run_address>
         <size>0x239</size>
         <input_file_ref idref="fl-8"/>
      </object_component>
      <object_component id="oc-1eb">
         <name>.debug_info</name>
         <load_address>0x732c</load_address>
         <run_address>0x732c</run_address>
         <size>0x650</size>
         <input_file_ref idref="fl-9"/>
      </object_component>
      <object_component id="oc-e9">
         <name>.debug_info</name>
         <load_address>0x797c</load_address>
         <run_address>0x797c</run_address>
         <size>0x1c3</size>
         <input_file_ref idref="fl-9"/>
      </object_component>
      <object_component id="oc-7b">
         <name>.debug_info</name>
         <load_address>0x7b3f</load_address>
         <run_address>0x7b3f</run_address>
         <size>0x1c0</size>
         <input_file_ref idref="fl-9"/>
      </object_component>
      <object_component id="oc-1f5">
         <name>.debug_info</name>
         <load_address>0x7cff</load_address>
         <run_address>0x7cff</run_address>
         <size>0x6b8</size>
         <input_file_ref idref="fl-a"/>
      </object_component>
      <object_component id="oc-fa">
         <name>.debug_info</name>
         <load_address>0x83b7</load_address>
         <run_address>0x83b7</run_address>
         <size>0xe7</size>
         <input_file_ref idref="fl-a"/>
      </object_component>
      <object_component id="oc-26a">
         <name>.debug_info</name>
         <load_address>0x849e</load_address>
         <run_address>0x849e</run_address>
         <size>0xf7</size>
         <input_file_ref idref="fl-a"/>
      </object_component>
      <object_component id="oc-155">
         <name>.debug_info</name>
         <load_address>0x8595</load_address>
         <run_address>0x8595</run_address>
         <size>0x170</size>
         <input_file_ref idref="fl-a"/>
      </object_component>
      <object_component id="oc-f4">
         <name>.debug_info</name>
         <load_address>0x8705</load_address>
         <run_address>0x8705</run_address>
         <size>0x1cd</size>
         <input_file_ref idref="fl-a"/>
      </object_component>
      <object_component id="oc-80">
         <name>.debug_info</name>
         <load_address>0x88d2</load_address>
         <run_address>0x88d2</run_address>
         <size>0x1b1</size>
         <input_file_ref idref="fl-a"/>
      </object_component>
      <object_component id="oc-d8">
         <name>.debug_info</name>
         <load_address>0x8a83</load_address>
         <run_address>0x8a83</run_address>
         <size>0x7a4</size>
         <input_file_ref idref="fl-c"/>
      </object_component>
      <object_component id="oc-333">
         <name>.debug_info</name>
         <load_address>0x9227</load_address>
         <run_address>0x9227</run_address>
         <size>0x157</size>
         <input_file_ref idref="fl-c"/>
      </object_component>
      <object_component id="oc-285">
         <name>.debug_info</name>
         <load_address>0x937e</load_address>
         <run_address>0x937e</run_address>
         <size>0x1dc</size>
         <input_file_ref idref="fl-c"/>
      </object_component>
      <object_component id="oc-74">
         <name>.debug_info</name>
         <load_address>0x955a</load_address>
         <run_address>0x955a</run_address>
         <size>0x194</size>
         <input_file_ref idref="fl-c"/>
      </object_component>
      <object_component id="oc-220">
         <name>.debug_info</name>
         <load_address>0x96ee</load_address>
         <run_address>0x96ee</run_address>
         <size>0x100</size>
         <input_file_ref idref="fl-e"/>
      </object_component>
      <object_component id="oc-120">
         <name>.debug_info</name>
         <load_address>0x97ee</load_address>
         <run_address>0x97ee</run_address>
         <size>0x140</size>
         <input_file_ref idref="fl-e"/>
      </object_component>
      <object_component id="oc-32b">
         <name>.debug_info</name>
         <load_address>0x992e</load_address>
         <run_address>0x992e</run_address>
         <size>0x15c</size>
         <input_file_ref idref="fl-e"/>
      </object_component>
      <object_component id="oc-27b">
         <name>.debug_info</name>
         <load_address>0x9a8a</load_address>
         <run_address>0x9a8a</run_address>
         <size>0x15c</size>
         <input_file_ref idref="fl-e"/>
      </object_component>
      <object_component id="oc-281">
         <name>.debug_info</name>
         <load_address>0x9be6</load_address>
         <run_address>0x9be6</run_address>
         <size>0x174</size>
         <input_file_ref idref="fl-f"/>
      </object_component>
      <object_component id="oc-137">
         <name>.debug_info</name>
         <load_address>0x9d5a</load_address>
         <run_address>0x9d5a</run_address>
         <size>0x1a1</size>
         <input_file_ref idref="fl-f"/>
      </object_component>
      <object_component id="oc-174">
         <name>.debug_info</name>
         <load_address>0x9efb</load_address>
         <run_address>0x9efb</run_address>
         <size>0x19c</size>
         <input_file_ref idref="fl-f"/>
      </object_component>
      <object_component id="oc-179">
         <name>.debug_info</name>
         <load_address>0xa097</load_address>
         <run_address>0xa097</run_address>
         <size>0x14a</size>
         <input_file_ref idref="fl-f"/>
      </object_component>
      <object_component id="oc-256">
         <name>.debug_info</name>
         <load_address>0xa1e1</load_address>
         <run_address>0xa1e1</run_address>
         <size>0x14c</size>
         <input_file_ref idref="fl-11"/>
      </object_component>
      <object_component id="oc-307">
         <name>.debug_info</name>
         <load_address>0xa32d</load_address>
         <run_address>0xa32d</run_address>
         <size>0x127</size>
         <input_file_ref idref="fl-11"/>
      </object_component>
      <object_component id="oc-319">
         <name>.debug_info</name>
         <load_address>0xa454</load_address>
         <run_address>0xa454</run_address>
         <size>0x125</size>
         <input_file_ref idref="fl-11"/>
      </object_component>
      <object_component id="oc-313">
         <name>.debug_info</name>
         <load_address>0xa579</load_address>
         <run_address>0xa579</run_address>
         <size>0x12b</size>
         <input_file_ref idref="fl-11"/>
      </object_component>
      <object_component id="oc-30d">
         <name>.debug_info</name>
         <load_address>0xa6a4</load_address>
         <run_address>0xa6a4</run_address>
         <size>0x152</size>
         <input_file_ref idref="fl-11"/>
      </object_component>
      <object_component id="oc-25c">
         <name>.debug_info</name>
         <load_address>0xa7f6</load_address>
         <run_address>0xa7f6</run_address>
         <size>0x204</size>
         <input_file_ref idref="fl-11"/>
      </object_component>
      <object_component id="oc-14f">
         <name>.debug_info</name>
         <load_address>0xa9fa</load_address>
         <run_address>0xa9fa</run_address>
         <size>0x18d</size>
         <input_file_ref idref="fl-11"/>
      </object_component>
      <object_component id="oc-149">
         <name>.debug_info</name>
         <load_address>0xab87</load_address>
         <run_address>0xab87</run_address>
         <size>0x36a</size>
         <input_file_ref idref="fl-11"/>
      </object_component>
      <object_component id="oc-304">
         <name>.debug_info</name>
         <load_address>0xaef1</load_address>
         <run_address>0xaef1</run_address>
         <size>0x667</size>
         <input_file_ref idref="fl-12"/>
      </object_component>
      <object_component id="oc-252">
         <name>.debug_info</name>
         <load_address>0xb558</load_address>
         <run_address>0xb558</run_address>
         <size>0xe9</size>
         <input_file_ref idref="fl-12"/>
      </object_component>
      <object_component id="oc-13e">
         <name>.debug_info</name>
         <load_address>0xb641</load_address>
         <run_address>0xb641</run_address>
         <size>0x1ae</size>
         <input_file_ref idref="fl-12"/>
      </object_component>
      <object_component id="oc-144">
         <name>.debug_info</name>
         <load_address>0xb7ef</load_address>
         <run_address>0xb7ef</run_address>
         <size>0x1a7</size>
         <input_file_ref idref="fl-12"/>
      </object_component>
      <object_component id="oc-8d">
         <name>.debug_info</name>
         <load_address>0xb996</load_address>
         <run_address>0xb996</run_address>
         <size>0x2d8</size>
         <input_file_ref idref="fl-13"/>
      </object_component>
      <object_component id="oc-27">
         <name>.debug_info</name>
         <load_address>0xbc6e</load_address>
         <run_address>0xbc6e</run_address>
         <size>0x104</size>
         <input_file_ref idref="fl-13"/>
      </object_component>
      <object_component id="oc-69">
         <name>.debug_info</name>
         <load_address>0xbd72</load_address>
         <run_address>0xbd72</run_address>
         <size>0x167</size>
         <input_file_ref idref="fl-13"/>
      </object_component>
      <object_component id="oc-70">
         <name>.debug_info</name>
         <load_address>0xbed9</load_address>
         <run_address>0xbed9</run_address>
         <size>0x14f</size>
         <input_file_ref idref="fl-13"/>
      </object_component>
      <object_component id="oc-357">
         <name>.debug_info</name>
         <load_address>0xc028</load_address>
         <run_address>0xc028</run_address>
         <size>0x807</size>
         <input_file_ref idref="fl-1e"/>
      </object_component>
      <object_component id="oc-2d2">
         <name>.debug_info</name>
         <load_address>0xc82f</load_address>
         <run_address>0xc82f</run_address>
         <size>0x140</size>
         <input_file_ref idref="fl-1e"/>
      </object_component>
      <object_component id="oc-367">
         <name>.debug_info</name>
         <load_address>0xc96f</load_address>
         <run_address>0xc96f</run_address>
         <size>0x1a8</size>
         <input_file_ref idref="fl-1e"/>
      </object_component>
      <object_component id="oc-375">
         <name>.debug_info</name>
         <load_address>0xcb17</load_address>
         <run_address>0xcb17</run_address>
         <size>0x1d9</size>
         <input_file_ref idref="fl-1e"/>
      </object_component>
      <object_component id="oc-2e4">
         <name>.debug_info</name>
         <load_address>0xccf0</load_address>
         <run_address>0xccf0</run_address>
         <size>0x2a8</size>
         <input_file_ref idref="fl-1e"/>
      </object_component>
      <object_component id="oc-3d7">
         <name>.debug_info</name>
         <load_address>0xcf98</load_address>
         <run_address>0xcf98</run_address>
         <size>0x1be</size>
         <input_file_ref idref="fl-1e"/>
      </object_component>
      <object_component id="oc-207">
         <name>.debug_info</name>
         <load_address>0xd156</load_address>
         <run_address>0xd156</run_address>
         <size>0x291</size>
         <input_file_ref idref="fl-1e"/>
      </object_component>
      <object_component id="oc-20d">
         <name>.debug_info</name>
         <load_address>0xd3e7</load_address>
         <run_address>0xd3e7</run_address>
         <size>0x1f7</size>
         <input_file_ref idref="fl-1e"/>
      </object_component>
      <object_component id="oc-2d6">
         <name>.debug_info</name>
         <load_address>0xd5de</load_address>
         <run_address>0xd5de</run_address>
         <size>0x2f9</size>
         <input_file_ref idref="fl-1e"/>
      </object_component>
      <object_component id="oc-213">
         <name>.debug_info</name>
         <load_address>0xd8d7</load_address>
         <run_address>0xd8d7</run_address>
         <size>0x1eb</size>
         <input_file_ref idref="fl-1e"/>
      </object_component>
      <object_component id="oc-2dd">
         <name>.debug_info</name>
         <load_address>0xdac2</load_address>
         <run_address>0xdac2</run_address>
         <size>0x2d7</size>
         <input_file_ref idref="fl-1e"/>
      </object_component>
      <object_component id="oc-381">
         <name>.debug_info</name>
         <load_address>0xdd99</load_address>
         <run_address>0xdd99</run_address>
         <size>0x28f</size>
         <input_file_ref idref="fl-1e"/>
      </object_component>
      <object_component id="oc-21a">
         <name>.debug_info</name>
         <load_address>0xe028</load_address>
         <run_address>0xe028</run_address>
         <size>0x1e9</size>
         <input_file_ref idref="fl-1e"/>
      </object_component>
      <object_component id="oc-37b">
         <name>.debug_info</name>
         <load_address>0xe211</load_address>
         <run_address>0xe211</run_address>
         <size>0x1d3</size>
         <input_file_ref idref="fl-1e"/>
      </object_component>
      <object_component id="oc-38a">
         <name>.debug_info</name>
         <load_address>0xe3e4</load_address>
         <run_address>0xe3e4</run_address>
         <size>0x431a</size>
         <input_file_ref idref="fl-1e"/>
      </object_component>
      <object_component id="oc-3c5">
         <name>.debug_info</name>
         <load_address>0x126fe</load_address>
         <run_address>0x126fe</run_address>
         <size>0x1b5</size>
         <input_file_ref idref="fl-1e"/>
      </object_component>
      <object_component id="oc-399">
         <name>.debug_info</name>
         <load_address>0x128b3</load_address>
         <run_address>0x128b3</run_address>
         <size>0x26b</size>
         <input_file_ref idref="fl-1e"/>
      </object_component>
      <object_component id="oc-38f">
         <name>.debug_info</name>
         <load_address>0x12b1e</load_address>
         <run_address>0x12b1e</run_address>
         <size>0x1028</size>
         <input_file_ref idref="fl-1e"/>
      </object_component>
      <object_component id="oc-2ab">
         <name>.debug_info</name>
         <load_address>0x13b46</load_address>
         <run_address>0x13b46</run_address>
         <size>0x297</size>
         <input_file_ref idref="fl-1e"/>
      </object_component>
      <object_component id="oc-1c9">
         <name>.debug_info</name>
         <load_address>0x13ddd</load_address>
         <run_address>0x13ddd</run_address>
         <size>0xef</size>
         <input_file_ref idref="fl-1e"/>
      </object_component>
      <object_component id="oc-1c4">
         <name>.debug_info</name>
         <load_address>0x13ecc</load_address>
         <run_address>0x13ecc</run_address>
         <size>0xbb</size>
         <input_file_ref idref="fl-1e"/>
      </object_component>
      <object_component id="oc-325">
         <name>.debug_info</name>
         <load_address>0x13f87</load_address>
         <run_address>0x13f87</run_address>
         <size>0x701</size>
         <input_file_ref idref="fl-1f"/>
      </object_component>
      <object_component id="oc-26e">
         <name>.debug_info</name>
         <load_address>0x14688</load_address>
         <run_address>0x14688</run_address>
         <size>0x135</size>
         <input_file_ref idref="fl-1f"/>
      </object_component>
      <object_component id="oc-225">
         <name>.debug_info</name>
         <load_address>0x147bd</load_address>
         <run_address>0x147bd</run_address>
         <size>0x252</size>
         <input_file_ref idref="fl-1f"/>
      </object_component>
      <object_component id="oc-168">
         <name>.debug_info</name>
         <load_address>0x14a0f</load_address>
         <run_address>0x14a0f</run_address>
         <size>0x25a</size>
         <input_file_ref idref="fl-1f"/>
      </object_component>
      <object_component id="oc-15c">
         <name>.debug_info</name>
         <load_address>0x14c69</load_address>
         <run_address>0x14c69</run_address>
         <size>0x258</size>
         <input_file_ref idref="fl-1f"/>
      </object_component>
      <object_component id="oc-22c">
         <name>.debug_info</name>
         <load_address>0x14ec1</load_address>
         <run_address>0x14ec1</run_address>
         <size>0x274</size>
         <input_file_ref idref="fl-1f"/>
      </object_component>
      <object_component id="oc-275">
         <name>.debug_info</name>
         <load_address>0x15135</load_address>
         <run_address>0x15135</run_address>
         <size>0x27e</size>
         <input_file_ref idref="fl-1f"/>
      </object_component>
      <object_component id="oc-3a0">
         <name>.debug_info</name>
         <load_address>0x153b3</load_address>
         <run_address>0x153b3</run_address>
         <size>0x68f</size>
         <input_file_ref idref="fl-20"/>
      </object_component>
      <object_component id="oc-2f7">
         <name>.debug_info</name>
         <load_address>0x15a42</load_address>
         <run_address>0x15a42</run_address>
         <size>0x12e</size>
         <input_file_ref idref="fl-20"/>
      </object_component>
      <object_component id="oc-24d">
         <name>.debug_info</name>
         <load_address>0x15b70</load_address>
         <run_address>0x15b70</run_address>
         <size>0x1d5</size>
         <input_file_ref idref="fl-20"/>
      </object_component>
      <object_component id="oc-241">
         <name>.debug_info</name>
         <load_address>0x15d45</load_address>
         <run_address>0x15d45</run_address>
         <size>0x219</size>
         <input_file_ref idref="fl-20"/>
      </object_component>
      <object_component id="oc-3e0">
         <name>.debug_info</name>
         <load_address>0x15f5e</load_address>
         <run_address>0x15f5e</run_address>
         <size>0x5c9</size>
         <input_file_ref idref="fl-21"/>
      </object_component>
      <object_component id="oc-3d1">
         <name>.debug_info</name>
         <load_address>0x16527</load_address>
         <run_address>0x16527</run_address>
         <size>0x298</size>
         <input_file_ref idref="fl-21"/>
      </object_component>
      <object_component id="oc-361">
         <name>.debug_info</name>
         <load_address>0x167bf</load_address>
         <run_address>0x167bf</run_address>
         <size>0x1eb</size>
         <input_file_ref idref="fl-21"/>
      </object_component>
      <object_component id="oc-36d">
         <name>.debug_info</name>
         <load_address>0x169aa</load_address>
         <run_address>0x169aa</run_address>
         <size>0x1e9</size>
         <input_file_ref idref="fl-21"/>
      </object_component>
      <object_component id="oc-35b">
         <name>.debug_info</name>
         <load_address>0x16b93</load_address>
         <run_address>0x16b93</run_address>
         <size>0x1cc</size>
         <input_file_ref idref="fl-21"/>
      </object_component>
      <object_component id="oc-2f5">
         <name>.debug_info</name>
         <load_address>0x16d5f</load_address>
         <run_address>0x16d5f</run_address>
         <size>0x725</size>
         <input_file_ref idref="fl-22"/>
      </object_component>
      <object_component id="oc-2ef">
         <name>.debug_info</name>
         <load_address>0x17484</load_address>
         <run_address>0x17484</run_address>
         <size>0x25e</size>
         <input_file_ref idref="fl-22"/>
      </object_component>
      <object_component id="oc-246">
         <name>.debug_info</name>
         <load_address>0x176e2</load_address>
         <run_address>0x176e2</run_address>
         <size>0x215</size>
         <input_file_ref idref="fl-22"/>
      </object_component>
      <object_component id="oc-23a">
         <name>.debug_info</name>
         <load_address>0x178f7</load_address>
         <run_address>0x178f7</run_address>
         <size>0x23d</size>
         <input_file_ref idref="fl-22"/>
      </object_component>
      <object_component id="oc-d2">
         <name>.debug_info</name>
         <load_address>0x17b34</load_address>
         <run_address>0x17b34</run_address>
         <size>0x1dd</size>
         <input_file_ref idref="fl-22"/>
      </object_component>
      <object_component id="oc-cc">
         <name>.debug_info</name>
         <load_address>0x17d11</load_address>
         <run_address>0x17d11</run_address>
         <size>0x27c</size>
         <input_file_ref idref="fl-22"/>
      </object_component>
      <object_component id="oc-394">
         <name>.debug_info</name>
         <load_address>0x17f8d</load_address>
         <run_address>0x17f8d</run_address>
         <size>0x341</size>
         <input_file_ref idref="fl-22"/>
      </object_component>
      <object_component id="oc-320">
         <name>.debug_info</name>
         <load_address>0x182ce</load_address>
         <run_address>0x182ce</run_address>
         <size>0x6eb</size>
         <input_file_ref idref="fl-23"/>
      </object_component>
      <object_component id="oc-265">
         <name>.debug_info</name>
         <load_address>0x189b9</load_address>
         <run_address>0x189b9</run_address>
         <size>0x234</size>
         <input_file_ref idref="fl-23"/>
      </object_component>
      <object_component id="oc-e3">
         <name>.debug_info</name>
         <load_address>0x18bed</load_address>
         <run_address>0x18bed</run_address>
         <size>0x1f5</size>
         <input_file_ref idref="fl-23"/>
      </object_component>
      <object_component id="oc-1e2">
         <name>.debug_info</name>
         <load_address>0x18de2</load_address>
         <run_address>0x18de2</run_address>
         <size>0x229</size>
         <input_file_ref idref="fl-23"/>
      </object_component>
      <object_component id="oc-dd">
         <name>.debug_info</name>
         <load_address>0x1900b</load_address>
         <run_address>0x1900b</run_address>
         <size>0x26c</size>
         <input_file_ref idref="fl-23"/>
      </object_component>
      <object_component id="oc-3aa">
         <name>.debug_info</name>
         <load_address>0x19277</load_address>
         <run_address>0x19277</run_address>
         <size>0x102</size>
         <input_file_ref idref="fl-23"/>
      </object_component>
      <object_component id="oc-203">
         <name>.debug_info</name>
         <load_address>0x19379</load_address>
         <run_address>0x19379</run_address>
         <size>0x1c9</size>
         <input_file_ref idref="fl-24"/>
      </object_component>
      <object_component id="oc-2fc">
         <name>.debug_info</name>
         <load_address>0x19542</load_address>
         <run_address>0x19542</run_address>
         <size>0x19a</size>
         <input_file_ref idref="fl-25"/>
      </object_component>
      <object_component id="oc-a4">
         <name>.debug_info</name>
         <load_address>0x196dc</load_address>
         <run_address>0x196dc</run_address>
         <size>0x2d4</size>
         <input_file_ref idref="fl-e4"/>
      </object_component>
      <object_component id="oc-44">
         <name>.debug_info</name>
         <load_address>0x199b0</load_address>
         <run_address>0x199b0</run_address>
         <size>0x1d2</size>
         <input_file_ref idref="fl-e4"/>
      </object_component>
      <object_component id="oc-9f">
         <name>.debug_info</name>
         <load_address>0x19b82</load_address>
         <run_address>0x19b82</run_address>
         <size>0x46</size>
         <input_file_ref idref="fl-e4"/>
      </object_component>
      <object_component id="oc-10f">
         <name>.debug_info</name>
         <load_address>0x19bc8</load_address>
         <run_address>0x19bc8</run_address>
         <size>0x2c</size>
         <input_file_ref idref="fl-e4"/>
      </object_component>
      <object_component id="oc-42">
         <name>.debug_info</name>
         <load_address>0x19bf4</load_address>
         <run_address>0x19bf4</run_address>
         <size>0x2a8</size>
         <input_file_ref idref="fl-e5"/>
      </object_component>
      <object_component id="oc-21">
         <name>.debug_info</name>
         <load_address>0x19e9c</load_address>
         <run_address>0x19e9c</run_address>
         <size>0x1ea</size>
         <input_file_ref idref="fl-e5"/>
      </object_component>
      <object_component id="oc-3d">
         <name>.debug_info</name>
         <load_address>0x1a086</load_address>
         <run_address>0x1a086</run_address>
         <size>0x46</size>
         <input_file_ref idref="fl-e5"/>
      </object_component>
      <object_component id="oc-97">
         <name>.debug_info</name>
         <load_address>0x1a0cc</load_address>
         <run_address>0x1a0cc</run_address>
         <size>0x2c</size>
         <input_file_ref idref="fl-e5"/>
      </object_component>
      <object_component id="oc-95">
         <name>.debug_info</name>
         <load_address>0x1a0f8</load_address>
         <run_address>0x1a0f8</run_address>
         <size>0x29e</size>
         <input_file_ref idref="fl-e6"/>
      </object_component>
      <object_component id="oc-19">
         <name>.debug_info</name>
         <load_address>0x1a396</load_address>
         <run_address>0x1a396</run_address>
         <size>0x250</size>
         <input_file_ref idref="fl-e6"/>
      </object_component>
      <object_component id="oc-2d">
         <name>.debug_info</name>
         <load_address>0x1a5e6</load_address>
         <run_address>0x1a5e6</run_address>
         <size>0x60</size>
         <input_file_ref idref="fl-e6"/>
      </object_component>
      <object_component id="oc-108">
         <name>.debug_info</name>
         <load_address>0x1a646</load_address>
         <run_address>0x1a646</run_address>
         <size>0x46</size>
         <input_file_ref idref="fl-e6"/>
      </object_component>
      <object_component id="oc-90">
         <name>.debug_info</name>
         <load_address>0x1a68c</load_address>
         <run_address>0x1a68c</run_address>
         <size>0x39</size>
         <input_file_ref idref="fl-e6"/>
      </object_component>
      <object_component id="oc-2a">
         <name>.debug_info</name>
         <load_address>0x1a6c5</load_address>
         <run_address>0x1a6c5</run_address>
         <size>0x10b</size>
         <input_file_ref idref="fl-e7"/>
      </object_component>
      <object_component id="oc-56">
         <name>.debug_info</name>
         <load_address>0x1a7d0</load_address>
         <run_address>0x1a7d0</run_address>
         <size>0x1a9</size>
         <input_file_ref idref="fl-e7"/>
      </object_component>
      <object_component id="oc-3a">
         <name>.debug_info</name>
         <load_address>0x1a979</load_address>
         <run_address>0x1a979</run_address>
         <size>0x119</size>
         <input_file_ref idref="fl-e8"/>
      </object_component>
      <object_component id="oc-296">
         <name>.debug_info</name>
         <load_address>0x1aa92</load_address>
         <run_address>0x1aa92</run_address>
         <size>0x4b3</size>
         <input_file_ref idref="fl-ea"/>
      </object_component>
      <object_component id="oc-194">
         <name>.debug_info</name>
         <load_address>0x1af45</load_address>
         <run_address>0x1af45</run_address>
         <size>0x1a6</size>
         <input_file_ref idref="fl-ea"/>
      </object_component>
      <object_component id="oc-346">
         <name>.debug_info</name>
         <load_address>0x1b0eb</load_address>
         <run_address>0x1b0eb</run_address>
         <size>0x39</size>
         <input_file_ref idref="fl-ea"/>
      </object_component>
      <object_component id="oc-3b7">
         <name>.debug_info</name>
         <load_address>0x1b124</load_address>
         <run_address>0x1b124</run_address>
         <size>0x39</size>
         <input_file_ref idref="fl-ea"/>
      </object_component>
      <object_component id="oc-34b">
         <name>.debug_info</name>
         <load_address>0x1b15d</load_address>
         <run_address>0x1b15d</run_address>
         <size>0x39</size>
         <input_file_ref idref="fl-ea"/>
      </object_component>
      <object_component id="oc-350">
         <name>.debug_info</name>
         <load_address>0x1b196</load_address>
         <run_address>0x1b196</run_address>
         <size>0xcd</size>
         <input_file_ref idref="fl-ea"/>
      </object_component>
      <object_component id="oc-ac">
         <name>.debug_info</name>
         <load_address>0x1b263</load_address>
         <run_address>0x1b263</run_address>
         <size>0x153</size>
         <input_file_ref idref="fl-eb"/>
      </object_component>
      <object_component id="oc-186">
         <name>.debug_info</name>
         <load_address>0x1b3b6</load_address>
         <run_address>0x1b3b6</run_address>
         <size>0x122</size>
         <input_file_ref idref="fl-ed"/>
      </object_component>
      <object_component id="oc-419">
         <name>.debug_info</name>
         <load_address>0x1b4d8</load_address>
         <run_address>0x1b4d8</run_address>
         <size>0xac</size>
      </object_component>
      <object_component id="oc-2c5">
         <name>.debug_line</name>
         <load_address>0x0</load_address>
         <run_address>0x0</run_address>
         <size>0x44e</size>
         <input_file_ref idref="fl-2"/>
      </object_component>
      <object_component id="oc-b5">
         <name>.debug_line</name>
         <load_address>0x44e</load_address>
         <run_address>0x44e</run_address>
         <size>0x59</size>
         <input_file_ref idref="fl-2"/>
      </object_component>
      <object_component id="oc-2c9">
         <name>.debug_line</name>
         <load_address>0x4a7</load_address>
         <run_address>0x4a7</run_address>
         <size>0x6a</size>
         <input_file_ref idref="fl-2"/>
      </object_component>
      <object_component id="oc-2c2">
         <name>.debug_line</name>
         <load_address>0x511</load_address>
         <run_address>0x511</run_address>
         <size>0x70</size>
         <input_file_ref idref="fl-2"/>
      </object_component>
      <object_component id="oc-2ce">
         <name>.debug_line</name>
         <load_address>0x581</load_address>
         <run_address>0x581</run_address>
         <size>0x6b</size>
         <input_file_ref idref="fl-2"/>
      </object_component>
      <object_component id="oc-106">
         <name>.debug_line</name>
         <load_address>0x5ec</load_address>
         <run_address>0x5ec</run_address>
         <size>0x7c</size>
         <input_file_ref idref="fl-2"/>
      </object_component>
      <object_component id="oc-1d9">
         <name>.debug_line</name>
         <load_address>0x668</load_address>
         <run_address>0x668</run_address>
         <size>0x8d</size>
         <input_file_ref idref="fl-2"/>
      </object_component>
      <object_component id="oc-1d4">
         <name>.debug_line</name>
         <load_address>0x6f5</load_address>
         <run_address>0x6f5</run_address>
         <size>0x90</size>
         <input_file_ref idref="fl-2"/>
      </object_component>
      <object_component id="oc-2bb">
         <name>.debug_line</name>
         <load_address>0x785</load_address>
         <run_address>0x785</run_address>
         <size>0x6e</size>
         <input_file_ref idref="fl-2"/>
      </object_component>
      <object_component id="oc-237">
         <name>.debug_line</name>
         <load_address>0x7f3</load_address>
         <run_address>0x7f3</run_address>
         <size>0x92</size>
         <input_file_ref idref="fl-2"/>
      </object_component>
      <object_component id="oc-182">
         <name>.debug_line</name>
         <load_address>0x885</load_address>
         <run_address>0x885</run_address>
         <size>0x20</size>
         <input_file_ref idref="fl-2"/>
      </object_component>
      <object_component id="oc-1f1">
         <name>.debug_line</name>
         <load_address>0x8a5</load_address>
         <run_address>0x8a5</run_address>
         <size>0x80</size>
         <input_file_ref idref="fl-2"/>
      </object_component>
      <object_component id="oc-1de">
         <name>.debug_line</name>
         <load_address>0x925</load_address>
         <run_address>0x925</run_address>
         <size>0x7c</size>
         <input_file_ref idref="fl-2"/>
      </object_component>
      <object_component id="oc-f1">
         <name>.debug_line</name>
         <load_address>0x9a1</load_address>
         <run_address>0x9a1</run_address>
         <size>0x7d</size>
         <input_file_ref idref="fl-2"/>
      </object_component>
      <object_component id="oc-2b6">
         <name>.debug_line</name>
         <load_address>0xa1e</load_address>
         <run_address>0xa1e</run_address>
         <size>0x8f</size>
         <input_file_ref idref="fl-2"/>
      </object_component>
      <object_component id="oc-c8">
         <name>.debug_line</name>
         <load_address>0xaad</load_address>
         <run_address>0xaad</run_address>
         <size>0x66</size>
         <input_file_ref idref="fl-3"/>
      </object_component>
      <object_component id="oc-35">
         <name>.debug_line</name>
         <load_address>0xb13</load_address>
         <run_address>0xb13</run_address>
         <size>0x20</size>
         <input_file_ref idref="fl-3"/>
      </object_component>
      <object_component id="oc-11a">
         <name>.debug_line</name>
         <load_address>0xb33</load_address>
         <run_address>0xb33</run_address>
         <size>0x5b</size>
         <input_file_ref idref="fl-4"/>
      </object_component>
      <object_component id="oc-12b">
         <name>.debug_line</name>
         <load_address>0xb8e</load_address>
         <run_address>0xb8e</run_address>
         <size>0x4a</size>
         <input_file_ref idref="fl-6"/>
      </object_component>
      <object_component id="oc-16e">
         <name>.debug_line</name>
         <load_address>0xbd8</load_address>
         <run_address>0xbd8</run_address>
         <size>0x62</size>
         <input_file_ref idref="fl-6"/>
      </object_component>
      <object_component id="oc-1fd">
         <name>.debug_line</name>
         <load_address>0xc3a</load_address>
         <run_address>0xc3a</run_address>
         <size>0x3f</size>
         <input_file_ref idref="fl-7"/>
      </object_component>
      <object_component id="oc-134">
         <name>.debug_line</name>
         <load_address>0xc79</load_address>
         <run_address>0xc79</run_address>
         <size>0x5f</size>
         <input_file_ref idref="fl-7"/>
      </object_component>
      <object_component id="oc-8a">
         <name>.debug_line</name>
         <load_address>0xcd8</load_address>
         <run_address>0xcd8</run_address>
         <size>0x83</size>
         <input_file_ref idref="fl-7"/>
      </object_component>
      <object_component id="oc-125">
         <name>.debug_line</name>
         <load_address>0xd5b</load_address>
         <run_address>0xd5b</run_address>
         <size>0x53</size>
         <input_file_ref idref="fl-8"/>
      </object_component>
      <object_component id="oc-161">
         <name>.debug_line</name>
         <load_address>0xdae</load_address>
[...]
      </symbol>
      <symbol id="sm-e6">
         <name>PORT4_IRQHandler</name>
         <value>0x2ed</value>
         <object_component_ref idref="oc-85"/>
      </symbol>
      <symbol id="sm-e7">
         <name>KeyboardInit</name>
         <value>0xf89</value>
         <object_component_ref idref="oc-130"/>
      </symbol>
      <symbol id="sm-ff">
         <name>LED_Init</name>
         <value>0x1861</value>
         <object_component_ref idref="oc-124"/>
      </symbol>
      <symbol id="sm-100">
         <name>LED2_RGB</name>
         <value>0x17b1</value>
         <object_component_ref idref="oc-160"/>
      </symbol>
      <symbol id="sm-134">
         <name>LaserMessage</name>
         <value>0x20000040</value>
      </symbol>
      <symbol id="sm-135">
         <name>Laser_Receive_Data</name>
         <value>0x485</value>
         <object_component_ref idref="oc-e7"/>
      </symbol>
      <symbol id="sm-136">
         <name>EUSCIA1_IRQHandler</name>
         <value>0x1b79</value>
         <object_component_ref idref="oc-79"/>
      </symbol>
      <symbol id="sm-18b">
         <name>OpenmvMessage</name>
         <value>0x20000000</value>
      </symbol>
      <symbol id="sm-18c">
         <name>rect_x</name>
         <value>0x20000030</value>
      </symbol>
      <symbol id="sm-18d">
         <name>rect_y</name>
         <value>0x20000038</value>
      </symbol>
      <symbol id="sm-18e">
         <name>Openmv_Init</name>
         <value>0x163d</value>
         <object_component_ref idref="oc-154"/>
      </symbol>
      <symbol id="sm-18f">
         <name>EUSCIA2_IRQHandler</name>
         <value>0x1af9</value>
         <object_component_ref idref="oc-7f"/>
      </symbol>
      <symbol id="sm-190">
         <name>RXData</name>
         <value>0x20000074</value>
         <object_component_ref idref="oc-f9"/>
      </symbol>
      <symbol id="sm-191">
         <name>uartConfigOpen</name>
         <value>0x1e58</value>
         <object_component_ref idref="oc-269"/>
      </symbol>
      <symbol id="sm-192">
         <name>Openmv_Receive_Data</name>
         <value>0xe5</value>
         <object_component_ref idref="oc-f3"/>
      </symbol>
      <symbol id="sm-1c4">
         <name>main_control_flag</name>
         <value>0x2000004c</value>
      </symbol>
      <symbol id="sm-1c5">
         <name>main_control</name>
         <value>0xecd</value>
         <object_component_ref idref="oc-284"/>
      </symbol>
      <symbol id="sm-1c6">
         <name>times</name>
         <value>0x2000005c</value>
         <object_component_ref idref="oc-332"/>
      </symbol>
      <symbol id="sm-1c7">
         <name>yaw_step</name>
         <value>0x20000050</value>
         <object_component_ref idref="oc-332"/>
      </symbol>
      <symbol id="sm-1c8">
         <name>TA3_0_IRQHandler</name>
         <value>0x1cc5</value>
         <object_component_ref idref="oc-73"/>
      </symbol>
      <symbol id="sm-1c9">
         <name>pitch_step</name>
         <value>0x20000054</value>
         <object_component_ref idref="oc-332"/>
      </symbol>
      <symbol id="sm-1ca">
         <name>laser_angle</name>
         <value>0x20000058</value>
         <object_component_ref idref="oc-332"/>
      </symbol>
      <symbol id="sm-201">
         <name>delay_us</name>
         <value>0x1809</value>
         <object_component_ref idref="oc-32a"/>
      </symbol>
      <symbol id="sm-202">
         <name>delay_init</name>
         <value>0x19c5</value>
         <object_component_ref idref="oc-11e"/>
      </symbol>
      <symbol id="sm-203">
         <name>delay_ms</name>
         <value>0x16fd</value>
         <object_component_ref idref="oc-279"/>
      </symbol>
      <symbol id="sm-232">
         <name>pitch_pulse_count</name>
         <value>0x20000068</value>
         <object_component_ref idref="oc-280"/>
      </symbol>
      <symbol id="sm-233">
         <name>pitch_angle</name>
         <value>0x20000060</value>
         <object_component_ref idref="oc-280"/>
      </symbol>
      <symbol id="sm-234">
         <name>step_motor_init</name>
         <value>0x1c61</value>
         <object_component_ref idref="oc-136"/>
      </symbol>
      <symbol id="sm-235">
         <name>set_pulse_pitch</name>
         <value>0x169d</value>
         <object_component_ref idref="oc-172"/>
      </symbol>
      <symbol id="sm-236">
         <name>yaw_pulse_count</name>
         <value>0x2000006a</value>
         <object_component_ref idref="oc-280"/>
      </symbol>
      <symbol id="sm-237">
         <name>yaw_angle</name>
         <value>0x20000064</value>
         <object_component_ref idref="oc-280"/>
      </symbol>
      <symbol id="sm-238">
         <name>pulse_steering</name>
         <value>0x1bf1</value>
         <object_component_ref idref="oc-178"/>
      </symbol>
      <symbol id="sm-294">
         <name>I2C_WaitAck</name>
         <value>0x1d01</value>
         <object_component_ref idref="oc-312"/>
      </symbol>
      <symbol id="sm-295">
         <name>OLED_WR_Byte</name>
         <value>0x1941</value>
         <object_component_ref idref="oc-25b"/>
      </symbol>
      <symbol id="sm-296">
         <name>OLED_Init</name>
         <value>0xa75</value>
         <object_component_ref idref="oc-148"/>
      </symbol>
      <symbol id="sm-297">
         <name>I2C_SW_Configuration</name>
         <value>0x1ca5</value>
         <object_component_ref idref="oc-255"/>
      </symbol>
      <symbol id="sm-298">
         <name>OLED_Clear</name>
         <value>0x13d1</value>
         <object_component_ref idref="oc-14e"/>
      </symbol>
      <symbol id="sm-299">
         <name>I2C_Start</name>
         <value>0x1c19</value>
         <object_component_ref idref="oc-306"/>
      </symbol>
      <symbol id="sm-29a">
         <name>I2C_Stop</name>
         <value>0x1ce5</value>
         <object_component_ref idref="oc-318"/>
      </symbol>
      <symbol id="sm-29b">
         <name>Send_Byte</name>
         <value>0x143d</value>
         <object_component_ref idref="oc-30c"/>
      </symbol>
      <symbol id="sm-2be">
         <name>upConfig</name>
         <value>0x1e80</value>
         <object_component_ref idref="oc-251"/>
      </symbol>
      <symbol id="sm-2bf">
         <name>TA3_IT_INIT</name>
         <value>0x1a01</value>
         <object_component_ref idref="oc-142"/>
      </symbol>
      <symbol id="sm-2c0">
         <name>TimA2_Init</name>
         <value>0x1361</value>
         <object_component_ref idref="oc-13c"/>
      </symbol>
      <symbol id="sm-2dc">
         <name>Reset_Handler</name>
         <value>0x1e15</value>
         <object_component_ref idref="oc-67"/>
      </symbol>
      <symbol id="sm-2dd">
         <name>Default_Handler</name>
         <value>0x143b</value>
         <object_component_ref idref="oc-6d"/>
      </symbol>
      <symbol id="sm-2de">
         <name>interruptVectors</name>
         <value>0x0</value>
         <object_component_ref idref="oc-26"/>
      </symbol>
      <symbol id="sm-3f6">
         <name>CS_startLFXT</name>
         <value>0x1de1</value>
         <object_component_ref idref="oc-212"/>
      </symbol>
      <symbol id="sm-3f7">
         <name>CS_getMCLK</name>
         <value>0x1b51</value>
         <object_component_ref idref="oc-219"/>
      </symbol>
      <symbol id="sm-3f8">
         <name>CS_clearInterruptFlag</name>
         <value>0x1a69</value>
         <object_component_ref idref="oc-37a"/>
      </symbol>
      <symbol id="sm-3f9">
         <name>CS_startHFXT</name>
         <value>0x1daf</value>
         <object_component_ref idref="oc-20c"/>
      </symbol>
      <symbol id="sm-3fa">
         <name>CS_getDCOFrequency</name>
         <value>0x97d</value>
         <object_component_ref idref="oc-380"/>
      </symbol>
      <symbol id="sm-3fb">
         <name>CS_setExternalClockSourceFrequency</name>
         <value>0x1c85</value>
         <object_component_ref idref="oc-206"/>
      </symbol>
      <symbol id="sm-3fc">
         <name>CS_startHFXTWithTimeout</name>
         <value>0xb61</value>
         <object_component_ref idref="oc-2d5"/>
      </symbol>
      <symbol id="sm-3fd">
         <name>CS_startLFXTWithTimeout</name>
         <value>0xc45</value>
         <object_component_ref idref="oc-2dc"/>
      </symbol>
      <symbol id="sm-43d">
         <name>GPIO_setOutputHighOnPin</name>
         <value>0x1ba1</value>
         <object_component_ref idref="oc-166"/>
      </symbol>
      <symbol id="sm-43e">
         <name>GPIO_setAsInputPinWithPullUpResistor</name>
         <value>0x1759</value>
         <object_component_ref idref="oc-22a"/>
      </symbol>
      <symbol id="sm-43f">
         <name>GPIO_setAsOutputPin</name>
         <value>0x1985</value>
         <object_component_ref idref="oc-223"/>
      </symbol>
      <symbol id="sm-440">
         <name>GPIO_setOutputLowOnPin</name>
         <value>0x1bc9</value>
         <object_component_ref idref="oc-15a"/>
      </symbol>
      <symbol id="sm-441">
         <name>GPIO_getInputPinValue</name>
         <value>0x1a99</value>
         <object_component_ref idref="oc-273"/>
      </symbol>
      <symbol id="sm-467">
         <name>Interrupt_enableMaster</name>
         <value>0x1dc1</value>
         <object_component_ref idref="oc-24b"/>
      </symbol>
      <symbol id="sm-468">
         <name>Interrupt_enableInterrupt</name>
         <value>0x116d</value>
         <object_component_ref idref="oc-23f"/>
      </symbol>
      <symbol id="sm-49c">
         <name>SysCtl_A_enableNMISource</name>
         <value>0x1d51</value>
         <object_component_ref idref="oc-36c"/>
      </symbol>
      <symbol id="sm-49d">
         <name>SysCtl_A_getTLVInfo</name>
         <value>0x10d9</value>
         <object_component_ref idref="oc-3d0"/>
      </symbol>
      <symbol id="sm-49e">
         <name>SysCtl_A_getNMISourceStatus</name>
         <value>0x1dd1</value>
         <object_component_ref idref="oc-35a"/>
      </symbol>
      <symbol id="sm-49f">
         <name>SysCtl_A_disableNMISource</name>
         <value>0x1d39</value>
         <object_component_ref idref="oc-360"/>
      </symbol>
      <symbol id="sm-4e9">
         <name>Timer_A_clearCaptureCompareInterrupt</name>
         <value>0x1b25</value>
         <object_component_ref idref="oc-cb"/>
      </symbol>
      <symbol id="sm-4ea">
         <name>Timer_A_startCounter</name>
         <value>0x1d99</value>
         <object_component_ref idref="oc-245"/>
      </symbol>
      <symbol id="sm-4eb">
         <name>Timer_A_clearTimer</name>
         <value>0x1d69</value>
         <object_component_ref idref="oc-d1"/>
      </symbol>
      <symbol id="sm-4ec">
         <name>Timer_A_configureUpMode</name>
         <value>0x14a5</value>
         <object_component_ref idref="oc-239"/>
      </symbol>
      <symbol id="sm-531">
         <name>UART_receiveData</name>
         <value>0x1ac9</value>
         <object_component_ref idref="oc-e1"/>
      </symbol>
      <symbol id="sm-532">
         <name>UART_getEnabledInterruptStatus</name>
         <value>0x1575</value>
         <object_component_ref idref="oc-db"/>
      </symbol>
      <symbol id="sm-533">
         <name>UART_getInterruptStatus</name>
         <value>0x1d81</value>
         <object_component_ref idref="oc-1e0"/>
      </symbol>
      <symbol id="sm-534">
         <name>UART_initModule</name>
         <value>0x75d</value>
         <object_component_ref idref="oc-263"/>
      </symbol>
      <symbol id="sm-540">
         <name>WDT_A_holdTimer</name>
         <value>0x1c3d</value>
         <object_component_ref idref="oc-200"/>
      </symbol>
      <symbol id="sm-54a">
         <name>CPU_cpsie</name>
         <value>0x1dfd</value>
         <object_component_ref idref="oc-2fb"/>
      </symbol>
      <symbol id="sm-56c">
         <name>__TI_zero_init_nomemset</name>
         <value>0x1d1d</value>
         <object_component_ref idref="oc-43"/>
      </symbol>
      <symbol id="sm-583">
         <name>__TI_decompress_none</name>
         <value>0x1def</value>
         <object_component_ref idref="oc-1d"/>
      </symbol>
      <symbol id="sm-5a6">
         <name>__TI_decompress_lzss</name>
         <value>0x150d</value>
         <object_component_ref idref="oc-17"/>
      </symbol>
      <symbol id="sm-5b9">
         <name>__stack</name>
         <value>0x2000fe00</value>
         <object_component_ref idref="oc-29"/>
      </symbol>
      <symbol id="sm-5ba">
         <name>_c_int00_noargs</name>
         <value>0x1a35</value>
         <object_component_ref idref="oc-55"/>
      </symbol>
      <symbol id="sm-5d5">
         <name>memcpy</name>
         <value>0x103d</value>
         <object_component_ref idref="oc-37"/>
      </symbol>
      <symbol id="sm-5d6">
         <name>__aeabi_memcpy</name>
         <value>0x103d</value>
         <object_component_ref idref="oc-37"/>
      </symbol>
      <symbol id="sm-5d7">
         <name>__aeabi_memcpy8</name>
         <value>0x103d</value>
         <object_component_ref idref="oc-37"/>
      </symbol>
      <symbol id="sm-5d8">
         <name>__aeabi_memcpy4</name>
         <value>0x103d</value>
         <object_component_ref idref="oc-37"/>
      </symbol>
      <symbol id="sm-601">
         <name>__TI_auto_init_nobinit_nopinit</name>
         <value>0x18fd</value>
         <object_component_ref idref="oc-190"/>
      </symbol>
      <symbol id="sm-60b">
         <name>_system_pre_init</name>
         <value>0x1e21</value>
         <object_component_ref idref="oc-ab"/>
      </symbol>
      <symbol id="sm-617">
         <name>C$$EXIT</name>
         <value>0x1e25</value>
         <object_component_ref idref="oc-184"/>
      </symbol>
      <symbol id="sm-618">
         <name>abort</name>
         <value>0x1e25</value>
         <object_component_ref idref="oc-184"/>
      </symbol>
      <symbol id="sm-61b">
         <name>__TI_static_base__</name>
         <value>0x0</value>
      </symbol>
      <symbol id="sm-61e">
         <name>__mpu_init</name>
         <value>0x0</value>
      </symbol>
      <symbol id="sm-61f">
         <name>_system_post_cinit</name>
         <value>0x0</value>
      </symbol>
      <symbol id="sm-620">
         <name>NMI_Handler</name>
         <value>0x143b</value>
      </symbol>
      <symbol id="sm-621">
         <name>HardFault_Handler</name>
         <value>0x143b</value>
      </symbol>
      <symbol id="sm-622">
         <name>MemManage_Handler</name>
         <value>0x143b</value>
      </symbol>
      <symbol id="sm-623">
         <name>BusFault_Handler</name>
         <value>0x143b</value>
      </symbol>
      <symbol id="sm-624">
         <name>UsageFault_Handler</name>
         <value>0x143b</value>
      </symbol>
      <symbol id="sm-625">
         <name>SVC_Handler</name>
         <value>0x143b</value>
      </symbol>
      <symbol id="sm-626">
         <name>DebugMon_Handler</name>
         <value>0x143b</value>
      </symbol>
      <symbol id="sm-627">
         <name>PendSV_Handler</name>
         <value>0x143b</value>
      </symbol>
      <symbol id="sm-628">
         <name>SysTick_Handler</name>
         <value>0x143b</value>
      </symbol>
      <symbol id="sm-629">
         <name>PSS_IRQHandler</name>
         <value>0x143b</value>
      </symbol>
      <symbol id="sm-62a">
         <name>CS_IRQHandler</name>
         <value>0x143b</value>
      </symbol>
      <symbol id="sm-62b">
         <name>PCM_IRQHandler</name>
         <value>0x143b</value>
      </symbol>
      <symbol id="sm-62c">
         <name>WDT_A_IRQHandler</name>
         <value>0x143b</value>
      </symbol>
      <symbol id="sm-62d">
         <name>FPU_IRQHandler</name>
         <value>0x143b</value>
      </symbol>
      <symbol id="sm-62e">
         <name>FLCTL_IRQHandler</name>
         <value>0x143b</value>
      </symbol>
      <symbol id="sm-62f">
         <name>COMP_E0_IRQHandler</name>
         <value>0x143b</value>
      </symbol>
      <symbol id="sm-630">
         <name>COMP_E1_IRQHandler</name>
         <value>0x143b</value>
      </symbol>
      <symbol id="sm-631">
         <name>TA0_0_IRQHandler</name>
         <value>0x143b</value>
      </symbol>
      <symbol id="sm-632">
         <name>TA0_N_IRQHandler</name>
         <value>0x143b</value>
      </symbol>
      <symbol id="sm-633">
         <name>TA1_0_IRQHandler</name>
         <value>0x143b</value>
      </symbol>
      <symbol id="sm-634">
         <name>TA1_N_IRQHandler</name>
         <value>0x143b</value>
      </symbol>
      <symbol id="sm-635">
         <name>TA2_0_IRQHandler</name>
         <value>0x143b</value>
      </symbol>
      <symbol id="sm-636">
         <name>TA2_N_IRQHandler</name>
         <value>0x143b</value>
      </symbol>
      <symbol id="sm-637">
         <name>TA3_0_IRQHandler</name>
         <value>0x1cc5</value>
      </symbol>
      <symbol id="sm-638">
         <name>TA3_N_IRQHandler</name>
         <value>0x143b</value>
      </symbol>
      <symbol id="sm-639">
         <name>EUSCIA0_IRQHandler</name>
         <value>0x143b</value>
      </symbol>
      <symbol id="sm-63a">
         <name>EUSCIA1_IRQHandler</name>
         <value>0x1b79</value>
      </symbol>
      <symbol id="sm-63b">
         <name>EUSCIA2_IRQHandler</name>
         <value>0x1af9</value>
      </symbol>
      <symbol id="sm-63c">
         <name>EUSCIA3_IRQHandler</name>
         <value>0x143b</value>
      </symbol>
      <symbol id="sm-63d">
         <name>EUSCIB0_IRQHandler</name>
         <value>0x143b</value>
      </symbol>
      <symbol id="sm-63e">
         <name>EUSCIB1_IRQHandler</name>
         <value>0x143b</value>
      </symbol>
      <symbol id="sm-63f">
         <name>EUSCIB2_IRQHandler</name>
         <value>0x143b</value>
      </symbol>
      <symbol id="sm-640">
         <name>EUSCIB3_IRQHandler</name>
         <value>0x143b</value>
      </symbol>
      <symbol id="sm-641">
         <name>ADC14_IRQHandler</name>
         <value>0x143b</value>
      </symbol>
      <symbol id="sm-642">
         <name>T32_INT1_IRQHandler</name>
         <value>0x143b</value>
      </symbol>
      <symbol id="sm-643">
         <name>T32_INT2_IRQHandler</name>
         <value>0x143b</value>
      </symbol>
      <symbol id="sm-644">
         <name>T32_INTC_IRQHandler</name>
         <value>0x143b</value>
      </symbol>
      <symbol id="sm-645">
         <name>AES256_IRQHandler</name>
         <value>0x143b</value>
      </symbol>
      <symbol id="sm-646">
         <name>RTC_C_IRQHandler</name>
         <value>0x143b</value>
      </symbol>
      <symbol id="sm-647">
         <name>DMA_ERR_IRQHandler</name>
         <value>0x143b</value>
      </symbol>
      <symbol id="sm-648">
         <name>DMA_INT3_IRQHandler</name>
         <value>0x143b</value>
      </symbol>
      <symbol id="sm-649">
         <name>DMA_INT2_IRQHandler</name>
         <value>0x143b</value>
      </symbol>
      <symbol id="sm-64a">
         <name>DMA_INT1_IRQHandler</name>
         <value>0x143b</value>
      </symbol>
      <symbol id="sm-64b">
         <name>DMA_INT0_IRQHandler</name>
         <value>0x143b</value>
      </symbol>
      <symbol id="sm-64c">
         <name>PORT1_IRQHandler</name>
         <value>0x143b</value>
      </symbol>
      <symbol id="sm-64d">
         <name>PORT2_IRQHandler</name>
         <value>0x143b</value>
      </symbol>
      <symbol id="sm-64e">
         <name>PORT3_IRQHandler</name>
         <value>0x143b</value>
      </symbol>
      <symbol id="sm-64f">
         <name>PORT4_IRQHandler</name>
         <value>0x2ed</value>
      </symbol>
      <symbol id="sm-650">
         <name>PORT5_IRQHandler</name>
         <value>0x143b</value>
      </symbol>
      <symbol id="sm-651">
         <name>PORT6_IRQHandler</name>
         <value>0x143b</value>
      </symbol>
   </symbol_table>
   <title>Link successful</title>
</link_info>
