******************************************************************************
                  TI ARM Linker PC v20.2.7                     
******************************************************************************
>> Linked Sat Aug  5 00:05:00 2023

OUTPUT FILE NAME:   <project5_green.out>
ENTRY POINT SYMBOL: "_c_int00_noargs"  address: 00002999


MEMORY CONFIGURATION

         name            origin    length      used     unused   attr    fill
----------------------  --------  ---------  --------  --------  ----  --------
  MAIN                  00000000   00040000  00002ee4  0003d11c  R  X
  INFO                  00200000   00004000  00000000  00004000  R  X
  SRAM_CODE             01000000   00010000  000002f9  0000fd07  RW X
  SRAM_DATA             20000000   00010000  000002f9  0000fd07  RW  


SEGMENT ALLOCATION MAP

run origin  load origin   length   init length attrs members
----------  ----------- ---------- ----------- ----- -------
00000000    00000000    00002ee8   00002ee8    r-x
  00000000    00000000    000000e4   000000e4    r-- .intvecs
  000000e4    000000e4    00002cc0   00002cc0    r-x .text
  00002da8    00002da8    00000110   00000110    r-- .const
  00002eb8    00002eb8    00000030   00000030    r-- .cinit
20000000    20000000    000000fc   00000000    rw-
  20000000    20000000    000000a5   00000000    rw- .bss
  200000a8    200000a8    00000054   00000000    rw- .data
2000fe00    2000fe00    00000200   00000000    rw-
  2000fe00    2000fe00    00000200   00000000    rw- .stack


SECTION ALLOCATION MAP

 output                                  attributes/
section   page    origin      length       input sections
--------  ----  ----------  ----------   ----------------
.intvecs   0    00000000    000000e4     
                  00000000    000000e4     startup_msp432p401r_ccs.obj (.intvecs:retain)

.text      0    000000e4    00002cc0     
                  000000e4    000002ec     rtsv7M4_T_le_v4SPD16_eabi.lib : s_atan.c.obj (.text:atan)
                  000003d0    00000214     openmv.obj (.text:Openmv_Receive_Data)
                  000005e4    000001b6     rtsv7M4_T_le_v4SPD16_eabi.lib : fd_add_t2.asm.obj (.text)
                  0000079a    00000002     startup_msp432p401r_ccs.obj (.text:Default_Handler)
                  0000079c    00000198     keyboard.obj (.text:PORT4_IRQHandler)
                  00000934    00000194     laser.obj (.text:Laser_Receive_Data)
                  00000ac8    00000144     msp432p4xx_driverlib.lib : timer_a.o (.text:privateTimer_AProcessClockSourceDivider)
                  00000c0c    00000136     rtsv7M4_T_le_v4SPD16_eabi.lib : fd_div_t2.asm.obj (.text)
                  00000d42    00000002     --HOLE-- [fill = 0]
                  00000d44    0000011c     msp432p4xx_driverlib.lib : uart.o (.text:UART_initModule)
                  00000e60    0000011c     task_decision.obj (.text:task_1)
                  00000f7c    00000104     msp432p4xx_driverlib.lib : cs.o (.text:_CSComputeCLKFrequency)
                  00001080    000000fc     rtsv7M4_T_le_v4SPD16_eabi.lib : fd_mul_t2.asm.obj (.text)
                  0000117c    000000f8     msp432p4xx_driverlib.lib : cs.o (.text:CS_getDCOFrequency)
                  00001274    000000ec     oled.obj (.text:OLED_Init)
                  00001360    000000e4     msp432p4xx_driverlib.lib : cs.o (.text:CS_startHFXTWithTimeout)
                  00001444    000000e4     motor.obj (.text:set_pulse_pitch)
                  00001528    000000e4     motor.obj (.text:set_pulse_yaw)
                  0000160c    000000e0     msp432p4xx_driverlib.lib : cs.o (.text:CS_startLFXTWithTimeout)
                  000016ec    000000dc                              : cs.o (.text:_CSGetHFXTFrequency)
                  000017c8    000000dc     main.obj (.text:main)
                  000018a4    000000cc     clock.obj (.text:CLOCK_Init)
                  00001970    000000c4     task_control.obj (.text:main_control)
                  00001a34    000000c4     motor.obj (.text:set_pitch)
                  00001af8    000000c4     motor.obj (.text:set_yaw)
                  00001bbc    000000b4     keyboard.obj (.text:KeyboardInit)
                  00001c70    000000a8     motor.obj (.text:set_steering)
                  00001d18    0000009c     rtsv7M4_T_le_v4SPD16_eabi.lib : memcpy_t2.asm.obj (.text)
                  00001db4    00000094     msp432p4xx_driverlib.lib : sysctl_a.o (.text:SysCtl_A_getTLVInfo)
                  00001e48    00000086     rtsv7M4_T_le_v4SPD16_eabi.lib : fd_cmp_t2.asm.obj (.text:__aeabi_cdrcmple)
                  00001ece    00000002     --HOLE-- [fill = 0]
                  00001ed0    00000080     msp432p4xx_driverlib.lib : interrupt.o (.text:Interrupt_enableInterrupt)
                  00001f50    0000007c                              : cs.o (.text:_CSGetDOCFrequency)
                  00001fcc    0000007c     motor.obj (.text:pulse_steering)
                  00002048    00000078     system_msp432p401r.obj (.text:SystemInit)
                  000020c0    00000070     timer.obj (.text:TimA2_Init)
                  00002130    0000006e     rtsv7M4_T_le_v4SPD16_eabi.lib : fd_tos_t2.asm.obj (.text)
                  0000219e    0000006a     oled.obj (.text:OLED_Clear)
                  00002208    00000068     oled.obj (.text:Send_Byte)
                  00002270    00000068     msp432p4xx_driverlib.lib : timer_a.o (.text:Timer_A_configureUpMode)
                  000022d8    00000068     rtsv7M4_T_le_v4SPD16_eabi.lib : copy_decompress_lzss.c.obj (.text:decompress:lzss:__TI_decompress_lzss)
                  00002340    00000064     msp432p4xx_driverlib.lib : uart.o (.text:UART_getEnabledInterruptStatus)
                  000023a4    00000064     pid.obj (.text:pid_initialize)
                  00002408    00000064     main.obj (.text:steering_init)
                  0000246c    00000062     msp432p4xx_driverlib.lib : cs.o (.text:_CSGetDividerValue)
                  000024ce    00000002     --HOLE-- [fill = 0]
                  000024d0    00000060     openmv.obj (.text:Openmv_Init)
                  00002530    0000005c     delay.obj (.text:delay_ms)
                  0000258c    0000005c     task_decision.obj (.text:point_to_angle_yaw)
                  000025e8    00000058     msp432p4xx_driverlib.lib : gpio.o (.text:GPIO_setAsInputPinWithPullUpResistor)
                  00002640    00000058     led.obj (.text:LED2_RGB)
                  00002698    00000058     delay.obj (.text:delay_us)
                  000026f0    00000058     task_decision.obj (.text:point_to_angle_pitch)
                  00002748    00000054     led.obj (.text:LED_Init)
                  0000279c    00000046     key.obj (.text:KEY_Input)
                  000027e2    00000002     --HOLE-- [fill = 0]
                  000027e4    00000044     rtsv7M4_T_le_v4SPD16_eabi.lib : autoinit.c.obj (.text:__TI_auto_init_nobinit_nopinit:__TI_auto_init_nobinit_nopinit)
                  00002828    00000044     main.obj (.text:clear_statemachine)
                  0000286c    00000042     oled.obj (.text:OLED_WR_Byte)
                  000028ae    00000002     --HOLE-- [fill = 0]
                  000028b0    00000040     msp432p4xx_driverlib.lib : gpio.o (.text:GPIO_setAsOutputPin)
                  000028f0    0000003c     delay.obj (.text:delay_init)
                  0000292c    00000038     rtsv7M4_T_le_v4SPD16_eabi.lib : fs_tod_t2.asm.obj (.text)
                  00002964    00000034     timer.obj (.text:TA3_IT_INIT)
                  00002998    00000034     rtsv7M4_T_le_v4SPD16_eabi.lib : boot_cortex_m.c.obj (.text:_c_int00_noargs:_c_int00_noargs)
                  000029cc    00000034     main.obj (.text:clear_openmvmessage)
                  00002a00    00000030     msp432p4xx_driverlib.lib : cs.o (.text:CS_clearInterruptFlag)
                  00002a30    00000030                              : gpio.o (.text:GPIO_getInputPinValue)
                  00002a60    00000030                              : uart.o (.text:UART_receiveData)
                  00002a90    0000002c     openmv.obj (.text:EUSCIA2_IRQHandler)
                  00002abc    0000002c     msp432p4xx_driverlib.lib : timer_a.o (.text:Timer_A_clearCaptureCompareInterrupt)
                  00002ae8    00000028                              : cs.o (.text:CS_getMCLK)
                  00002b10    00000028     laser.obj (.text:EUSCIA1_IRQHandler)
                  00002b38    00000028     msp432p4xx_driverlib.lib : gpio.o (.text:GPIO_setOutputHighOnPin)
                  00002b60    00000028                              : gpio.o (.text:GPIO_setOutputLowOnPin)
                  00002b88    00000024     oled.obj (.text:I2C_Start)
                  00002bac    00000024     msp432p4xx_driverlib.lib : wdt_a.o (.text:WDT_A_holdTimer)
                  00002bd0    00000024     motor.obj (.text:step_motor_init)
                  00002bf4    00000020     msp432p4xx_driverlib.lib : cs.o (.text:CS_setExternalClockSourceFrequency)
                  00002c14    00000020     oled.obj (.text:I2C_SW_Configuration)
                  00002c34    00000020     task_control.obj (.text:TA3_0_IRQHandler)
                  00002c54    0000001c     oled.obj (.text:I2C_Stop)
                  00002c70    0000001c     oled.obj (.text:I2C_WaitAck)
                  00002c8c    0000001c     rtsv7M4_T_le_v4SPD16_eabi.lib : copy_zero_init.c.obj (.text:decompress:ZI:__TI_zero_init_nomemset:__TI_zero_init_nomemset)
                  00002ca8    00000018     msp432p4xx_driverlib.lib : sysctl_a.o (.text:SysCtl_A_disableNMISource)
                  00002cc0    00000018                              : sysctl_a.o (.text:SysCtl_A_enableNMISource)
                  00002cd8    00000018                              : timer_a.o (.text:Timer_A_clearTimer)
                  00002cf0    00000018                              : uart.o (.text:UART_getInterruptStatus)
                  00002d08    00000016                              : timer_a.o (.text:Timer_A_startCounter)
                  00002d1e    00000012                              : cs.o (.text:CS_startHFXT)
                  00002d30    00000010                              : interrupt.o (.text:Interrupt_enableMaster)
                  00002d40    00000010                              : sysctl_a.o (.text:SysCtl_A_getNMISourceStatus)
                  00002d50    0000000e                              : cs.o (.text:CS_startLFXT)
                  00002d5e    0000000e     rtsv7M4_T_le_v4SPD16_eabi.lib : copy_decompress_none.c.obj (.text:decompress:none:__TI_decompress_none)
                  00002d6c    0000000c     msp432p4xx_driverlib.lib : cpu.o (.text:CPU_cpsie)
                  00002d78    0000000c     keyboard.obj (.text:GetKey)
                  00002d84    0000000c     key.obj (.text:KEY_Init)
                  00002d90    0000000c     startup_msp432p401r_ccs.obj (.text:Reset_Handler)
                  00002d9c    00000004     rtsv7M4_T_le_v4SPD16_eabi.lib : pre_init.c.obj (.text:_system_pre_init)
                  00002da0    00000004                                   : exit.c.obj (.text:abort:abort)

.const     0    00002da8    00000110     
                  00002da8    00000098     rtsv7M4_T_le_v4SPD16_eabi.lib : s_atan.c.obj (.const:$O1$$)
                  00002e40    00000030     msp432p4xx_driverlib.lib : gpio.o (.const:GPIO_PORT_TO_BASE)
                  00002e70    00000028     openmv.obj (.const:uartConfigOpen)
                  00002e98    00000018     timer.obj (.const:upConfig)
                  00002eb0    00000008     msp432p4xx_driverlib.lib : interrupt.o (.const:g_pulEnRegs)

.cinit     0    00002eb8    00000030     
                  00002eb8    0000000c     (__TI_handler_table)
                  00002ec4    0000000b     (.cinit..data.load) [load image, compression = lzss]
                  00002ecf    00000001     --HOLE-- [fill = 0]
                  00002ed0    00000008     (.cinit..bss.load) [load image, compression = zero_init]
                  00002ed8    00000010     (__TI_cinit_table)

.init_array 
*          0    00000000    00000000     UNINITIALIZED

.binit     0    00000000    00000000     

.bss       0    20000000    000000a5     UNINITIALIZED
                  20000000    00000024     (.common:pid_pitch)
                  20000024    00000024     (.common:pid_yaw)
                  20000048    00000014     (.common:OpenmvMessage)
                  2000005c    00000010     (.common:StateMachine)
                  2000006c    0000000c     openmv.obj (.bss:openmv$1)
                  20000078    00000008     laser.obj (.bss:laser$1)
                  20000080    00000008     msp432p4xx_driverlib.lib : cs.o (.bss)
                  20000088    00000008     (.common:rect_x)
                  20000090    00000008     (.common:rect_y)
                  20000098    00000004     (.common:LaserMessage)
                  2000009c    00000004     (.common:mission_time_count)
                  200000a0    00000004     (.common:time_count_flag)
                  200000a4    00000001     (.common:main_control_flag)

.data      0    200000a8    00000054     UNINITIALIZED
                  200000a8    0000002c     task_decision.obj (.data)
                  200000d4    0000000e     task_control.obj (.data)
                  200000e2    00000002     laser.obj (.data)
                  200000e4    0000000c     motor.obj (.data)
                  200000f0    00000004     delay.obj (.data)
                  200000f4    00000004     keyboard.obj (.data)
                  200000f8    00000003     openmv.obj (.data)
                  200000fb    00000001     main.obj (.data)

.stack     0    2000fe00    00000200     UNINITIALIZED
                  2000fe00    00000004     rtsv7M4_T_le_v4SPD16_eabi.lib : boot_cortex_m.c.obj (.stack)
                  2000fe04    000001fc     --HOLE--

__llvm_prf_cnts 
*          0    20000000    00000000     UNINITIALIZED

MODULE SUMMARY

       Module                        code    ro data   rw data
       ------                        ----    -------   -------
    .\
       main.obj                      440     0         194    
       system_msp432p401r.obj        120     0         0      
    +--+-----------------------------+-------+---------+---------+
       Total:                        560     0         194    
                                                              
    .\User\Clock\
       clock.obj                     204     0         0      
    +--+-----------------------------+-------+---------+---------+
       Total:                        204     0         0      
                                                              
    .\User\KEY\
       key.obj                       82      0         0      
    +--+-----------------------------+-------+---------+---------+
       Total:                        82      0         0      
                                                              
    .\User\Keyboard\
       keyboard.obj                  600     0         8      
    +--+-----------------------------+-------+---------+---------+
       Total:                        600     0         8      
                                                              
    .\User\LED\
       led.obj                       172     0         0      
    +--+-----------------------------+-------+---------+---------+
       Total:                        172     0         0      
                                                              
    .\User\Laser\
       laser.obj                     444     0         28     
    +--+-----------------------------+-------+---------+---------+
       Total:                        444     0         28     
                                                              
    .\User\Openmv\
       openmv.obj                    672     40        102    
    +--+-----------------------------+-------+---------+---------+
       Total:                        672     40        102    
                                                              
    .\User\PID\
       pid.obj                       100     0         0      
    +--+-----------------------------+-------+---------+---------+
       Total:                        100     0         0      
                                                              
    .\User\Tasks\
       task_decision.obj             464     0         88     
       task_control.obj              228     0         30     
    +--+-----------------------------+-------+---------+---------+
       Total:                        692     0         118    
                                                              
    .\User\delay\
       delay.obj                     240     0         8      
    +--+-----------------------------+-------+---------+---------+
       Total:                        240     0         8      
                                                              
    .\User\motor\
       motor.obj                     1176    0         24     
    +--+-----------------------------+-------+---------+---------+
       Total:                        1176    0         24     
                                                              
    .\User\oled\
       oled.obj                      636     0         0      
    +--+-----------------------------+-------+---------+---------+
       Total:                        636     0         0      
                                                              
    .\User\timer\
       timer.obj                     164     24        0      
    +--+-----------------------------+-------+---------+---------+
       Total:                        164     24        0      
                                                              
    .\ccs\
       startup_msp432p401r_ccs.obj   14      228       0      
    +--+-----------------------------+-------+---------+---------+
       Total:                        14      228       0      
                                                              
    E:/MyStudyApp/MyTI/ccs1230/simplelink_msp432p4_sdk_3_40_01_02/source/ti/devices/msp432p4xx/driverlib/ccs/msp432p4xx_driverlib.lib
       cs.o                          1554    0         16     
       timer_a.o                     518     0         0      
       uart.o                        456     0         0      
       gpio.o                        280     48        0      
       sysctl_a.o                    212     0         0      
       interrupt.o                   144     8         0      
       wdt_a.o                       36      0         0      
       cpu.o                         12      0         0      
    +--+-----------------------------+-------+---------+---------+
       Total:                        3212    56        16     
                                                              
    E:\MyStudyApp\MyTI\ccs1230\ccs\tools\compiler\ti-cgt-arm_20.2.7.LTS\lib\rtsv7M4_T_le_v4SPD16_eabi.lib
       s_atan.c.obj                  748     152       0      
       fd_add_t2.asm.obj             438     0         0      
       fd_div_t2.asm.obj             310     0         0      
       fd_mul_t2.asm.obj             252     0         0      
       memcpy_t2.asm.obj             156     0         0      
       fd_cmp_t2.asm.obj             134     0         0      
       fd_tos_t2.asm.obj             110     0         0      
       copy_decompress_lzss.c.obj    104     0         0      
       autoinit.c.obj                68      0         0      
       fs_tod_t2.asm.obj             56      0         0      
       boot_cortex_m.c.obj           52      0         0      
       copy_zero_init.c.obj          28      0         0      
       copy_decompress_none.c.obj    14      0         0      
       exit.c.obj                    4       0         0      
       pre_init.c.obj                4       0         0      
    +--+-----------------------------+-------+---------+---------+
       Total:                        2478    152       0      
                                                              
       Stack:                        0       0         1024   
       Linker Generated:             0       47        0      
    +--+-----------------------------+-------+---------+---------+
       Grand Total:                  11446   547       1522   


LINKER GENERATED COPY TABLES

__TI_cinit_table @ 00002ed8 records: 2, size/record: 8, table size: 16
	.data: load addr=00002ec4, load size=0000000b bytes, run addr=200000a8, run size=00000054 bytes, compression=lzss
	.bss: load addr=00002ed0, load size=00000008 bytes, run addr=20000000, run size=000000a5 bytes, compression=zero_init


LINKER GENERATED HANDLER TABLE

__TI_handler_table @ 00002eb8 records: 3, size/record: 4, table size: 12
	index: 0, handler: __TI_decompress_lzss
	index: 1, handler: __TI_decompress_none
	index: 2, handler: __TI_zero_init


GLOBAL SYMBOLS: SORTED ALPHABETICALLY BY Name 

address   name                                
-------   ----                                
0000079b  ADC14_IRQHandler                    
0000079b  AES256_IRQHandler                   
0000079b  BusFault_Handler                    
00002da1  C$$EXIT                             
000018a5  CLOCK_Init                          
0000079b  COMP_E0_IRQHandler                  
0000079b  COMP_E1_IRQHandler                  
00002d6d  CPU_cpsie                           
0000079b  CS_IRQHandler                       
00002a01  CS_clearInterruptFlag               
0000117d  CS_getDCOFrequency                  
00002ae9  CS_getMCLK                          
00002bf5  CS_setExternalClockSourceFrequency  
00002d1f  CS_startHFXT                        
00001361  CS_startHFXTWithTimeout             
00002d51  CS_startLFXT                        
0000160d  CS_startLFXTWithTimeout             
0000079b  DMA_ERR_IRQHandler                  
0000079b  DMA_INT0_IRQHandler                 
0000079b  DMA_INT1_IRQHandler                 
0000079b  DMA_INT2_IRQHandler                 
0000079b  DMA_INT3_IRQHandler                 
0000079b  DebugMon_Handler                    
0000079b  Default_Handler                     
0000079b  EUSCIA0_IRQHandler                  
00002b11  EUSCIA1_IRQHandler                  
00002b11  EUSCIA1_IRQHandler                  
00002a91  EUSCIA2_IRQHandler                  
00002a91  EUSCIA2_IRQHandler                  
0000079b  EUSCIA3_IRQHandler                  
0000079b  EUSCIB0_IRQHandler                  
0000079b  EUSCIB1_IRQHandler                  
0000079b  EUSCIB2_IRQHandler                  
0000079b  EUSCIB3_IRQHandler                  
0000079b  FLCTL_IRQHandler                    
0000079b  FPU_IRQHandler                      
00002a31  GPIO_getInputPinValue               
000025e9  GPIO_setAsInputPinWithPullUpResistor
000028b1  GPIO_setAsOutputPin                 
00002b39  GPIO_setOutputHighOnPin             
00002b61  GPIO_setOutputLowOnPin              
00002d79  GetKey                              
0000079b  HardFault_Handler                   
00002c15  I2C_SW_Configuration                
00002b89  I2C_Start                           
00002c55  I2C_Stop                            
00002c71  I2C_WaitAck                         
00001ed1  Interrupt_enableInterrupt           
00002d31  Interrupt_enableMaster              
00002d85  KEY_Init                            
0000279d  KEY_Input                           
200000f4  KeyS                                
00001bbd  KeyboardInit                        
00002641  LED2_RGB                            
00002749  LED_Init                            
20000098  LaserMessage                        
00000935  Laser_Receive_Data                  
0000079b  MemManage_Handler                   
0000079b  NMI_Handler                         
0000219f  OLED_Clear                          
00001275  OLED_Init                           
0000286d  OLED_WR_Byte                        
20000048  OpenmvMessage                       
000024d1  Openmv_Init                         
000003d1  Openmv_Receive_Data                 
0000079b  PCM_IRQHandler                      
0000079b  PORT1_IRQHandler                    
0000079b  PORT2_IRQHandler                    
0000079b  PORT3_IRQHandler                    
0000079d  PORT4_IRQHandler                    
0000079d  PORT4_IRQHandler                    
0000079b  PORT5_IRQHandler                    
0000079b  PORT6_IRQHandler                    
0000079b  PSS_IRQHandler                      
0000079b  PendSV_Handler                      
0000079b  RTC_C_IRQHandler                    
200000f8  RXData                              
00002d91  Reset_Handler                       
0000079b  SVC_Handler                         
00002209  Send_Byte                           
2000005c  StateMachine                        
00002ca9  SysCtl_A_disableNMISource           
00002cc1  SysCtl_A_enableNMISource            
00002d41  SysCtl_A_getNMISourceStatus         
00001db5  SysCtl_A_getTLVInfo                 
0000079b  SysTick_Handler                     
00002049  SystemInit                          
0000079b  T32_INT1_IRQHandler                 
0000079b  T32_INT2_IRQHandler                 
0000079b  T32_INTC_IRQHandler                 
0000079b  TA0_0_IRQHandler                    
0000079b  TA0_N_IRQHandler                    
0000079b  TA1_0_IRQHandler                    
0000079b  TA1_N_IRQHandler                    
0000079b  TA2_0_IRQHandler                    
0000079b  TA2_N_IRQHandler                    
00002c35  TA3_0_IRQHandler                    
00002c35  TA3_0_IRQHandler                    
00002965  TA3_IT_INIT                         
0000079b  TA3_N_IRQHandler                    
000020c1  TimA2_Init                          
00002abd  Timer_A_clearCaptureCompareInterrupt
00002cd9  Timer_A_clearTimer                  
00002271  Timer_A_configureUpMode             
00002d09  Timer_A_startCounter                
00002341  UART_getEnabledInterruptStatus      
00002cf1  UART_getInterruptStatus             
00000d45  UART_initModule                     
00002a61  UART_receiveData                    
0000079b  UsageFault_Handler                  
4000480c  WDTCTL_SYM                          
0000079b  WDT_A_IRQHandler                    
00002bad  WDT_A_holdTimer                     
20010000  __STACK_END                         
00000200  __STACK_SIZE                        
00002ed8  __TI_CINIT_Base                     
00002ee8  __TI_CINIT_Limit                    
00002eb8  __TI_Handler_Table_Base             
00002ec4  __TI_Handler_Table_Limit            
000027e5  __TI_auto_init_nobinit_nopinit      
000022d9  __TI_decompress_lzss                
00002d5f  __TI_decompress_none                
ffffffff  __TI_pprof_out_hndl                 
ffffffff  __TI_prof_data_size                 
ffffffff  __TI_prof_data_start                
00000000  __TI_static_base__                  
00002c8d  __TI_zero_init_nomemset             
00001e49  __aeabi_cdrcmple                    
00002131  __aeabi_d2f                         
000005ef  __aeabi_dadd                        
00000c0d  __aeabi_ddiv                        
00001081  __aeabi_dmul                        
000005e5  __aeabi_dsub                        
0000292d  __aeabi_f2d                         
00001d19  __aeabi_memcpy                      
00001d19  __aeabi_memcpy4                     
00001d19  __aeabi_memcpy8                     
ffffffff  __binit__                           
ffffffff  __c_args__                          
UNDEFED   __mpu_init                          
2000fe00  __stack                             
20000000  __start___llvm_prf_cnts             
20000000  __stop___llvm_prf_cnts              
00002999  _c_int00_noargs                     
UNDEFED   _system_post_cinit                  
00002d9d  _system_pre_init                    
00002da1  abort                               
000000e5  atan                                
000000e5  atanl                               
ffffffff  binit                               
000029cd  clear_openmvmessage                 
00002829  clear_statemachine                  
200000c4  current_x                           
200000c8  current_y                           
000028f1  delay_init                          
00002531  delay_ms                            
00002699  delay_us                            
200000a8  dx                                  
200000aa  dy                                  
00000000  interruptVectors                    
200000dc  laser_angle                         
000017c9  main                                
00001971  main_control                        
200000a4  main_control_flag                   
00001d19  memcpy                              
2000009c  mission_time_count                  
200000ac  next_x                              
200000b0  next_y                              
000023a5  pid_initialize                      
20000000  pid_pitch                           
20000024  pid_yaw                             
200000e4  pitch_angle                         
200000d0  pitch_delta_angle                   
200000ec  pitch_pulse_count                   
200000c0  pitch_revise                        
200000d8  pitch_step                          
000026f1  point_to_angle_pitch                
0000258d  point_to_angle_yaw                  
200000fb  pointer                             
00001fcd  pulse_steering                      
20000088  rect_x                              
20000090  rect_y                              
00001a35  set_pitch                           
00001445  set_pulse_pitch                     
00001529  set_pulse_yaw                       
00001c71  set_steering                        
00001af9  set_yaw                             
00002409  steering_init                       
00002bd1  step_motor_init                     
200000b4  step_x                              
200000b8  step_y                              
00000e61  task_1                              
200000a0  time_count_flag                     
200000e0  times                               
00002e70  uartConfigOpen                      
00002e98  upConfig                            
200000e8  yaw_angle                           
200000cc  yaw_delta_angle                     
200000ee  yaw_pulse_count                     
200000bc  yaw_revise                          
200000d4  yaw_step                            


GLOBAL SYMBOLS: SORTED BY Symbol Address 

address   name                                
-------   ----                                
00000000  __TI_static_base__                  
00000000  interruptVectors                    
000000e5  atan                                
000000e5  atanl                               
00000200  __STACK_SIZE                        
000003d1  Openmv_Receive_Data                 
000005e5  __aeabi_dsub                        
000005ef  __aeabi_dadd                        
0000079b  ADC14_IRQHandler                    
0000079b  AES256_IRQHandler                   
0000079b  BusFault_Handler                    
0000079b  COMP_E0_IRQHandler                  
0000079b  COMP_E1_IRQHandler                  
0000079b  CS_IRQHandler                       
0000079b  DMA_ERR_IRQHandler                  
0000079b  DMA_INT0_IRQHandler                 
0000079b  DMA_INT1_IRQHandler                 
0000079b  DMA_INT2_IRQHandler                 
0000079b  DMA_INT3_IRQHandler                 
0000079b  DebugMon_Handler                    
0000079b  Default_Handler                     
0000079b  EUSCIA0_IRQHandler                  
0000079b  EUSCIA3_IRQHandler                  
0000079b  EUSCIB0_IRQHandler                  
0000079b  EUSCIB1_IRQHandler                  
0000079b  EUSCIB2_IRQHandler                  
0000079b  EUSCIB3_IRQHandler                  
0000079b  FLCTL_IRQHandler                    
0000079b  FPU_IRQHandler                      
0000079b  HardFault_Handler                   
0000079b  MemManage_Handler                   
0000079b  NMI_Handler                         
0000079b  PCM_IRQHandler                      
0000079b  PORT1_IRQHandler                    
0000079b  PORT2_IRQHandler                    
0000079b  PORT3_IRQHandler                    
0000079b  PORT5_IRQHandler                    
0000079b  PORT6_IRQHandler                    
0000079b  PSS_IRQHandler                      
0000079b  PendSV_Handler                      
0000079b  RTC_C_IRQHandler                    
0000079b  SVC_Handler                         
0000079b  SysTick_Handler                     
0000079b  T32_INT1_IRQHandler                 
0000079b  T32_INT2_IRQHandler                 
0000079b  T32_INTC_IRQHandler                 
0000079b  TA0_0_IRQHandler                    
0000079b  TA0_N_IRQHandler                    
0000079b  TA1_0_IRQHandler                    
0000079b  TA1_N_IRQHandler                    
0000079b  TA2_0_IRQHandler                    
0000079b  TA2_N_IRQHandler                    
0000079b  TA3_N_IRQHandler                    
0000079b  UsageFault_Handler                  
0000079b  WDT_A_IRQHandler                    
0000079d  PORT4_IRQHandler                    
0000079d  PORT4_IRQHandler                    
00000935  Laser_Receive_Data                  
00000c0d  __aeabi_ddiv                        
00000d45  UART_initModule                     
00000e61  task_1                              
00001081  __aeabi_dmul                        
0000117d  CS_getDCOFrequency                  
00001275  OLED_Init                           
00001361  CS_startHFXTWithTimeout             
00001445  set_pulse_pitch                     
00001529  set_pulse_yaw                       
0000160d  CS_startLFXTWithTimeout             
000017c9  main                                
000018a5  CLOCK_Init                          
00001971  main_control                        
00001a35  set_pitch                           
00001af9  set_yaw                             
00001bbd  KeyboardInit                        
00001c71  set_steering                        
00001d19  __aeabi_memcpy                      
00001d19  __aeabi_memcpy4                     
00001d19  __aeabi_memcpy8                     
00001d19  memcpy                              
00001db5  SysCtl_A_getTLVInfo                 
00001e49  __aeabi_cdrcmple                    
00001ed1  Interrupt_enableInterrupt           
00001fcd  pulse_steering                      
00002049  SystemInit                          
000020c1  TimA2_Init                          
00002131  __aeabi_d2f                         
0000219f  OLED_Clear                          
00002209  Send_Byte                           
00002271  Timer_A_configureUpMode             
000022d9  __TI_decompress_lzss                
00002341  UART_getEnabledInterruptStatus      
000023a5  pid_initialize                      
00002409  steering_init                       
000024d1  Openmv_Init                         
00002531  delay_ms                            
0000258d  point_to_angle_yaw                  
000025e9  GPIO_setAsInputPinWithPullUpResistor
00002641  LED2_RGB                            
00002699  delay_us                            
000026f1  point_to_angle_pitch                
00002749  LED_Init                            
0000279d  KEY_Input                           
000027e5  __TI_auto_init_nobinit_nopinit      
00002829  clear_statemachine                  
0000286d  OLED_WR_Byte                        
000028b1  GPIO_setAsOutputPin                 
000028f1  delay_init                          
0000292d  __aeabi_f2d                         
00002965  TA3_IT_INIT                         
00002999  _c_int00_noargs                     
000029cd  clear_openmvmessage                 
00002a01  CS_clearInterruptFlag               
00002a31  GPIO_getInputPinValue               
00002a61  UART_receiveData                    
00002a91  EUSCIA2_IRQHandler                  
00002a91  EUSCIA2_IRQHandler                  
00002abd  Timer_A_clearCaptureCompareInterrupt
00002ae9  CS_getMCLK                          
00002b11  EUSCIA1_IRQHandler                  
00002b11  EUSCIA1_IRQHandler                  
00002b39  GPIO_setOutputHighOnPin             
00002b61  GPIO_setOutputLowOnPin              
00002b89  I2C_Start                           
00002bad  WDT_A_holdTimer                     
00002bd1  step_motor_init                     
00002bf5  CS_setExternalClockSourceFrequency  
00002c15  I2C_SW_Configuration                
00002c35  TA3_0_IRQHandler                    
00002c35  TA3_0_IRQHandler                    
00002c55  I2C_Stop                            
00002c71  I2C_WaitAck                         
00002c8d  __TI_zero_init_nomemset             
00002ca9  SysCtl_A_disableNMISource           
00002cc1  SysCtl_A_enableNMISource            
00002cd9  Timer_A_clearTimer                  
00002cf1  UART_getInterruptStatus             
00002d09  Timer_A_startCounter                
00002d1f  CS_startHFXT                        
00002d31  Interrupt_enableMaster              
00002d41  SysCtl_A_getNMISourceStatus         
00002d51  CS_startLFXT                        
00002d5f  __TI_decompress_none                
00002d6d  CPU_cpsie                           
00002d79  GetKey                              
00002d85  KEY_Init                            
00002d91  Reset_Handler                       
00002d9d  _system_pre_init                    
00002da1  C$$EXIT                             
00002da1  abort                               
00002e70  uartConfigOpen                      
00002e98  upConfig                            
00002eb8  __TI_Handler_Table_Base             
00002ec4  __TI_Handler_Table_Limit            
00002ed8  __TI_CINIT_Base                     
00002ee8  __TI_CINIT_Limit                    
20000000  __start___llvm_prf_cnts             
20000000  __stop___llvm_prf_cnts              
20000000  pid_pitch                           
20000024  pid_yaw                             
20000048  OpenmvMessage                       
2000005c  StateMachine                        
20000088  rect_x                              
20000090  rect_y                              
20000098  LaserMessage                        
2000009c  mission_time_count                  
200000a0  time_count_flag                     
200000a4  main_control_flag                   
200000a8  dx                                  
200000aa  dy                                  
200000ac  next_x                              
200000b0  next_y                              
200000b4  step_x                              
200000b8  step_y                              
200000bc  yaw_revise                          
200000c0  pitch_revise                        
200000c4  current_x                           
200000c8  current_y                           
200000cc  yaw_delta_angle                     
200000d0  pitch_delta_angle                   
200000d4  yaw_step                            
200000d8  pitch_step                          
200000dc  laser_angle                         
200000e0  times                               
200000e4  pitch_angle                         
200000e8  yaw_angle                           
200000ec  pitch_pulse_count                   
200000ee  yaw_pulse_count                     
200000f4  KeyS                                
200000f8  RXData                              
200000fb  pointer                             
2000fe00  __stack                             
20010000  __STACK_END                         
4000480c  WDTCTL_SYM                          
ffffffff  __TI_pprof_out_hndl                 
ffffffff  __TI_prof_data_size                 
ffffffff  __TI_prof_data_start                
ffffffff  __binit__                           
ffffffff  __c_args__                          
ffffffff  binit                               
UNDEFED   __mpu_init                          
UNDEFED   _system_post_cinit                  

[201 symbols]
