<?xml version="1.0" encoding="ISO-8859-1" ?>
<link_info>
   <banner>TI ARM Linker PC v20.2.7.LTS</banner>
   <copyright>Copyright (c) 1996-2018 Texas Instruments Incorporated</copyright>
   <link_time>0x64cd21ac</link_time>
   <link_errors>0x0</link_errors>
   <output_file>project5_green.out</output_file>
   <entry_point>
      <name>_c_int00_noargs</name>
      <address>0x2999</address>
   </entry_point>
   <input_file_list>
      <input_file id="fl-2">
         <path>.\</path>
         <kind>object</kind>
         <file>main.obj</file>
         <name>main.obj</name>
      </input_file>
      <input_file id="fl-3">
         <path>.\</path>
         <kind>object</kind>
         <file>system_msp432p401r.obj</file>
         <name>system_msp432p401r.obj</name>
      </input_file>
      <input_file id="fl-4">
         <path>.\User\Clock\</path>
         <kind>object</kind>
         <file>clock.obj</file>
         <name>clock.obj</name>
      </input_file>
      <input_file id="fl-5">
         <path>.\User\InfoPrint\</path>
         <kind>object</kind>
         <file>infoprint.obj</file>
         <name>infoprint.obj</name>
      </input_file>
      <input_file id="fl-6">
         <path>.\User\KEY\</path>
         <kind>object</kind>
         <file>key.obj</file>
         <name>key.obj</name>
      </input_file>
      <input_file id="fl-7">
         <path>.\User\Keyboard\</path>
         <kind>object</kind>
         <file>keyboard.obj</file>
         <name>keyboard.obj</name>
      </input_file>
      <input_file id="fl-8">
         <path>.\User\LED\</path>
         <kind>object</kind>
         <file>led.obj</file>
         <name>led.obj</name>
      </input_file>
      <input_file id="fl-9">
         <path>.\User\Laser\</path>
         <kind>object</kind>
         <file>laser.obj</file>
         <name>laser.obj</name>
      </input_file>
      <input_file id="fl-a">
         <path>.\User\Openmv\</path>
         <kind>object</kind>
         <file>openmv.obj</file>
         <name>openmv.obj</name>
      </input_file>
      <input_file id="fl-b">
         <path>.\User\PID\</path>
         <kind>object</kind>
         <file>pid.obj</file>
         <name>pid.obj</name>
      </input_file>
      <input_file id="fl-c">
         <path>.\User\Tasks\</path>
         <kind>object</kind>
         <file>task_control.obj</file>
         <name>task_control.obj</name>
      </input_file>
      <input_file id="fl-d">
         <path>.\User\Tasks\</path>
         <kind>object</kind>
         <file>task_decision.obj</file>
         <name>task_decision.obj</name>
      </input_file>
      <input_file id="fl-e">
         <path>.\User\delay\</path>
         <kind>object</kind>
         <file>delay.obj</file>
         <name>delay.obj</name>
      </input_file>
      <input_file id="fl-f">
         <path>.\User\motor\</path>
         <kind>object</kind>
         <file>motor.obj</file>
         <name>motor.obj</name>
      </input_file>
      <input_file id="fl-10">
         <path>.\User\</path>
         <kind>object</kind>
         <file>no_use.obj</file>
         <name>no_use.obj</name>
      </input_file>
      <input_file id="fl-11">
         <path>.\User\oled\</path>
         <kind>object</kind>
         <file>oled.obj</file>
         <name>oled.obj</name>
      </input_file>
      <input_file id="fl-12">
         <path>.\User\timer\</path>
         <kind>object</kind>
         <file>timer.obj</file>
         <name>timer.obj</name>
      </input_file>
      <input_file id="fl-13">
         <path>.\ccs\</path>
         <kind>object</kind>
         <file>startup_msp432p401r_ccs.obj</file>
         <name>startup_msp432p401r_ccs.obj</name>
      </input_file>
      <input_file id="fl-1d">
         <kind>object</kind>
         <file>&lt;internal&gt;</file>
         <name>&lt;internal&gt;</name>
      </input_file>
      <input_file id="fl-1e">
         <path>E:\MyStudyApp\MyTI\ccs1230\simplelink_msp432p4_sdk_3_40_01_02\source\ti\devices\msp432p4xx\driverlib\ccs\</path>
         <kind>archive</kind>
         <file>msp432p4xx_driverlib.lib</file>
         <name>cs.o</name>
      </input_file>
      <input_file id="fl-1f">
         <path>E:\MyStudyApp\MyTI\ccs1230\simplelink_msp432p4_sdk_3_40_01_02\source\ti\devices\msp432p4xx\driverlib\ccs\</path>
         <kind>archive</kind>
         <file>msp432p4xx_driverlib.lib</file>
         <name>gpio.o</name>
      </input_file>
      <input_file id="fl-20">
         <path>E:\MyStudyApp\MyTI\ccs1230\simplelink_msp432p4_sdk_3_40_01_02\source\ti\devices\msp432p4xx\driverlib\ccs\</path>
         <kind>archive</kind>
         <file>msp432p4xx_driverlib.lib</file>
         <name>interrupt.o</name>
      </input_file>
      <input_file id="fl-21">
         <path>E:\MyStudyApp\MyTI\ccs1230\simplelink_msp432p4_sdk_3_40_01_02\source\ti\devices\msp432p4xx\driverlib\ccs\</path>
         <kind>archive</kind>
         <file>msp432p4xx_driverlib.lib</file>
         <name>sysctl_a.o</name>
      </input_file>
      <input_file id="fl-22">
         <path>E:\MyStudyApp\MyTI\ccs1230\simplelink_msp432p4_sdk_3_40_01_02\source\ti\devices\msp432p4xx\driverlib\ccs\</path>
         <kind>archive</kind>
         <file>msp432p4xx_driverlib.lib</file>
         <name>timer_a.o</name>
      </input_file>
      <input_file id="fl-23">
         <path>E:\MyStudyApp\MyTI\ccs1230\simplelink_msp432p4_sdk_3_40_01_02\source\ti\devices\msp432p4xx\driverlib\ccs\</path>
         <kind>archive</kind>
         <file>msp432p4xx_driverlib.lib</file>
         <name>uart.o</name>
      </input_file>
      <input_file id="fl-24">
         <path>E:\MyStudyApp\MyTI\ccs1230\simplelink_msp432p4_sdk_3_40_01_02\source\ti\devices\msp432p4xx\driverlib\ccs\</path>
         <kind>archive</kind>
         <file>msp432p4xx_driverlib.lib</file>
         <name>wdt_a.o</name>
      </input_file>
      <input_file id="fl-25">
         <path>E:\MyStudyApp\MyTI\ccs1230\simplelink_msp432p4_sdk_3_40_01_02\source\ti\devices\msp432p4xx\driverlib\ccs\</path>
         <kind>archive</kind>
         <file>msp432p4xx_driverlib.lib</file>
         <name>cpu.o</name>
      </input_file>
      <input_file id="fl-db">
         <path>E:\MyStudyApp\MyTI\ccs1230\ccs\tools\compiler\ti-cgt-arm_20.2.7.LTS\lib\</path>
         <kind>archive</kind>
         <file>rtsv7M4_T_le_v4SPD16_eabi.lib</file>
         <name>s_atan.c.obj</name>
      </input_file>
      <input_file id="fl-dc">
         <path>E:\MyStudyApp\MyTI\ccs1230\ccs\tools\compiler\ti-cgt-arm_20.2.7.LTS\lib\</path>
         <kind>archive</kind>
         <file>rtsv7M4_T_le_v4SPD16_eabi.lib</file>
         <name>fd_add_t2.asm.obj</name>
      </input_file>
      <input_file id="fl-dd">
         <path>E:\MyStudyApp\MyTI\ccs1230\ccs\tools\compiler\ti-cgt-arm_20.2.7.LTS\lib\</path>
         <kind>archive</kind>
         <file>rtsv7M4_T_le_v4SPD16_eabi.lib</file>
         <name>fd_cmp_t2.asm.obj</name>
      </input_file>
      <input_file id="fl-de">
         <path>E:\MyStudyApp\MyTI\ccs1230\ccs\tools\compiler\ti-cgt-arm_20.2.7.LTS\lib\</path>
         <kind>archive</kind>
         <file>rtsv7M4_T_le_v4SPD16_eabi.lib</file>
         <name>fd_div_t2.asm.obj</name>
      </input_file>
      <input_file id="fl-df">
         <path>E:\MyStudyApp\MyTI\ccs1230\ccs\tools\compiler\ti-cgt-arm_20.2.7.LTS\lib\</path>
         <kind>archive</kind>
         <file>rtsv7M4_T_le_v4SPD16_eabi.lib</file>
         <name>fd_mul_t2.asm.obj</name>
      </input_file>
      <input_file id="fl-e0">
         <path>E:\MyStudyApp\MyTI\ccs1230\ccs\tools\compiler\ti-cgt-arm_20.2.7.LTS\lib\</path>
         <kind>archive</kind>
         <file>rtsv7M4_T_le_v4SPD16_eabi.lib</file>
         <name>fd_tos_t2.asm.obj</name>
      </input_file>
      <input_file id="fl-e1">
         <path>E:\MyStudyApp\MyTI\ccs1230\ccs\tools\compiler\ti-cgt-arm_20.2.7.LTS\lib\</path>
         <kind>archive</kind>
         <file>rtsv7M4_T_le_v4SPD16_eabi.lib</file>
         <name>fs_tod_t2.asm.obj</name>
      </input_file>
      <input_file id="fl-e2">
         <path>E:\MyStudyApp\MyTI\ccs1230\ccs\tools\compiler\ti-cgt-arm_20.2.7.LTS\lib\</path>
         <kind>archive</kind>
         <file>rtsv7M4_T_le_v4SPD16_eabi.lib</file>
         <name>i_tofd_t2.asm.obj</name>
      </input_file>
      <input_file id="fl-e3">
         <path>E:\MyStudyApp\MyTI\ccs1230\ccs\tools\compiler\ti-cgt-arm_20.2.7.LTS\lib\</path>
         <kind>archive</kind>
         <file>rtsv7M4_T_le_v4SPD16_eabi.lib</file>
         <name>u_tofd_t2.asm.obj</name>
      </input_file>
      <input_file id="fl-e4">
         <path>E:\MyStudyApp\MyTI\ccs1230\ccs\tools\compiler\ti-cgt-arm_20.2.7.LTS\lib\</path>
         <kind>archive</kind>
         <file>rtsv7M4_T_le_v4SPD16_eabi.lib</file>
         <name>copy_zero_init.c.obj</name>
      </input_file>
      <input_file id="fl-e5">
         <path>E:\MyStudyApp\MyTI\ccs1230\ccs\tools\compiler\ti-cgt-arm_20.2.7.LTS\lib\</path>
         <kind>archive</kind>
         <file>rtsv7M4_T_le_v4SPD16_eabi.lib</file>
         <name>copy_decompress_none.c.obj</name>
      </input_file>
      <input_file id="fl-e6">
         <path>E:\MyStudyApp\MyTI\ccs1230\ccs\tools\compiler\ti-cgt-arm_20.2.7.LTS\lib\</path>
         <kind>archive</kind>
         <file>rtsv7M4_T_le_v4SPD16_eabi.lib</file>
         <name>copy_decompress_lzss.c.obj</name>
      </input_file>
      <input_file id="fl-e7">
         <path>E:\MyStudyApp\MyTI\ccs1230\ccs\tools\compiler\ti-cgt-arm_20.2.7.LTS\lib\</path>
         <kind>archive</kind>
         <file>rtsv7M4_T_le_v4SPD16_eabi.lib</file>
         <name>boot_cortex_m.c.obj</name>
      </input_file>
      <input_file id="fl-e8">
         <path>E:\MyStudyApp\MyTI\ccs1230\ccs\tools\compiler\ti-cgt-arm_20.2.7.LTS\lib\</path>
         <kind>archive</kind>
         <file>rtsv7M4_T_le_v4SPD16_eabi.lib</file>
         <name>memcpy_t2.asm.obj</name>
      </input_file>
      <input_file id="fl-e9">
         <path>E:\MyStudyApp\MyTI\ccs1230\ccs\tools\compiler\ti-cgt-arm_20.2.7.LTS\lib\</path>
         <kind>archive</kind>
         <file>rtsv7M4_T_le_v4SPD16_eabi.lib</file>
         <name>memset_t2.asm.obj</name>
      </input_file>
      <input_file id="fl-ea">
         <path>E:\MyStudyApp\MyTI\ccs1230\ccs\tools\compiler\ti-cgt-arm_20.2.7.LTS\lib\</path>
         <kind>archive</kind>
         <file>rtsv7M4_T_le_v4SPD16_eabi.lib</file>
         <name>autoinit.c.obj</name>
      </input_file>
      <input_file id="fl-eb">
         <path>E:\MyStudyApp\MyTI\ccs1230\ccs\tools\compiler\ti-cgt-arm_20.2.7.LTS\lib\</path>
         <kind>archive</kind>
         <file>rtsv7M4_T_le_v4SPD16_eabi.lib</file>
         <name>pre_init.c.obj</name>
      </input_file>
      <input_file id="fl-ec">
         <path>E:\MyStudyApp\MyTI\ccs1230\ccs\tools\compiler\ti-cgt-arm_20.2.7.LTS\lib\</path>
         <kind>archive</kind>
         <file>rtsv7M4_T_le_v4SPD16_eabi.lib</file>
         <name>cpy_tbl.c.obj</name>
      </input_file>
      <input_file id="fl-ed">
         <path>E:\MyStudyApp\MyTI\ccs1230\ccs\tools\compiler\ti-cgt-arm_20.2.7.LTS\lib\</path>
         <kind>archive</kind>
         <file>rtsv7M4_T_le_v4SPD16_eabi.lib</file>
         <name>exit.c.obj</name>
      </input_file>
      <input_file id="fl-ee">
         <path>E:\MyStudyApp\MyTI\ccs1230\ccs\tools\compiler\ti-cgt-arm_20.2.7.LTS\lib\</path>
         <kind>archive</kind>
         <file>rtsv7M4_T_le_v4SPD16_eabi.lib</file>
         <name>_lock.c.obj</name>
      </input_file>
      <input_file id="fl-ef">
         <path>E:\MyStudyApp\MyTI\ccs1230\ccs\tools\compiler\ti-cgt-arm_20.2.7.LTS\lib\</path>
         <kind>archive</kind>
         <file>rtsv7M4_T_le_v4SPD16_eabi.lib</file>
         <name>args_main.c.obj</name>
      </input_file>
   </input_file_list>
   <object_component_list>
      <object_component id="oc-26">
         <name>.intvecs:retain</name>
         <load_address>0x0</load_address>
         <run_address>0x0</run_address>
         <size>0xe4</size>
         <input_file_ref idref="fl-13"/>
      </object_component>
      <object_component id="oc-38d">
         <name>.text:atan</name>
         <load_address>0xe4</load_address>
         <run_address>0xe4</run_address>
         <size>0x2ec</size>
         <input_file_ref idref="fl-db"/>
      </object_component>
      <object_component id="oc-f3">
         <name>.text:Openmv_Receive_Data</name>
         <load_address>0x3d0</load_address>
         <run_address>0x3d0</run_address>
         <size>0x214</size>
         <input_file_ref idref="fl-a"/>
      </object_component>
      <object_component id="oc-436">
         <name>.text</name>
         <load_address>0x5e4</load_address>
         <run_address>0x5e4</run_address>
         <size>0x1b6</size>
         <input_file_ref idref="fl-dc"/>
      </object_component>
      <object_component id="oc-6d">
         <name>.text:Default_Handler</name>
         <load_address>0x79a</load_address>
         <run_address>0x79a</run_address>
         <size>0x2</size>
         <input_file_ref idref="fl-13"/>
      </object_component>
      <object_component id="oc-85">
         <name>.text:PORT4_IRQHandler</name>
         <load_address>0x79c</load_address>
         <run_address>0x79c</run_address>
         <size>0x198</size>
         <input_file_ref idref="fl-7"/>
      </object_component>
      <object_component id="oc-e7">
         <name>.text:Laser_Receive_Data</name>
         <load_address>0x934</load_address>
         <run_address>0x934</run_address>
         <size>0x194</size>
         <input_file_ref idref="fl-9"/>
      </object_component>
      <object_component id="oc-320">
         <name>.text:privateTimer_AProcessClockSourceDivider</name>
         <load_address>0xac8</load_address>
         <run_address>0xac8</run_address>
         <size>0x144</size>
         <input_file_ref idref="fl-22"/>
      </object_component>
      <object_component id="oc-393">
         <name>.text</name>
         <load_address>0xc0c</load_address>
         <run_address>0xc0c</run_address>
         <size>0x136</size>
         <input_file_ref idref="fl-de"/>
      </object_component>
      <object_component id="oc-279">
         <name>.text:UART_initModule</name>
         <load_address>0xd44</load_address>
         <run_address>0xd44</run_address>
         <size>0x11c</size>
         <input_file_ref idref="fl-23"/>
      </object_component>
      <object_component id="oc-184">
         <name>.text:task_1</name>
         <load_address>0xe60</load_address>
         <run_address>0xe60</run_address>
         <size>0x11c</size>
         <input_file_ref idref="fl-d"/>
      </object_component>
      <object_component id="oc-315">
         <name>.text:_CSComputeCLKFrequency</name>
         <load_address>0xf7c</load_address>
         <run_address>0xf7c</run_address>
         <size>0x104</size>
         <input_file_ref idref="fl-1e"/>
      </object_component>
      <object_component id="oc-398">
         <name>.text</name>
         <load_address>0x1080</load_address>
         <run_address>0x1080</run_address>
         <size>0xfc</size>
         <input_file_ref idref="fl-df"/>
      </object_component>
      <object_component id="oc-3f0">
         <name>.text:CS_getDCOFrequency</name>
         <load_address>0x117c</load_address>
         <run_address>0x117c</run_address>
         <size>0xf8</size>
         <input_file_ref idref="fl-1e"/>
      </object_component>
      <object_component id="oc-148">
         <name>.text:OLED_Init</name>
         <load_address>0x1274</load_address>
         <run_address>0x1274</run_address>
         <size>0xec</size>
         <input_file_ref idref="fl-11"/>
      </object_component>
      <object_component id="oc-307">
         <name>.text:CS_startHFXTWithTimeout</name>
         <load_address>0x1360</load_address>
         <run_address>0x1360</run_address>
         <size>0xe4</size>
         <input_file_ref idref="fl-1e"/>
      </object_component>
      <object_component id="oc-380">
         <name>.text:set_pulse_pitch</name>
         <load_address>0x1444</load_address>
         <run_address>0x1444</run_address>
         <size>0xe4</size>
         <input_file_ref idref="fl-f"/>
      </object_component>
      <object_component id="oc-37a">
         <name>.text:set_pulse_yaw</name>
         <load_address>0x1528</load_address>
         <run_address>0x1528</run_address>
         <size>0xe4</size>
         <input_file_ref idref="fl-f"/>
      </object_component>
      <object_component id="oc-30e">
         <name>.text:CS_startLFXTWithTimeout</name>
         <load_address>0x160c</load_address>
         <run_address>0x160c</run_address>
         <size>0xe0</size>
         <input_file_ref idref="fl-1e"/>
      </object_component>
      <object_component id="oc-3d6">
         <name>.text:_CSGetHFXTFrequency</name>
         <load_address>0x16ec</load_address>
         <run_address>0x16ec</run_address>
         <size>0xdc</size>
         <input_file_ref idref="fl-1e"/>
      </object_component>
      <object_component id="oc-b1">
         <name>.text:main</name>
         <load_address>0x17c8</load_address>
         <run_address>0x17c8</run_address>
         <size>0xdc</size>
         <input_file_ref idref="fl-2"/>
      </object_component>
      <object_component id="oc-118">
         <name>.text:CLOCK_Init</name>
         <load_address>0x18a4</load_address>
         <run_address>0x18a4</run_address>
         <size>0xcc</size>
         <input_file_ref idref="fl-4"/>
      </object_component>
      <object_component id="oc-386">
         <name>.text:main_control</name>
         <load_address>0x1970</load_address>
         <run_address>0x1970</run_address>
         <size>0xc4</size>
         <input_file_ref idref="fl-c"/>
      </object_component>
      <object_component id="oc-366">
         <name>.text:set_pitch</name>
         <load_address>0x1a34</load_address>
         <run_address>0x1a34</run_address>
         <size>0xc4</size>
         <input_file_ref idref="fl-f"/>
      </object_component>
      <object_component id="oc-360">
         <name>.text:set_yaw</name>
         <load_address>0x1af8</load_address>
         <run_address>0x1af8</run_address>
         <size>0xc4</size>
         <input_file_ref idref="fl-f"/>
      </object_component>
      <object_component id="oc-130">
         <name>.text:KeyboardInit</name>
         <load_address>0x1bbc</load_address>
         <run_address>0x1bbc</run_address>
         <size>0xb4</size>
         <input_file_ref idref="fl-7"/>
      </object_component>
      <object_component id="oc-291">
         <name>.text:set_steering</name>
         <load_address>0x1c70</load_address>
         <run_address>0x1c70</run_address>
         <size>0xa8</size>
         <input_file_ref idref="fl-f"/>
      </object_component>
      <object_component id="oc-37">
         <name>.text</name>
         <load_address>0x1d18</load_address>
         <run_address>0x1d18</run_address>
         <size>0x9c</size>
         <input_file_ref idref="fl-e8"/>
      </object_component>
      <object_component id="oc-463">
         <name>.text:SysCtl_A_getTLVInfo</name>
         <load_address>0x1db4</load_address>
         <run_address>0x1db4</run_address>
         <size>0x94</size>
         <input_file_ref idref="fl-21"/>
      </object_component>
      <object_component id="oc-375">
         <name>.text:__aeabi_cdrcmple</name>
         <load_address>0x1e48</load_address>
         <run_address>0x1e48</run_address>
         <size>0x86</size>
         <input_file_ref idref="fl-dd"/>
      </object_component>
      <object_component id="oc-255">
         <name>.text:Interrupt_enableInterrupt</name>
         <load_address>0x1ed0</load_address>
         <run_address>0x1ed0</run_address>
         <size>0x80</size>
         <input_file_ref idref="fl-20"/>
      </object_component>
      <object_component id="oc-469">
         <name>.text:_CSGetDOCFrequency</name>
         <load_address>0x1f50</load_address>
         <run_address>0x1f50</run_address>
         <size>0x7c</size>
         <input_file_ref idref="fl-1e"/>
      </object_component>
      <object_component id="oc-2a4">
         <name>.text:pulse_steering</name>
         <load_address>0x1fcc</load_address>
         <run_address>0x1fcc</run_address>
         <size>0x7c</size>
         <input_file_ref idref="fl-f"/>
      </object_component>
      <object_component id="oc-c3">
         <name>.text:SystemInit</name>
         <load_address>0x2048</load_address>
         <run_address>0x2048</run_address>
         <size>0x78</size>
         <input_file_ref idref="fl-3"/>
      </object_component>
      <object_component id="oc-13c">
         <name>.text:TimA2_Init</name>
         <load_address>0x20c0</load_address>
         <run_address>0x20c0</run_address>
         <size>0x70</size>
         <input_file_ref idref="fl-12"/>
      </object_component>
      <object_component id="oc-39d">
         <name>.text</name>
         <load_address>0x2130</load_address>
         <run_address>0x2130</run_address>
         <size>0x6e</size>
         <input_file_ref idref="fl-e0"/>
      </object_component>
      <object_component id="oc-14e">
         <name>.text:OLED_Clear</name>
         <load_address>0x219e</load_address>
         <run_address>0x219e</run_address>
         <size>0x6a</size>
         <input_file_ref idref="fl-11"/>
      </object_component>
      <object_component id="oc-33e">
         <name>.text:Send_Byte</name>
         <load_address>0x2208</load_address>
         <run_address>0x2208</run_address>
         <size>0x68</size>
         <input_file_ref idref="fl-11"/>
      </object_component>
      <object_component id="oc-24f">
         <name>.text:Timer_A_configureUpMode</name>
         <load_address>0x2270</load_address>
         <run_address>0x2270</run_address>
         <size>0x68</size>
         <input_file_ref idref="fl-22"/>
      </object_component>
      <object_component id="oc-17">
         <name>.text:decompress:lzss:__TI_decompress_lzss</name>
         <load_address>0x22d8</load_address>
         <run_address>0x22d8</run_address>
         <size>0x68</size>
         <input_file_ref idref="fl-e6"/>
      </object_component>
      <object_component id="oc-db">
         <name>.text:UART_getEnabledInterruptStatus</name>
         <load_address>0x2340</load_address>
         <run_address>0x2340</run_address>
         <size>0x64</size>
         <input_file_ref idref="fl-23"/>
      </object_component>
      <object_component id="oc-28b">
         <name>.text:pid_initialize</name>
         <load_address>0x23a4</load_address>
         <run_address>0x23a4</run_address>
         <size>0x64</size>
         <input_file_ref idref="fl-b"/>
      </object_component>
      <object_component id="oc-178">
         <name>.text:steering_init</name>
         <load_address>0x2408</load_address>
         <run_address>0x2408</run_address>
         <size>0x64</size>
         <input_file_ref idref="fl-2"/>
      </object_component>
      <object_component id="oc-3e4">
         <name>.text:_CSGetDividerValue</name>
         <load_address>0x246c</load_address>
         <run_address>0x246c</run_address>
         <size>0x62</size>
         <input_file_ref idref="fl-1e"/>
      </object_component>
      <object_component id="oc-154">
         <name>.text:Openmv_Init</name>
         <load_address>0x24d0</load_address>
         <run_address>0x24d0</run_address>
         <size>0x60</size>
         <input_file_ref idref="fl-a"/>
      </object_component>
      <object_component id="oc-18a">
         <name>.text:delay_ms</name>
         <load_address>0x2530</load_address>
         <run_address>0x2530</run_address>
         <size>0x5c</size>
         <input_file_ref idref="fl-e"/>
      </object_component>
      <object_component id="oc-2aa">
         <name>.text:point_to_angle_yaw</name>
         <load_address>0x258c</load_address>
         <run_address>0x258c</run_address>
         <size>0x5c</size>
         <input_file_ref idref="fl-d"/>
      </object_component>
      <object_component id="oc-240">
         <name>.text:GPIO_setAsInputPinWithPullUpResistor</name>
         <load_address>0x25e8</load_address>
         <run_address>0x25e8</run_address>
         <size>0x58</size>
         <input_file_ref idref="fl-1f"/>
      </object_component>
      <object_component id="oc-160">
         <name>.text:LED2_RGB</name>
         <load_address>0x2640</load_address>
         <run_address>0x2640</run_address>
         <size>0x58</size>
         <input_file_ref idref="fl-8"/>
      </object_component>
      <object_component id="oc-42a">
         <name>.text:delay_us</name>
         <load_address>0x2698</load_address>
         <run_address>0x2698</run_address>
         <size>0x58</size>
         <input_file_ref idref="fl-e"/>
      </object_component>
      <object_component id="oc-2b0">
         <name>.text:point_to_angle_pitch</name>
         <load_address>0x26f0</load_address>
         <run_address>0x26f0</run_address>
         <size>0x58</size>
         <input_file_ref idref="fl-d"/>
      </object_component>
      <object_component id="oc-124">
         <name>.text:LED_Init</name>
         <load_address>0x2748</load_address>
         <run_address>0x2748</run_address>
         <size>0x54</size>
         <input_file_ref idref="fl-8"/>
      </object_component>
      <object_component id="oc-17e">
         <name>.text:KEY_Input</name>
         <load_address>0x279c</load_address>
         <run_address>0x279c</run_address>
         <size>0x46</size>
         <input_file_ref idref="fl-6"/>
      </object_component>
      <object_component id="oc-1a8">
         <name>.text:__TI_auto_init_nobinit_nopinit:__TI_auto_init_nobinit_nopinit</name>
         <load_address>0x27e4</load_address>
         <run_address>0x27e4</run_address>
         <size>0x44</size>
         <input_file_ref idref="fl-ea"/>
      </object_component>
      <object_component id="oc-16c">
         <name>.text:clear_statemachine</name>
         <load_address>0x2828</load_address>
         <run_address>0x2828</run_address>
         <size>0x44</size>
         <input_file_ref idref="fl-2"/>
      </object_component>
      <object_component id="oc-271">
         <name>.text:OLED_WR_Byte</name>
         <load_address>0x286c</load_address>
         <run_address>0x286c</run_address>
         <size>0x42</size>
         <input_file_ref idref="fl-11"/>
      </object_component>
      <object_component id="oc-239">
         <name>.text:GPIO_setAsOutputPin</name>
         <load_address>0x28b0</load_address>
         <run_address>0x28b0</run_address>
         <size>0x40</size>
         <input_file_ref idref="fl-1f"/>
      </object_component>
      <object_component id="oc-11e">
         <name>.text:delay_init</name>
         <load_address>0x28f0</load_address>
         <run_address>0x28f0</run_address>
         <size>0x3c</size>
         <input_file_ref idref="fl-e"/>
      </object_component>
      <object_component id="oc-370">
         <name>.text</name>
         <load_address>0x292c</load_address>
         <run_address>0x292c</run_address>
         <size>0x38</size>
         <input_file_ref idref="fl-e1"/>
      </object_component>
      <object_component id="oc-142">
         <name>.text:TA3_IT_INIT</name>
         <load_address>0x2964</load_address>
         <run_address>0x2964</run_address>
         <size>0x34</size>
         <input_file_ref idref="fl-12"/>
      </object_component>
      <object_component id="oc-55">
         <name>.text:_c_int00_noargs:_c_int00_noargs</name>
         <load_address>0x2998</load_address>
         <run_address>0x2998</run_address>
         <size>0x34</size>
         <input_file_ref idref="fl-e7"/>
      </object_component>
      <object_component id="oc-172">
         <name>.text:clear_openmvmessage</name>
         <load_address>0x29cc</load_address>
         <run_address>0x29cc</run_address>
         <size>0x34</size>
         <input_file_ref idref="fl-2"/>
      </object_component>
      <object_component id="oc-3ea">
         <name>.text:CS_clearInterruptFlag</name>
         <load_address>0x2a00</load_address>
         <run_address>0x2a00</run_address>
         <size>0x30</size>
         <input_file_ref idref="fl-1e"/>
      </object_component>
      <object_component id="oc-29d">
         <name>.text:GPIO_getInputPinValue</name>
         <load_address>0x2a30</load_address>
         <run_address>0x2a30</run_address>
         <size>0x30</size>
         <input_file_ref idref="fl-1f"/>
      </object_component>
      <object_component id="oc-e1">
         <name>.text:UART_receiveData</name>
         <load_address>0x2a60</load_address>
         <run_address>0x2a60</run_address>
         <size>0x30</size>
         <input_file_ref idref="fl-23"/>
      </object_component>
      <object_component id="oc-7f">
         <name>.text:EUSCIA2_IRQHandler</name>
         <load_address>0x2a90</load_address>
         <run_address>0x2a90</run_address>
         <size>0x2c</size>
         <input_file_ref idref="fl-a"/>
      </object_component>
      <object_component id="oc-cb">
         <name>.text:Timer_A_clearCaptureCompareInterrupt</name>
         <load_address>0x2abc</load_address>
         <run_address>0x2abc</run_address>
         <size>0x2c</size>
         <input_file_ref idref="fl-22"/>
      </object_component>
      <object_component id="oc-22f">
         <name>.text:CS_getMCLK</name>
         <load_address>0x2ae8</load_address>
         <run_address>0x2ae8</run_address>
         <size>0x28</size>
         <input_file_ref idref="fl-1e"/>
      </object_component>
      <object_component id="oc-79">
         <name>.text:EUSCIA1_IRQHandler</name>
         <load_address>0x2b10</load_address>
         <run_address>0x2b10</run_address>
         <size>0x28</size>
         <input_file_ref idref="fl-9"/>
      </object_component>
      <object_component id="oc-166">
         <name>.text:GPIO_setOutputHighOnPin</name>
         <load_address>0x2b38</load_address>
         <run_address>0x2b38</run_address>
         <size>0x28</size>
         <input_file_ref idref="fl-1f"/>
      </object_component>
      <object_component id="oc-15a">
         <name>.text:GPIO_setOutputLowOnPin</name>
         <load_address>0x2b60</load_address>
         <run_address>0x2b60</run_address>
         <size>0x28</size>
         <input_file_ref idref="fl-1f"/>
      </object_component>
      <object_component id="oc-338">
         <name>.text:I2C_Start</name>
         <load_address>0x2b88</load_address>
         <run_address>0x2b88</run_address>
         <size>0x24</size>
         <input_file_ref idref="fl-11"/>
      </object_component>
      <object_component id="oc-216">
         <name>.text:WDT_A_holdTimer</name>
         <load_address>0x2bac</load_address>
         <run_address>0x2bac</run_address>
         <size>0x24</size>
         <input_file_ref idref="fl-24"/>
      </object_component>
      <object_component id="oc-136">
         <name>.text:step_motor_init</name>
         <load_address>0x2bd0</load_address>
         <run_address>0x2bd0</run_address>
         <size>0x24</size>
         <input_file_ref idref="fl-f"/>
      </object_component>
      <object_component id="oc-21c">
         <name>.text:CS_setExternalClockSourceFrequency</name>
         <load_address>0x2bf4</load_address>
         <run_address>0x2bf4</run_address>
         <size>0x20</size>
         <input_file_ref idref="fl-1e"/>
      </object_component>
      <object_component id="oc-26b">
         <name>.text:I2C_SW_Configuration</name>
         <load_address>0x2c14</load_address>
         <run_address>0x2c14</run_address>
         <size>0x20</size>
         <input_file_ref idref="fl-11"/>
      </object_component>
      <object_component id="oc-73">
         <name>.text:TA3_0_IRQHandler</name>
         <load_address>0x2c34</load_address>
         <run_address>0x2c34</run_address>
         <size>0x20</size>
         <input_file_ref idref="fl-c"/>
      </object_component>
      <object_component id="oc-34a">
         <name>.text:I2C_Stop</name>
         <load_address>0x2c54</load_address>
         <run_address>0x2c54</run_address>
         <size>0x1c</size>
         <input_file_ref idref="fl-11"/>
      </object_component>
      <object_component id="oc-344">
         <name>.text:I2C_WaitAck</name>
         <load_address>0x2c70</load_address>
         <run_address>0x2c70</run_address>
         <size>0x1c</size>
         <input_file_ref idref="fl-11"/>
      </object_component>
      <object_component id="oc-43">
         <name>.text:decompress:ZI:__TI_zero_init_nomemset:__TI_zero_init_nomemset</name>
         <load_address>0x2c8c</load_address>
         <run_address>0x2c8c</run_address>
         <size>0x1c</size>
         <input_file_ref idref="fl-e4"/>
      </object_component>
      <object_component id="oc-3d0">
         <name>.text:SysCtl_A_disableNMISource</name>
         <load_address>0x2ca8</load_address>
         <run_address>0x2ca8</run_address>
         <size>0x18</size>
         <input_file_ref idref="fl-21"/>
      </object_component>
      <object_component id="oc-3dc">
         <name>.text:SysCtl_A_enableNMISource</name>
         <load_address>0x2cc0</load_address>
         <run_address>0x2cc0</run_address>
         <size>0x18</size>
         <input_file_ref idref="fl-21"/>
      </object_component>
      <object_component id="oc-d1">
         <name>.text:Timer_A_clearTimer</name>
         <load_address>0x2cd8</load_address>
         <run_address>0x2cd8</run_address>
         <size>0x18</size>
         <input_file_ref idref="fl-22"/>
      </object_component>
      <object_component id="oc-1f8">
         <name>.text:UART_getInterruptStatus</name>
         <load_address>0x2cf0</load_address>
         <run_address>0x2cf0</run_address>
         <size>0x18</size>
         <input_file_ref idref="fl-23"/>
      </object_component>
      <object_component id="oc-25b">
         <name>.text:Timer_A_startCounter</name>
         <load_address>0x2d08</load_address>
         <run_address>0x2d08</run_address>
         <size>0x16</size>
         <input_file_ref idref="fl-22"/>
      </object_component>
      <object_component id="oc-222">
         <name>.text:CS_startHFXT</name>
         <load_address>0x2d1e</load_address>
         <run_address>0x2d1e</run_address>
         <size>0x12</size>
         <input_file_ref idref="fl-1e"/>
      </object_component>
      <object_component id="oc-261">
         <name>.text:Interrupt_enableMaster</name>
         <load_address>0x2d30</load_address>
         <run_address>0x2d30</run_address>
         <size>0x10</size>
         <input_file_ref idref="fl-20"/>
      </object_component>
      <object_component id="oc-3ca">
         <name>.text:SysCtl_A_getNMISourceStatus</name>
         <load_address>0x2d40</load_address>
         <run_address>0x2d40</run_address>
         <size>0x10</size>
         <input_file_ref idref="fl-21"/>
      </object_component>
      <object_component id="oc-228">
         <name>.text:CS_startLFXT</name>
         <load_address>0x2d50</load_address>
         <run_address>0x2d50</run_address>
         <size>0xe</size>
         <input_file_ref idref="fl-1e"/>
      </object_component>
      <object_component id="oc-1d">
         <name>.text:decompress:none:__TI_decompress_none</name>
         <load_address>0x2d5e</load_address>
         <run_address>0x2d5e</run_address>
         <size>0xe</size>
         <input_file_ref idref="fl-e5"/>
      </object_component>
      <object_component id="oc-32d">
         <name>.text:CPU_cpsie</name>
         <load_address>0x2d6c</load_address>
         <run_address>0x2d6c</run_address>
         <size>0xc</size>
         <input_file_ref idref="fl-25"/>
      </object_component>
      <object_component id="oc-35a">
         <name>.text:GetKey</name>
         <load_address>0x2d78</load_address>
         <run_address>0x2d78</run_address>
         <size>0xc</size>
         <input_file_ref idref="fl-7"/>
      </object_component>
      <object_component id="oc-12a">
         <name>.text:KEY_Init</name>
         <load_address>0x2d84</load_address>
         <run_address>0x2d84</run_address>
         <size>0xc</size>
         <input_file_ref idref="fl-6"/>
      </object_component>
      <object_component id="oc-67">
         <name>.text:Reset_Handler</name>
         <load_address>0x2d90</load_address>
         <run_address>0x2d90</run_address>
         <size>0xc</size>
         <input_file_ref idref="fl-13"/>
      </object_component>
      <object_component id="oc-ab">
         <name>.text:_system_pre_init</name>
         <load_address>0x2d9c</load_address>
         <run_address>0x2d9c</run_address>
         <size>0x4</size>
         <input_file_ref idref="fl-eb"/>
      </object_component>
      <object_component id="oc-19c">
         <name>.text:abort:abort</name>
         <load_address>0x2da0</load_address>
         <run_address>0x2da0</run_address>
         <size>0x4</size>
         <input_file_ref idref="fl-ed"/>
      </object_component>
      <object_component id="oc-43b">
         <name>.const:$O1$$</name>
         <load_address>0x2da8</load_address>
         <run_address>0x2da8</run_address>
         <size>0x98</size>
         <input_file_ref idref="fl-db"/>
      </object_component>
      <object_component id="oc-283">
         <name>.const:GPIO_PORT_TO_BASE</name>
         <load_address>0x2e40</load_address>
         <run_address>0x2e40</run_address>
         <size>0x30</size>
         <input_file_ref idref="fl-1f"/>
      </object_component>
      <object_component id="oc-27f">
         <name>.const:uartConfigOpen</name>
         <load_address>0x2e70</load_address>
         <run_address>0x2e70</run_address>
         <size>0x28</size>
         <input_file_ref idref="fl-a"/>
      </object_component>
      <object_component id="oc-267">
         <name>.const:upConfig</name>
         <load_address>0x2e98</load_address>
         <run_address>0x2e98</run_address>
         <size>0x18</size>
         <input_file_ref idref="fl-12"/>
      </object_component>
      <object_component id="oc-328">
         <name>.const:g_pulEnRegs</name>
         <load_address>0x2eb0</load_address>
         <run_address>0x2eb0</run_address>
         <size>0x8</size>
         <input_file_ref idref="fl-20"/>
      </object_component>
      <object_component id="oc-4b5">
         <name>__TI_handler_table</name>
         <load_address>0x2eb8</load_address>
         <run_address>0x2eb8</run_address>
         <size>0xc</size>
      </object_component>
      <object_component id="oc-4b7">
         <name>.cinit..data.load</name>
         <load_address>0x2ec4</load_address>
         <run_address>0x2ec4</run_address>
         <size>0xb</size>
      </object_component>
      <object_component id="oc-4b8">
         <name>.cinit..bss.load</name>
         <load_address>0x2ed0</load_address>
         <run_address>0x2ed0</run_address>
         <size>0x8</size>
      </object_component>
      <object_component id="oc-4b6">
         <name>__TI_cinit_table</name>
         <load_address>0x2ed8</load_address>
         <run_address>0x2ed8</run_address>
         <size>0x10</size>
      </object_component>
      <object_component id="oc-489">
         <name>.binit</name>
         <load_address>0x0</load_address>
         <run_address>0x0</run_address>
         <size>0x0</size>
      </object_component>
      <object_component id="oc-193">
         <name>.data</name>
         <load_address>0x200000fb</load_address>
         <run_address>0x200000fb</run_address>
         <size>0x1</size>
         <input_file_ref idref="fl-2"/>
      </object_component>
      <object_component id="oc-fd">
         <name>.data</name>
         <load_address>0x200000f4</load_address>
         <run_address>0x200000f4</run_address>
         <size>0x4</size>
         <input_file_ref idref="fl-7"/>
      </object_component>
      <object_component id="oc-200">
         <name>.data</name>
         <load_address>0x200000e2</load_address>
         <run_address>0x200000e2</run_address>
         <size>0x2</size>
         <input_file_ref idref="fl-9"/>
      </object_component>
      <object_component id="oc-f9">
         <name>.data</name>
         <load_address>0x200000f8</load_address>
         <run_address>0x200000f8</run_address>
         <size>0x3</size>
         <input_file_ref idref="fl-a"/>
      </object_component>
      <object_component id="oc-432">
         <name>.data</name>
         <load_address>0x200000d4</load_address>
         <run_address>0x200000d4</run_address>
         <size>0xe</size>
         <input_file_ref idref="fl-c"/>
      </object_component>
      <object_component id="oc-2b6">
         <name>.data</name>
         <load_address>0x200000a8</load_address>
         <run_address>0x200000a8</run_address>
         <size>0x2c</size>
         <input_file_ref idref="fl-d"/>
      </object_component>
      <object_component id="oc-235">
         <name>.data</name>
         <load_address>0x200000f0</load_address>
         <run_address>0x200000f0</run_address>
         <size>0x4</size>
         <input_file_ref idref="fl-e"/>
      </object_component>
      <object_component id="oc-299">
         <name>.data</name>
         <load_address>0x200000e4</load_address>
         <run_address>0x200000e4</run_address>
         <size>0xc</size>
         <input_file_ref idref="fl-f"/>
      </object_component>
      <object_component id="oc-201">
         <name>.bss:laser$1</name>
         <uninitialized>true</uninitialized>
         <run_address>0x20000078</run_address>
         <size>0x8</size>
         <input_file_ref idref="fl-9"/>
      </object_component>
      <object_component id="oc-20b">
         <name>.bss:openmv$1</name>
         <uninitialized>true</uninitialized>
         <run_address>0x2000006c</run_address>
         <size>0xc</size>
         <input_file_ref idref="fl-a"/>
      </object_component>
      <object_component id="oc-303">
         <name>.bss</name>
         <uninitialized>true</uninitialized>
         <run_address>0x20000080</run_address>
         <size>0x8</size>
         <input_file_ref idref="fl-1e"/>
      </object_component>
      <object_component id="oc-430">
         <name>.common:time_count_flag</name>
         <uninitialized>true</uninitialized>
         <run_address>0x200000a0</run_address>
         <size>0x4</size>
      </object_component>
      <object_component id="oc-431">
         <name>.common:mission_time_count</name>
         <uninitialized>true</uninitialized>
         <run_address>0x2000009c</run_address>
         <size>0x4</size>
      </object_component>
      <object_component id="oc-297">
         <name>.common:pid_pitch</name>
         <uninitialized>true</uninitialized>
         <run_address>0x20000000</run_address>
         <size>0x24</size>
      </object_component>
      <object_component id="oc-298">
         <name>.common:pid_yaw</name>
         <uninitialized>true</uninitialized>
         <run_address>0x20000024</run_address>
         <size>0x24</size>
      </object_component>
      <object_component id="oc-190">
         <name>.common:StateMachine</name>
         <uninitialized>true</uninitialized>
         <run_address>0x2000005c</run_address>
         <size>0x10</size>
      </object_component>
      <object_component id="oc-202">
         <name>.common:LaserMessage</name>
         <uninitialized>true</uninitialized>
         <run_address>0x20000098</run_address>
         <size>0x4</size>
      </object_component>
      <object_component id="oc-20c">
         <name>.common:OpenmvMessage</name>
         <uninitialized>true</uninitialized>
         <run_address>0x20000048</run_address>
         <size>0x14</size>
      </object_component>
      <object_component id="oc-20f">
         <name>.common:rect_x</name>
         <uninitialized>true</uninitialized>
         <run_address>0x20000088</run_address>
         <size>0x8</size>
      </object_component>
      <object_component id="oc-210">
         <name>.common:rect_y</name>
         <uninitialized>true</uninitialized>
         <run_address>0x20000090</run_address>
         <size>0x8</size>
      </object_component>
      <object_component id="oc-d7">
         <name>.common:main_control_flag</name>
         <uninitialized>true</uninitialized>
         <run_address>0x200000a4</run_address>
         <size>0x1</size>
      </object_component>
      <object_component id="oc-29">
         <name>.stack</name>
         <uninitialized>true</uninitialized>
         <run_address>0x2000fe00</run_address>
         <size>0x4</size>
         <input_file_ref idref="fl-e7"/>
      </object_component>
      <object_component id="oc-4ba">
         <name>.stack</name>
         <uninitialized>true</uninitialized>
         <run_address>0x2000fe00</run_address>
         <size>0x0</size>
      </object_component>
      <object_component id="oc-191">
         <name>.debug_info</name>
         <load_address>0x0</load_address>
         <run_address>0x0</run_address>
         <size>0xa07</size>
         <input_file_ref idref="fl-2"/>
      </object_component>
      <object_component id="oc-194">
         <name>.debug_info</name>
         <load_address>0xa07</load_address>
         <run_address>0xa07</run_address>
         <size>0xe1</size>
         <input_file_ref idref="fl-2"/>
      </object_component>
      <object_component id="oc-b2">
         <name>.debug_info</name>
         <load_address>0xae8</load_address>
         <run_address>0xae8</run_address>
         <size>0x322</size>
         <input_file_ref idref="fl-2"/>
      </object_component>
      <object_component id="oc-16d">
         <name>.debug_info</name>
         <load_address>0xe0a</load_address>
         <run_address>0xe0a</run_address>
         <size>0x121</size>
         <input_file_ref idref="fl-2"/>
      </object_component>
      <object_component id="oc-173">
         <name>.debug_info</name>
         <load_address>0xf2b</load_address>
         <run_address>0xf2b</run_address>
         <size>0x123</size>
         <input_file_ref idref="fl-2"/>
      </object_component>
      <object_component id="oc-179">
         <name>.debug_info</name>
         <load_address>0x104e</load_address>
         <run_address>0x104e</run_address>
         <size>0x154</size>
         <input_file_ref idref="fl-2"/>
      </object_component>
      <object_component id="oc-2bd">
         <name>.debug_info</name>
         <load_address>0x11a2</load_address>
         <run_address>0x11a2</run_address>
         <size>0xea</size>
         <input_file_ref idref="fl-2"/>
      </object_component>
      <object_component id="oc-2c7">
         <name>.debug_info</name>
         <load_address>0x128c</load_address>
         <run_address>0x128c</run_address>
         <size>0x86</size>
         <input_file_ref idref="fl-2"/>
      </object_component>
      <object_component id="oc-2c2">
         <name>.debug_info</name>
         <load_address>0x1312</load_address>
         <run_address>0x1312</run_address>
         <size>0x14d</size>
         <input_file_ref idref="fl-2"/>
      </object_component>
      <object_component id="oc-103">
         <name>.debug_info</name>
         <load_address>0x145f</load_address>
         <run_address>0x145f</run_address>
         <size>0x26b</size>
         <input_file_ref idref="fl-2"/>
      </object_component>
      <object_component id="oc-1ee">
         <name>.debug_info</name>
         <load_address>0x16ca</load_address>
         <run_address>0x16ca</run_address>
         <size>0x1028</size>
         <input_file_ref idref="fl-2"/>
      </object_component>
      <object_component id="oc-1e9">
         <name>.debug_info</name>
         <load_address>0x26f2</load_address>
         <run_address>0x26f2</run_address>
         <size>0x37e2</size>
         <input_file_ref idref="fl-2"/>
      </object_component>
      <object_component id="oc-2fb">
         <name>.debug_info</name>
         <load_address>0x5ed4</load_address>
         <run_address>0x5ed4</run_address>
         <size>0x86</size>
         <input_file_ref idref="fl-2"/>
      </object_component>
      <object_component id="oc-24a">
         <name>.debug_info</name>
         <load_address>0x5f5a</load_address>
         <run_address>0x5f5a</run_address>
         <size>0x341</size>
         <input_file_ref idref="fl-2"/>
      </object_component>
      <object_component id="oc-197">
         <name>.debug_info</name>
         <load_address>0x629b</load_address>
         <run_address>0x629b</run_address>
         <size>0x8b</size>
         <input_file_ref idref="fl-2"/>
      </object_component>
      <object_component id="oc-206">
         <name>.debug_info</name>
         <load_address>0x6326</load_address>
         <run_address>0x6326</run_address>
         <size>0x2a4</size>
         <input_file_ref idref="fl-2"/>
      </object_component>
      <object_component id="oc-1f3">
         <name>.debug_info</name>
         <load_address>0x65ca</load_address>
         <run_address>0x65ca</run_address>
         <size>0xef</size>
         <input_file_ref idref="fl-2"/>
      </object_component>
      <object_component id="oc-ee">
         <name>.debug_info</name>
         <load_address>0x66b9</load_address>
         <run_address>0x66b9</run_address>
         <size>0xbb</size>
         <input_file_ref idref="fl-2"/>
      </object_component>
      <object_component id="oc-2f6">
         <name>.debug_info</name>
         <load_address>0x6774</load_address>
         <run_address>0x6774</run_address>
         <size>0x102</size>
         <input_file_ref idref="fl-2"/>
      </object_component>
      <object_component id="oc-c5">
         <name>.debug_info</name>
         <load_address>0x6876</load_address>
         <run_address>0x6876</run_address>
         <size>0x13e</size>
         <input_file_ref idref="fl-3"/>
      </object_component>
      <object_component id="oc-32">
         <name>.debug_info</name>
         <load_address>0x69b4</load_address>
         <run_address>0x69b4</run_address>
         <size>0x84</size>
         <input_file_ref idref="fl-3"/>
      </object_component>
      <object_component id="oc-119">
         <name>.debug_info</name>
         <load_address>0x6a38</load_address>
         <run_address>0x6a38</run_address>
         <size>0x1e0</size>
         <input_file_ref idref="fl-4"/>
      </object_component>
      <object_component id="oc-12b">
         <name>.debug_info</name>
         <load_address>0x6c18</load_address>
         <run_address>0x6c18</run_address>
         <size>0x150</size>
         <input_file_ref idref="fl-6"/>
      </object_component>
      <object_component id="oc-17f">
         <name>.debug_info</name>
         <load_address>0x6d68</load_address>
         <run_address>0x6d68</run_address>
         <size>0x1b9</size>
         <input_file_ref idref="fl-6"/>
      </object_component>
      <object_component id="oc-fe">
         <name>.debug_info</name>
         <load_address>0x6f21</load_address>
         <run_address>0x6f21</run_address>
         <size>0xed</size>
         <input_file_ref idref="fl-7"/>
      </object_component>
      <object_component id="oc-132">
         <name>.debug_info</name>
         <load_address>0x700e</load_address>
         <run_address>0x700e</run_address>
         <size>0x19f</size>
         <input_file_ref idref="fl-7"/>
      </object_component>
      <object_component id="oc-35c">
         <name>.debug_info</name>
         <load_address>0x71ad</load_address>
         <run_address>0x71ad</run_address>
         <size>0x143</size>
         <input_file_ref idref="fl-7"/>
      </object_component>
      <object_component id="oc-87">
         <name>.debug_info</name>
         <load_address>0x72f0</load_address>
         <run_address>0x72f0</run_address>
         <size>0x221</size>
         <input_file_ref idref="fl-7"/>
      </object_component>
      <object_component id="oc-126">
         <name>.debug_info</name>
         <load_address>0x7511</load_address>
         <run_address>0x7511</run_address>
         <size>0x239</size>
         <input_file_ref idref="fl-8"/>
      </object_component>
      <object_component id="oc-162">
         <name>.debug_info</name>
         <load_address>0x774a</load_address>
         <run_address>0x774a</run_address>
         <size>0x23f</size>
         <input_file_ref idref="fl-8"/>
      </object_component>
      <object_component id="oc-203">
         <name>.debug_info</name>
         <load_address>0x7989</load_address>
         <run_address>0x7989</run_address>
         <size>0x656</size>
         <input_file_ref idref="fl-9"/>
      </object_component>
      <object_component id="oc-e8">
         <name>.debug_info</name>
         <load_address>0x7fdf</load_address>
         <run_address>0x7fdf</run_address>
         <size>0x1c9</size>
         <input_file_ref idref="fl-9"/>
      </object_component>
      <object_component id="oc-7a">
         <name>.debug_info</name>
         <load_address>0x81a8</load_address>
         <run_address>0x81a8</run_address>
         <size>0x1c6</size>
         <input_file_ref idref="fl-9"/>
      </object_component>
      <object_component id="oc-20d">
         <name>.debug_info</name>
         <load_address>0x836e</load_address>
         <run_address>0x836e</run_address>
         <size>0x6be</size>
         <input_file_ref idref="fl-a"/>
      </object_component>
      <object_component id="oc-fa">
         <name>.debug_info</name>
         <load_address>0x8a2c</load_address>
         <run_address>0x8a2c</run_address>
         <size>0xed</size>
         <input_file_ref idref="fl-a"/>
      </object_component>
      <object_component id="oc-280">
         <name>.debug_info</name>
         <load_address>0x8b19</load_address>
         <run_address>0x8b19</run_address>
         <size>0xfd</size>
         <input_file_ref idref="fl-a"/>
      </object_component>
      <object_component id="oc-157">
         <name>.debug_info</name>
         <load_address>0x8c16</load_address>
         <run_address>0x8c16</run_address>
         <size>0x176</size>
         <input_file_ref idref="fl-a"/>
      </object_component>
      <object_component id="oc-f6">
         <name>.debug_info</name>
         <load_address>0x8d8c</load_address>
         <run_address>0x8d8c</run_address>
         <size>0x1d3</size>
         <input_file_ref idref="fl-a"/>
      </object_component>
      <object_component id="oc-82">
         <name>.debug_info</name>
         <load_address>0x8f5f</load_address>
         <run_address>0x8f5f</run_address>
         <size>0x1b7</size>
         <input_file_ref idref="fl-a"/>
      </object_component>
      <object_component id="oc-359">
         <name>.debug_info</name>
         <load_address>0x9116</load_address>
         <run_address>0x9116</run_address>
         <size>0x55d</size>
         <input_file_ref idref="fl-b"/>
      </object_component>
      <object_component id="oc-28c">
         <name>.debug_info</name>
         <load_address>0x9673</load_address>
         <run_address>0x9673</run_address>
         <size>0x226</size>
         <input_file_ref idref="fl-b"/>
      </object_component>
      <object_component id="oc-d8">
         <name>.debug_info</name>
         <load_address>0x9899</load_address>
         <run_address>0x9899</run_address>
         <size>0x7c2</size>
         <input_file_ref idref="fl-c"/>
      </object_component>
      <object_component id="oc-433">
         <name>.debug_info</name>
         <load_address>0xa05b</load_address>
         <run_address>0xa05b</run_address>
         <size>0x15d</size>
         <input_file_ref idref="fl-c"/>
      </object_component>
      <object_component id="oc-387">
         <name>.debug_info</name>
         <load_address>0xa1b8</load_address>
         <run_address>0xa1b8</run_address>
         <size>0x1ef</size>
         <input_file_ref idref="fl-c"/>
      </object_component>
      <object_component id="oc-74">
         <name>.debug_info</name>
         <load_address>0xa3a7</load_address>
         <run_address>0xa3a7</run_address>
         <size>0x19a</size>
         <input_file_ref idref="fl-c"/>
      </object_component>
      <object_component id="oc-2b7">
         <name>.debug_info</name>
         <load_address>0xa541</load_address>
         <run_address>0xa541</run_address>
         <size>0x26a</size>
         <input_file_ref idref="fl-d"/>
      </object_component>
      <object_component id="oc-185">
         <name>.debug_info</name>
         <load_address>0xa7ab</load_address>
         <run_address>0xa7ab</run_address>
         <size>0x1b8</size>
         <input_file_ref idref="fl-d"/>
      </object_component>
      <object_component id="oc-2ab">
         <name>.debug_info</name>
         <load_address>0xa963</load_address>
         <run_address>0xa963</run_address>
         <size>0x1ce</size>
         <input_file_ref idref="fl-d"/>
      </object_component>
      <object_component id="oc-2b1">
         <name>.debug_info</name>
         <load_address>0xab31</load_address>
         <run_address>0xab31</run_address>
         <size>0x1d2</size>
         <input_file_ref idref="fl-d"/>
      </object_component>
      <object_component id="oc-236">
         <name>.debug_info</name>
         <load_address>0xad03</load_address>
         <run_address>0xad03</run_address>
         <size>0x106</size>
         <input_file_ref idref="fl-e"/>
      </object_component>
      <object_component id="oc-121">
         <name>.debug_info</name>
         <load_address>0xae09</load_address>
         <run_address>0xae09</run_address>
         <size>0x146</size>
         <input_file_ref idref="fl-e"/>
      </object_component>
      <object_component id="oc-42d">
         <name>.debug_info</name>
         <load_address>0xaf4f</load_address>
         <run_address>0xaf4f</run_address>
         <size>0x162</size>
         <input_file_ref idref="fl-e"/>
      </object_component>
      <object_component id="oc-18d">
         <name>.debug_info</name>
         <load_address>0xb0b1</load_address>
         <run_address>0xb0b1</run_address>
         <size>0x162</size>
         <input_file_ref idref="fl-e"/>
      </object_component>
      <object_component id="oc-29a">
         <name>.debug_info</name>
         <load_address>0xb213</load_address>
         <run_address>0xb213</run_address>
         <size>0x17a</size>
         <input_file_ref idref="fl-f"/>
      </object_component>
      <object_component id="oc-368">
         <name>.debug_info</name>
         <load_address>0xb38d</load_address>
         <run_address>0xb38d</run_address>
         <size>0x190</size>
         <input_file_ref idref="fl-f"/>
      </object_component>
      <object_component id="oc-362">
         <name>.debug_info</name>
         <load_address>0xb51d</load_address>
         <run_address>0xb51d</run_address>
         <size>0x18c</size>
         <input_file_ref idref="fl-f"/>
      </object_component>
      <object_component id="oc-292">
         <name>.debug_info</name>
         <load_address>0xb6a9</load_address>
         <run_address>0xb6a9</run_address>
         <size>0x164</size>
         <input_file_ref idref="fl-f"/>
      </object_component>
      <object_component id="oc-138">
         <name>.debug_info</name>
         <load_address>0xb80d</load_address>
         <run_address>0xb80d</run_address>
         <size>0x1a7</size>
         <input_file_ref idref="fl-f"/>
      </object_component>
      <object_component id="oc-382">
         <name>.debug_info</name>
         <load_address>0xb9b4</load_address>
         <run_address>0xb9b4</run_address>
         <size>0x1a2</size>
         <input_file_ref idref="fl-f"/>
      </object_component>
      <object_component id="oc-37b">
         <name>.debug_info</name>
         <load_address>0xbb56</load_address>
         <run_address>0xbb56</run_address>
         <size>0x19e</size>
         <input_file_ref idref="fl-f"/>
      </object_component>
      <object_component id="oc-2a6">
         <name>.debug_info</name>
         <load_address>0xbcf4</load_address>
         <run_address>0xbcf4</run_address>
         <size>0x20c</size>
         <input_file_ref idref="fl-f"/>
      </object_component>
      <object_component id="oc-26c">
         <name>.debug_info</name>
         <load_address>0xbf00</load_address>
         <run_address>0xbf00</run_address>
         <size>0x152</size>
         <input_file_ref idref="fl-11"/>
      </object_component>
      <object_component id="oc-339">
         <name>.debug_info</name>
         <load_address>0xc052</load_address>
         <run_address>0xc052</run_address>
         <size>0x12d</size>
         <input_file_ref idref="fl-11"/>
      </object_component>
      <object_component id="oc-34b">
         <name>.debug_info</name>
         <load_address>0xc17f</load_address>
         <run_address>0xc17f</run_address>
         <size>0x12b</size>
         <input_file_ref idref="fl-11"/>
      </object_component>
      <object_component id="oc-345">
         <name>.debug_info</name>
         <load_address>0xc2aa</load_address>
         <run_address>0xc2aa</run_address>
         <size>0x131</size>
         <input_file_ref idref="fl-11"/>
      </object_component>
      <object_component id="oc-33f">
         <name>.debug_info</name>
         <load_address>0xc3db</load_address>
         <run_address>0xc3db</run_address>
         <size>0x158</size>
         <input_file_ref idref="fl-11"/>
      </object_component>
      <object_component id="oc-272">
         <name>.debug_info</name>
         <load_address>0xc533</load_address>
         <run_address>0xc533</run_address>
         <size>0x20a</size>
         <input_file_ref idref="fl-11"/>
      </object_component>
      <object_component id="oc-14f">
         <name>.debug_info</name>
         <load_address>0xc73d</load_address>
         <run_address>0xc73d</run_address>
         <size>0x193</size>
         <input_file_ref idref="fl-11"/>
      </object_component>
      <object_component id="oc-149">
         <name>.debug_info</name>
         <load_address>0xc8d0</load_address>
         <run_address>0xc8d0</run_address>
         <size>0x370</size>
         <input_file_ref idref="fl-11"/>
      </object_component>
      <object_component id="oc-336">
         <name>.debug_info</name>
         <load_address>0xcc40</load_address>
         <run_address>0xcc40</run_address>
         <size>0x66d</size>
         <input_file_ref idref="fl-12"/>
      </object_component>
      <object_component id="oc-268">
         <name>.debug_info</name>
         <load_address>0xd2ad</load_address>
         <run_address>0xd2ad</run_address>
         <size>0xef</size>
         <input_file_ref idref="fl-12"/>
      </object_component>
      <object_component id="oc-13e">
         <name>.debug_info</name>
         <load_address>0xd39c</load_address>
         <run_address>0xd39c</run_address>
         <size>0x1b4</size>
         <input_file_ref idref="fl-12"/>
      </object_component>
      <object_component id="oc-144">
         <name>.debug_info</name>
         <load_address>0xd550</load_address>
         <run_address>0xd550</run_address>
         <size>0x1ad</size>
         <input_file_ref idref="fl-12"/>
      </object_component>
      <object_component id="oc-8d">
         <name>.debug_info</name>
         <load_address>0xd6fd</load_address>
         <run_address>0xd6fd</run_address>
         <size>0x2de</size>
         <input_file_ref idref="fl-13"/>
      </object_component>
      <object_component id="oc-27">
         <name>.debug_info</name>
         <load_address>0xd9db</load_address>
         <run_address>0xd9db</run_address>
         <size>0x10a</size>
         <input_file_ref idref="fl-13"/>
      </object_component>
      <object_component id="oc-69">
         <name>.debug_info</name>
         <load_address>0xdae5</load_address>
         <run_address>0xdae5</run_address>
         <size>0x16d</size>
         <input_file_ref idref="fl-13"/>
      </object_component>
      <object_component id="oc-6f">
         <name>.debug_info</name>
         <load_address>0xdc52</load_address>
         <run_address>0xdc52</run_address>
         <size>0x155</size>
         <input_file_ref idref="fl-13"/>
      </object_component>
      <object_component id="oc-3c7">
         <name>.debug_info</name>
         <load_address>0xdda7</load_address>
         <run_address>0xdda7</run_address>
         <size>0x807</size>
         <input_file_ref idref="fl-1e"/>
      </object_component>
      <object_component id="oc-304">
         <name>.debug_info</name>
         <load_address>0xe5ae</load_address>
         <run_address>0xe5ae</run_address>
         <size>0x140</size>
         <input_file_ref idref="fl-1e"/>
      </object_component>
      <object_component id="oc-3d7">
         <name>.debug_info</name>
         <load_address>0xe6ee</load_address>
         <run_address>0xe6ee</run_address>
         <size>0x1a8</size>
         <input_file_ref idref="fl-1e"/>
      </object_component>
      <object_component id="oc-3e5">
         <name>.debug_info</name>
         <load_address>0xe896</load_address>
         <run_address>0xe896</run_address>
         <size>0x1d9</size>
         <input_file_ref idref="fl-1e"/>
      </object_component>
      <object_component id="oc-316">
         <name>.debug_info</name>
         <load_address>0xea6f</load_address>
         <run_address>0xea6f</run_address>
         <size>0x2a8</size>
         <input_file_ref idref="fl-1e"/>
      </object_component>
      <object_component id="oc-46a">
         <name>.debug_info</name>
         <load_address>0xed17</load_address>
         <run_address>0xed17</run_address>
         <size>0x1be</size>
         <input_file_ref idref="fl-1e"/>
      </object_component>
      <object_component id="oc-21d">
         <name>.debug_info</name>
         <load_address>0xeed5</load_address>
         <run_address>0xeed5</run_address>
         <size>0x291</size>
         <input_file_ref idref="fl-1e"/>
      </object_component>
      <object_component id="oc-223">
         <name>.debug_info</name>
         <load_address>0xf166</load_address>
         <run_address>0xf166</run_address>
         <size>0x1f7</size>
         <input_file_ref idref="fl-1e"/>
      </object_component>
      <object_component id="oc-308">
         <name>.debug_info</name>
         <load_address>0xf35d</load_address>
         <run_address>0xf35d</run_address>
         <size>0x2f9</size>
         <input_file_ref idref="fl-1e"/>
      </object_component>
      <object_component id="oc-229">
         <name>.debug_info</name>
         <load_address>0xf656</load_address>
         <run_address>0xf656</run_address>
         <size>0x1eb</size>
         <input_file_ref idref="fl-1e"/>
      </object_component>
      <object_component id="oc-30f">
         <name>.debug_info</name>
         <load_address>0xf841</load_address>
         <run_address>0xf841</run_address>
         <size>0x2d7</size>
         <input_file_ref idref="fl-1e"/>
      </object_component>
      <object_component id="oc-3f1">
         <name>.debug_info</name>
         <load_address>0xfb18</load_address>
         <run_address>0xfb18</run_address>
         <size>0x28f</size>
         <input_file_ref idref="fl-1e"/>
      </object_component>
      <object_component id="oc-230">
         <name>.debug_info</name>
         <load_address>0xfda7</load_address>
         <run_address>0xfda7</run_address>
         <size>0x1e9</size>
         <input_file_ref idref="fl-1e"/>
      </object_component>
      <object_component id="oc-3eb">
         <name>.debug_info</name>
         <load_address>0xff90</load_address>
         <run_address>0xff90</run_address>
         <size>0x1d3</size>
         <input_file_ref idref="fl-1e"/>
      </object_component>
      <object_component id="oc-3fa">
         <name>.debug_info</name>
         <load_address>0x10163</load_address>
         <run_address>0x10163</run_address>
         <size>0x431a</size>
         <input_file_ref idref="fl-1e"/>
      </object_component>
      <object_component id="oc-458">
         <name>.debug_info</name>
         <load_address>0x1447d</load_address>
         <run_address>0x1447d</run_address>
         <size>0x1b5</size>
         <input_file_ref idref="fl-1e"/>
      </object_component>
      <object_component id="oc-409">
         <name>.debug_info</name>
         <load_address>0x14632</load_address>
         <run_address>0x14632</run_address>
         <size>0x26b</size>
         <input_file_ref idref="fl-1e"/>
      </object_component>
      <object_component id="oc-3ff">
         <name>.debug_info</name>
         <load_address>0x1489d</load_address>
         <run_address>0x1489d</run_address>
         <size>0x1028</size>
         <input_file_ref idref="fl-1e"/>
      </object_component>
      <object_component id="oc-2ee">
         <name>.debug_info</name>
         <load_address>0x158c5</load_address>
         <run_address>0x158c5</run_address>
         <size>0x297</size>
         <input_file_ref idref="fl-1e"/>
      </object_component>
      <object_component id="oc-1e1">
         <name>.debug_info</name>
         <load_address>0x15b5c</load_address>
         <run_address>0x15b5c</run_address>
         <size>0xef</size>
         <input_file_ref idref="fl-1e"/>
      </object_component>
      <object_component id="oc-1dc">
         <name>.debug_info</name>
         <load_address>0x15c4b</load_address>
         <run_address>0x15c4b</run_address>
         <size>0xbb</size>
         <input_file_ref idref="fl-1e"/>
      </object_component>
      <object_component id="oc-357">
         <name>.debug_info</name>
         <load_address>0x15d06</load_address>
         <run_address>0x15d06</run_address>
         <size>0x701</size>
         <input_file_ref idref="fl-1f"/>
      </object_component>
      <object_component id="oc-284">
         <name>.debug_info</name>
         <load_address>0x16407</load_address>
         <run_address>0x16407</run_address>
         <size>0x135</size>
         <input_file_ref idref="fl-1f"/>
      </object_component>
      <object_component id="oc-23c">
         <name>.debug_info</name>
         <load_address>0x1653c</load_address>
         <run_address>0x1653c</run_address>
         <size>0x252</size>
         <input_file_ref idref="fl-1f"/>
      </object_component>
      <object_component id="oc-168">
         <name>.debug_info</name>
         <load_address>0x1678e</load_address>
         <run_address>0x1678e</run_address>
         <size>0x25a</size>
         <input_file_ref idref="fl-1f"/>
      </object_component>
      <object_component id="oc-15c">
         <name>.debug_info</name>
         <load_address>0x169e8</load_address>
         <run_address>0x169e8</run_address>
         <size>0x258</size>
         <input_file_ref idref="fl-1f"/>
      </object_component>
      <object_component id="oc-242">
         <name>.debug_info</name>
         <load_address>0x16c40</load_address>
         <run_address>0x16c40</run_address>
         <size>0x274</size>
         <input_file_ref idref="fl-1f"/>
      </object_component>
      <object_component id="oc-29f">
         <name>.debug_info</name>
         <load_address>0x16eb4</load_address>
         <run_address>0x16eb4</run_address>
         <size>0x27e</size>
         <input_file_ref idref="fl-1f"/>
      </object_component>
      <object_component id="oc-410">
         <name>.debug_info</name>
         <load_address>0x17132</load_address>
         <run_address>0x17132</run_address>
         <size>0x68f</size>
         <input_file_ref idref="fl-20"/>
      </object_component>
      <object_component id="oc-329">
         <name>.debug_info</name>
         <load_address>0x177c1</load_address>
         <run_address>0x177c1</run_address>
         <size>0x12e</size>
         <input_file_ref idref="fl-20"/>
      </object_component>
      <object_component id="oc-262">
         <name>.debug_info</name>
         <load_address>0x178ef</load_address>
         <run_address>0x178ef</run_address>
         <size>0x1d5</size>
         <input_file_ref idref="fl-20"/>
      </object_component>
      <object_component id="oc-256">
         <name>.debug_info</name>
         <load_address>0x17ac4</load_address>
         <run_address>0x17ac4</run_address>
         <size>0x219</size>
         <input_file_ref idref="fl-20"/>
      </object_component>
      <object_component id="oc-480">
         <name>.debug_info</name>
         <load_address>0x17cdd</load_address>
         <run_address>0x17cdd</run_address>
         <size>0x5c9</size>
         <input_file_ref idref="fl-21"/>
      </object_component>
      <object_component id="oc-464">
         <name>.debug_info</name>
         <load_address>0x182a6</load_address>
         <run_address>0x182a6</run_address>
         <size>0x298</size>
         <input_file_ref idref="fl-21"/>
      </object_component>
      <object_component id="oc-3d1">
         <name>.debug_info</name>
         <load_address>0x1853e</load_address>
         <run_address>0x1853e</run_address>
         <size>0x1eb</size>
         <input_file_ref idref="fl-21"/>
      </object_component>
      <object_component id="oc-3dd">
         <name>.debug_info</name>
         <load_address>0x18729</load_address>
         <run_address>0x18729</run_address>
         <size>0x1e9</size>
         <input_file_ref idref="fl-21"/>
      </object_component>
      <object_component id="oc-3cb">
         <name>.debug_info</name>
         <load_address>0x18912</load_address>
         <run_address>0x18912</run_address>
         <size>0x1cc</size>
         <input_file_ref idref="fl-21"/>
      </object_component>
      <object_component id="oc-327">
         <name>.debug_info</name>
         <load_address>0x18ade</load_address>
         <run_address>0x18ade</run_address>
         <size>0x725</size>
         <input_file_ref idref="fl-22"/>
      </object_component>
      <object_component id="oc-321">
         <name>.debug_info</name>
         <load_address>0x19203</load_address>
         <run_address>0x19203</run_address>
         <size>0x25e</size>
         <input_file_ref idref="fl-22"/>
      </object_component>
      <object_component id="oc-25c">
         <name>.debug_info</name>
         <load_address>0x19461</load_address>
         <run_address>0x19461</run_address>
         <size>0x215</size>
         <input_file_ref idref="fl-22"/>
      </object_component>
      <object_component id="oc-250">
         <name>.debug_info</name>
         <load_address>0x19676</load_address>
         <run_address>0x19676</run_address>
         <size>0x23d</size>
         <input_file_ref idref="fl-22"/>
      </object_component>
      <object_component id="oc-d2">
         <name>.debug_info</name>
         <load_address>0x198b3</load_address>
         <run_address>0x198b3</run_address>
         <size>0x1dd</size>
         <input_file_ref idref="fl-22"/>
      </object_component>
      <object_component id="oc-cc">
         <name>.debug_info</name>
         <load_address>0x19a90</load_address>
         <run_address>0x19a90</run_address>
         <size>0x27c</size>
         <input_file_ref idref="fl-22"/>
      </object_component>
      <object_component id="oc-404">
         <name>.debug_info</name>
         <load_address>0x19d0c</load_address>
         <run_address>0x19d0c</run_address>
         <size>0x341</size>
         <input_file_ref idref="fl-22"/>
      </object_component>
      <object_component id="oc-352">
         <name>.debug_info</name>
         <load_address>0x1a04d</load_address>
         <run_address>0x1a04d</run_address>
         <size>0x6eb</size>
         <input_file_ref idref="fl-23"/>
      </object_component>
      <object_component id="oc-27b">
         <name>.debug_info</name>
         <load_address>0x1a738</load_address>
         <run_address>0x1a738</run_address>
         <size>0x234</size>
         <input_file_ref idref="fl-23"/>
      </object_component>
      <object_component id="oc-e3">
         <name>.debug_info</name>
         <load_address>0x1a96c</load_address>
         <run_address>0x1a96c</run_address>
         <size>0x1f5</size>
         <input_file_ref idref="fl-23"/>
      </object_component>
      <object_component id="oc-1fa">
         <name>.debug_info</name>
         <load_address>0x1ab61</load_address>
         <run_address>0x1ab61</run_address>
         <size>0x229</size>
         <input_file_ref idref="fl-23"/>
      </object_component>
      <object_component id="oc-dd">
         <name>.debug_info</name>
         <load_address>0x1ad8a</load_address>
         <run_address>0x1ad8a</run_address>
         <size>0x26c</size>
         <input_file_ref idref="fl-23"/>
      </object_component>
      <object_component id="oc-41a">
         <name>.debug_info</name>
         <load_address>0x1aff6</load_address>
         <run_address>0x1aff6</run_address>
         <size>0x102</size>
         <input_file_ref idref="fl-23"/>
      </object_component>
      <object_component id="oc-219">
         <name>.debug_info</name>
         <load_address>0x1b0f8</load_address>
         <run_address>0x1b0f8</run_address>
         <size>0x1c9</size>
         <input_file_ref idref="fl-24"/>
      </object_component>
      <object_component id="oc-32e">
         <name>.debug_info</name>
         <load_address>0x1b2c1</load_address>
         <run_address>0x1b2c1</run_address>
         <size>0x19a</size>
         <input_file_ref idref="fl-25"/>
      </object_component>
      <object_component id="oc-478">
         <name>.debug_info</name>
         <load_address>0x1b45b</load_address>
         <run_address>0x1b45b</run_address>
         <size>0x2f2</size>
         <input_file_ref idref="fl-db"/>
      </object_component>
      <object_component id="oc-43c">
         <name>.debug_info</name>
         <load_address>0x1b74d</load_address>
         <run_address>0x1b74d</run_address>
         <size>0x131</size>
         <input_file_ref idref="fl-db"/>
      </object_component>
      <object_component id="oc-391">
         <name>.debug_info</name>
         <load_address>0x1b87e</load_address>
         <run_address>0x1b87e</run_address>
         <size>0x4ac</size>
         <input_file_ref idref="fl-db"/>
      </object_component>
      <object_component id="oc-47a">
         <name>.debug_info</name>
         <load_address>0x1bd2a</load_address>
         <run_address>0x1bd2a</run_address>
         <size>0x46</size>
         <input_file_ref idref="fl-db"/>
      </object_component>
      <object_component id="oc-43f">
         <name>.debug_info</name>
         <load_address>0x1bd70</load_address>
         <run_address>0x1bd70</run_address>
         <size>0x39</size>
         <input_file_ref idref="fl-db"/>
      </object_component>
      <object_component id="oc-439">
         <name>.debug_info</name>
         <load_address>0x1bda9</load_address>
         <run_address>0x1bda9</run_address>
         <size>0x14c</size>
         <input_file_ref idref="fl-dc"/>
      </object_component>
      <object_component id="oc-378">
         <name>.debug_info</name>
         <load_address>0x1bef5</load_address>
         <run_address>0x1bef5</run_address>
         <size>0x12a</size>
         <input_file_ref idref="fl-dd"/>
      </object_component>
      <object_component id="oc-395">
         <name>.debug_info</name>
         <load_address>0x1c01f</load_address>
         <run_address>0x1c01f</run_address>
         <size>0x13a</size>
         <input_file_ref idref="fl-de"/>
      </object_component>
      <object_component id="oc-39b">
         <name>.debug_info</name>
         <load_address>0x1c159</load_address>
         <run_address>0x1c159</run_address>
         <size>0x13a</size>
         <input_file_ref idref="fl-df"/>
      </object_component>
[...]
      </symbol>
      <symbol id="sm-26e">
         <name>pitch_delta_angle</name>
         <value>0x200000d0</value>
         <object_component_ref idref="oc-2b6"/>
      </symbol>
      <symbol id="sm-26f">
         <name>current_y</name>
         <value>0x200000c8</value>
         <object_component_ref idref="oc-2b6"/>
      </symbol>
      <symbol id="sm-270">
         <name>current_x</name>
         <value>0x200000c4</value>
         <object_component_ref idref="oc-2b6"/>
      </symbol>
      <symbol id="sm-271">
         <name>step_x</name>
         <value>0x200000b4</value>
         <object_component_ref idref="oc-2b6"/>
      </symbol>
      <symbol id="sm-272">
         <name>step_y</name>
         <value>0x200000b8</value>
         <object_component_ref idref="oc-2b6"/>
      </symbol>
      <symbol id="sm-273">
         <name>dy</name>
         <value>0x200000aa</value>
         <object_component_ref idref="oc-2b6"/>
      </symbol>
      <symbol id="sm-274">
         <name>dx</name>
         <value>0x200000a8</value>
         <object_component_ref idref="oc-2b6"/>
      </symbol>
      <symbol id="sm-275">
         <name>point_to_angle_pitch</name>
         <value>0x26f1</value>
         <object_component_ref idref="oc-2b0"/>
      </symbol>
      <symbol id="sm-2ab">
         <name>delay_us</name>
         <value>0x2699</value>
         <object_component_ref idref="oc-42a"/>
      </symbol>
      <symbol id="sm-2ac">
         <name>delay_init</name>
         <value>0x28f1</value>
         <object_component_ref idref="oc-11e"/>
      </symbol>
      <symbol id="sm-2ad">
         <name>delay_ms</name>
         <value>0x2531</value>
         <object_component_ref idref="oc-18a"/>
      </symbol>
      <symbol id="sm-334">
         <name>pitch_pulse_count</name>
         <value>0x200000ec</value>
         <object_component_ref idref="oc-299"/>
      </symbol>
      <symbol id="sm-335">
         <name>pitch_angle</name>
         <value>0x200000e4</value>
         <object_component_ref idref="oc-299"/>
      </symbol>
      <symbol id="sm-336">
         <name>step_motor_init</name>
         <value>0x2bd1</value>
         <object_component_ref idref="oc-136"/>
      </symbol>
      <symbol id="sm-337">
         <name>set_pulse_pitch</name>
         <value>0x1445</value>
         <object_component_ref idref="oc-380"/>
      </symbol>
      <symbol id="sm-338">
         <name>yaw_pulse_count</name>
         <value>0x200000ee</value>
         <object_component_ref idref="oc-299"/>
      </symbol>
      <symbol id="sm-339">
         <name>yaw_angle</name>
         <value>0x200000e8</value>
         <object_component_ref idref="oc-299"/>
      </symbol>
      <symbol id="sm-33a">
         <name>pulse_steering</name>
         <value>0x1fcd</value>
         <object_component_ref idref="oc-2a4"/>
      </symbol>
      <symbol id="sm-33b">
         <name>set_pulse_yaw</name>
         <value>0x1529</value>
         <object_component_ref idref="oc-37a"/>
      </symbol>
      <symbol id="sm-33c">
         <name>set_steering</name>
         <value>0x1c71</value>
         <object_component_ref idref="oc-291"/>
      </symbol>
      <symbol id="sm-33d">
         <name>set_yaw</name>
         <value>0x1af9</value>
         <object_component_ref idref="oc-360"/>
      </symbol>
      <symbol id="sm-33e">
         <name>set_pitch</name>
         <value>0x1a35</value>
         <object_component_ref idref="oc-366"/>
      </symbol>
      <symbol id="sm-39a">
         <name>I2C_WaitAck</name>
         <value>0x2c71</value>
         <object_component_ref idref="oc-344"/>
      </symbol>
      <symbol id="sm-39b">
         <name>OLED_WR_Byte</name>
         <value>0x286d</value>
         <object_component_ref idref="oc-271"/>
      </symbol>
      <symbol id="sm-39c">
         <name>OLED_Init</name>
         <value>0x1275</value>
         <object_component_ref idref="oc-148"/>
      </symbol>
      <symbol id="sm-39d">
         <name>I2C_SW_Configuration</name>
         <value>0x2c15</value>
         <object_component_ref idref="oc-26b"/>
      </symbol>
      <symbol id="sm-39e">
         <name>OLED_Clear</name>
         <value>0x219f</value>
         <object_component_ref idref="oc-14e"/>
      </symbol>
      <symbol id="sm-39f">
         <name>I2C_Start</name>
         <value>0x2b89</value>
         <object_component_ref idref="oc-338"/>
      </symbol>
      <symbol id="sm-3a0">
         <name>I2C_Stop</name>
         <value>0x2c55</value>
         <object_component_ref idref="oc-34a"/>
      </symbol>
      <symbol id="sm-3a1">
         <name>Send_Byte</name>
         <value>0x2209</value>
         <object_component_ref idref="oc-33e"/>
      </symbol>
      <symbol id="sm-3c4">
         <name>upConfig</name>
         <value>0x2e98</value>
         <object_component_ref idref="oc-267"/>
      </symbol>
      <symbol id="sm-3c5">
         <name>TA3_IT_INIT</name>
         <value>0x2965</value>
         <object_component_ref idref="oc-142"/>
      </symbol>
      <symbol id="sm-3c6">
         <name>TimA2_Init</name>
         <value>0x20c1</value>
         <object_component_ref idref="oc-13c"/>
      </symbol>
      <symbol id="sm-3e2">
         <name>Reset_Handler</name>
         <value>0x2d91</value>
         <object_component_ref idref="oc-67"/>
      </symbol>
      <symbol id="sm-3e3">
         <name>Default_Handler</name>
         <value>0x79b</value>
         <object_component_ref idref="oc-6d"/>
      </symbol>
      <symbol id="sm-3e4">
         <name>interruptVectors</name>
         <value>0x0</value>
         <object_component_ref idref="oc-26"/>
      </symbol>
      <symbol id="sm-4fc">
         <name>CS_startLFXT</name>
         <value>0x2d51</value>
         <object_component_ref idref="oc-228"/>
      </symbol>
      <symbol id="sm-4fd">
         <name>CS_getMCLK</name>
         <value>0x2ae9</value>
         <object_component_ref idref="oc-22f"/>
      </symbol>
      <symbol id="sm-4fe">
         <name>CS_clearInterruptFlag</name>
         <value>0x2a01</value>
         <object_component_ref idref="oc-3ea"/>
      </symbol>
      <symbol id="sm-4ff">
         <name>CS_startHFXT</name>
         <value>0x2d1f</value>
         <object_component_ref idref="oc-222"/>
      </symbol>
      <symbol id="sm-500">
         <name>CS_getDCOFrequency</name>
         <value>0x117d</value>
         <object_component_ref idref="oc-3f0"/>
      </symbol>
      <symbol id="sm-501">
         <name>CS_setExternalClockSourceFrequency</name>
         <value>0x2bf5</value>
         <object_component_ref idref="oc-21c"/>
      </symbol>
      <symbol id="sm-502">
         <name>CS_startHFXTWithTimeout</name>
         <value>0x1361</value>
         <object_component_ref idref="oc-307"/>
      </symbol>
      <symbol id="sm-503">
         <name>CS_startLFXTWithTimeout</name>
         <value>0x160d</value>
         <object_component_ref idref="oc-30e"/>
      </symbol>
      <symbol id="sm-543">
         <name>GPIO_setOutputHighOnPin</name>
         <value>0x2b39</value>
         <object_component_ref idref="oc-166"/>
      </symbol>
      <symbol id="sm-544">
         <name>GPIO_setAsInputPinWithPullUpResistor</name>
         <value>0x25e9</value>
         <object_component_ref idref="oc-240"/>
      </symbol>
      <symbol id="sm-545">
         <name>GPIO_setAsOutputPin</name>
         <value>0x28b1</value>
         <object_component_ref idref="oc-239"/>
      </symbol>
      <symbol id="sm-546">
         <name>GPIO_setOutputLowOnPin</name>
         <value>0x2b61</value>
         <object_component_ref idref="oc-15a"/>
      </symbol>
      <symbol id="sm-547">
         <name>GPIO_getInputPinValue</name>
         <value>0x2a31</value>
         <object_component_ref idref="oc-29d"/>
      </symbol>
      <symbol id="sm-56d">
         <name>Interrupt_enableMaster</name>
         <value>0x2d31</value>
         <object_component_ref idref="oc-261"/>
      </symbol>
      <symbol id="sm-56e">
         <name>Interrupt_enableInterrupt</name>
         <value>0x1ed1</value>
         <object_component_ref idref="oc-255"/>
      </symbol>
      <symbol id="sm-5a2">
         <name>SysCtl_A_enableNMISource</name>
         <value>0x2cc1</value>
         <object_component_ref idref="oc-3dc"/>
      </symbol>
      <symbol id="sm-5a3">
         <name>SysCtl_A_getTLVInfo</name>
         <value>0x1db5</value>
         <object_component_ref idref="oc-463"/>
      </symbol>
      <symbol id="sm-5a4">
         <name>SysCtl_A_getNMISourceStatus</name>
         <value>0x2d41</value>
         <object_component_ref idref="oc-3ca"/>
      </symbol>
      <symbol id="sm-5a5">
         <name>SysCtl_A_disableNMISource</name>
         <value>0x2ca9</value>
         <object_component_ref idref="oc-3d0"/>
      </symbol>
      <symbol id="sm-5ef">
         <name>Timer_A_clearCaptureCompareInterrupt</name>
         <value>0x2abd</value>
         <object_component_ref idref="oc-cb"/>
      </symbol>
      <symbol id="sm-5f0">
         <name>Timer_A_startCounter</name>
         <value>0x2d09</value>
         <object_component_ref idref="oc-25b"/>
      </symbol>
      <symbol id="sm-5f1">
         <name>Timer_A_clearTimer</name>
         <value>0x2cd9</value>
         <object_component_ref idref="oc-d1"/>
      </symbol>
      <symbol id="sm-5f2">
         <name>Timer_A_configureUpMode</name>
         <value>0x2271</value>
         <object_component_ref idref="oc-24f"/>
      </symbol>
      <symbol id="sm-637">
         <name>UART_receiveData</name>
         <value>0x2a61</value>
         <object_component_ref idref="oc-e1"/>
      </symbol>
      <symbol id="sm-638">
         <name>UART_getEnabledInterruptStatus</name>
         <value>0x2341</value>
         <object_component_ref idref="oc-db"/>
      </symbol>
      <symbol id="sm-639">
         <name>UART_getInterruptStatus</name>
         <value>0x2cf1</value>
         <object_component_ref idref="oc-1f8"/>
      </symbol>
      <symbol id="sm-63a">
         <name>UART_initModule</name>
         <value>0xd45</value>
         <object_component_ref idref="oc-279"/>
      </symbol>
      <symbol id="sm-646">
         <name>WDT_A_holdTimer</name>
         <value>0x2bad</value>
         <object_component_ref idref="oc-216"/>
      </symbol>
      <symbol id="sm-650">
         <name>CPU_cpsie</name>
         <value>0x2d6d</value>
         <object_component_ref idref="oc-32d"/>
      </symbol>
      <symbol id="sm-690">
         <name>atanl</name>
         <value>0xe5</value>
         <object_component_ref idref="oc-38d"/>
      </symbol>
      <symbol id="sm-691">
         <name>atan</name>
         <value>0xe5</value>
         <object_component_ref idref="oc-38d"/>
      </symbol>
      <symbol id="sm-6a8">
         <name>__aeabi_dsub</name>
         <value>0x5e5</value>
         <object_component_ref idref="oc-436"/>
      </symbol>
      <symbol id="sm-6a9">
         <name>__aeabi_dadd</name>
         <value>0x5ef</value>
         <object_component_ref idref="oc-436"/>
      </symbol>
      <symbol id="sm-6bb">
         <name>__aeabi_cdrcmple</name>
         <value>0x1e49</value>
         <object_component_ref idref="oc-375"/>
      </symbol>
      <symbol id="sm-6cf">
         <name>__aeabi_ddiv</name>
         <value>0xc0d</value>
         <object_component_ref idref="oc-393"/>
      </symbol>
      <symbol id="sm-6da">
         <name>__aeabi_dmul</name>
         <value>0x1081</value>
         <object_component_ref idref="oc-398"/>
      </symbol>
      <symbol id="sm-6e6">
         <name>__aeabi_d2f</name>
         <value>0x2131</value>
         <object_component_ref idref="oc-39d"/>
      </symbol>
      <symbol id="sm-6f1">
         <name>__aeabi_f2d</name>
         <value>0x292d</value>
         <object_component_ref idref="oc-370"/>
      </symbol>
      <symbol id="sm-70c">
         <name>__TI_zero_init_nomemset</name>
         <value>0x2c8d</value>
         <object_component_ref idref="oc-43"/>
      </symbol>
      <symbol id="sm-723">
         <name>__TI_decompress_none</name>
         <value>0x2d5f</value>
         <object_component_ref idref="oc-1d"/>
      </symbol>
      <symbol id="sm-746">
         <name>__TI_decompress_lzss</name>
         <value>0x22d9</value>
         <object_component_ref idref="oc-17"/>
      </symbol>
      <symbol id="sm-759">
         <name>__stack</name>
         <value>0x2000fe00</value>
         <object_component_ref idref="oc-29"/>
      </symbol>
      <symbol id="sm-75a">
         <name>_c_int00_noargs</name>
         <value>0x2999</value>
         <object_component_ref idref="oc-55"/>
      </symbol>
      <symbol id="sm-775">
         <name>memcpy</name>
         <value>0x1d19</value>
         <object_component_ref idref="oc-37"/>
      </symbol>
      <symbol id="sm-776">
         <name>__aeabi_memcpy</name>
         <value>0x1d19</value>
         <object_component_ref idref="oc-37"/>
      </symbol>
      <symbol id="sm-777">
         <name>__aeabi_memcpy8</name>
         <value>0x1d19</value>
         <object_component_ref idref="oc-37"/>
      </symbol>
      <symbol id="sm-778">
         <name>__aeabi_memcpy4</name>
         <value>0x1d19</value>
         <object_component_ref idref="oc-37"/>
      </symbol>
      <symbol id="sm-7a1">
         <name>__TI_auto_init_nobinit_nopinit</name>
         <value>0x27e5</value>
         <object_component_ref idref="oc-1a8"/>
      </symbol>
      <symbol id="sm-7ab">
         <name>_system_pre_init</name>
         <value>0x2d9d</value>
         <object_component_ref idref="oc-ab"/>
      </symbol>
      <symbol id="sm-7b7">
         <name>C$$EXIT</name>
         <value>0x2da1</value>
         <object_component_ref idref="oc-19c"/>
      </symbol>
      <symbol id="sm-7b8">
         <name>abort</name>
         <value>0x2da1</value>
         <object_component_ref idref="oc-19c"/>
      </symbol>
      <symbol id="sm-7bb">
         <name>__TI_static_base__</name>
         <value>0x0</value>
      </symbol>
      <symbol id="sm-7be">
         <name>__mpu_init</name>
         <value>0x0</value>
      </symbol>
      <symbol id="sm-7bf">
         <name>_system_post_cinit</name>
         <value>0x0</value>
      </symbol>
      <symbol id="sm-7c0">
         <name>NMI_Handler</name>
         <value>0x79b</value>
      </symbol>
      <symbol id="sm-7c1">
         <name>HardFault_Handler</name>
         <value>0x79b</value>
      </symbol>
      <symbol id="sm-7c2">
         <name>MemManage_Handler</name>
         <value>0x79b</value>
      </symbol>
      <symbol id="sm-7c3">
         <name>BusFault_Handler</name>
         <value>0x79b</value>
      </symbol>
      <symbol id="sm-7c4">
         <name>UsageFault_Handler</name>
         <value>0x79b</value>
      </symbol>
      <symbol id="sm-7c5">
         <name>SVC_Handler</name>
         <value>0x79b</value>
      </symbol>
      <symbol id="sm-7c6">
         <name>DebugMon_Handler</name>
         <value>0x79b</value>
      </symbol>
      <symbol id="sm-7c7">
         <name>PendSV_Handler</name>
         <value>0x79b</value>
      </symbol>
      <symbol id="sm-7c8">
         <name>SysTick_Handler</name>
         <value>0x79b</value>
      </symbol>
      <symbol id="sm-7c9">
         <name>PSS_IRQHandler</name>
         <value>0x79b</value>
      </symbol>
      <symbol id="sm-7ca">
         <name>CS_IRQHandler</name>
         <value>0x79b</value>
      </symbol>
      <symbol id="sm-7cb">
         <name>PCM_IRQHandler</name>
         <value>0x79b</value>
      </symbol>
      <symbol id="sm-7cc">
         <name>WDT_A_IRQHandler</name>
         <value>0x79b</value>
      </symbol>
      <symbol id="sm-7cd">
         <name>FPU_IRQHandler</name>
         <value>0x79b</value>
      </symbol>
      <symbol id="sm-7ce">
         <name>FLCTL_IRQHandler</name>
         <value>0x79b</value>
      </symbol>
      <symbol id="sm-7cf">
         <name>COMP_E0_IRQHandler</name>
         <value>0x79b</value>
      </symbol>
      <symbol id="sm-7d0">
         <name>COMP_E1_IRQHandler</name>
         <value>0x79b</value>
      </symbol>
      <symbol id="sm-7d1">
         <name>TA0_0_IRQHandler</name>
         <value>0x79b</value>
      </symbol>
      <symbol id="sm-7d2">
         <name>TA0_N_IRQHandler</name>
         <value>0x79b</value>
      </symbol>
      <symbol id="sm-7d3">
         <name>TA1_0_IRQHandler</name>
         <value>0x79b</value>
      </symbol>
      <symbol id="sm-7d4">
         <name>TA1_N_IRQHandler</name>
         <value>0x79b</value>
      </symbol>
      <symbol id="sm-7d5">
         <name>TA2_0_IRQHandler</name>
         <value>0x79b</value>
      </symbol>
      <symbol id="sm-7d6">
         <name>TA2_N_IRQHandler</name>
         <value>0x79b</value>
      </symbol>
      <symbol id="sm-7d7">
         <name>TA3_0_IRQHandler</name>
         <value>0x2c35</value>
      </symbol>
      <symbol id="sm-7d8">
         <name>TA3_N_IRQHandler</name>
         <value>0x79b</value>
      </symbol>
      <symbol id="sm-7d9">
         <name>EUSCIA0_IRQHandler</name>
         <value>0x79b</value>
      </symbol>
      <symbol id="sm-7da">
         <name>EUSCIA1_IRQHandler</name>
         <value>0x2b11</value>
      </symbol>
      <symbol id="sm-7db">
         <name>EUSCIA2_IRQHandler</name>
         <value>0x2a91</value>
      </symbol>
      <symbol id="sm-7dc">
         <name>EUSCIA3_IRQHandler</name>
         <value>0x79b</value>
      </symbol>
      <symbol id="sm-7dd">
         <name>EUSCIB0_IRQHandler</name>
         <value>0x79b</value>
      </symbol>
      <symbol id="sm-7de">
         <name>EUSCIB1_IRQHandler</name>
         <value>0x79b</value>
      </symbol>
      <symbol id="sm-7df">
         <name>EUSCIB2_IRQHandler</name>
         <value>0x79b</value>
      </symbol>
      <symbol id="sm-7e0">
         <name>EUSCIB3_IRQHandler</name>
         <value>0x79b</value>
      </symbol>
      <symbol id="sm-7e1">
         <name>ADC14_IRQHandler</name>
         <value>0x79b</value>
      </symbol>
      <symbol id="sm-7e2">
         <name>T32_INT1_IRQHandler</name>
         <value>0x79b</value>
      </symbol>
      <symbol id="sm-7e3">
         <name>T32_INT2_IRQHandler</name>
         <value>0x79b</value>
      </symbol>
      <symbol id="sm-7e4">
         <name>T32_INTC_IRQHandler</name>
         <value>0x79b</value>
      </symbol>
      <symbol id="sm-7e5">
         <name>AES256_IRQHandler</name>
         <value>0x79b</value>
      </symbol>
      <symbol id="sm-7e6">
         <name>RTC_C_IRQHandler</name>
         <value>0x79b</value>
      </symbol>
      <symbol id="sm-7e7">
         <name>DMA_ERR_IRQHandler</name>
         <value>0x79b</value>
      </symbol>
      <symbol id="sm-7e8">
         <name>DMA_INT3_IRQHandler</name>
         <value>0x79b</value>
      </symbol>
      <symbol id="sm-7e9">
         <name>DMA_INT2_IRQHandler</name>
         <value>0x79b</value>
      </symbol>
      <symbol id="sm-7ea">
         <name>DMA_INT1_IRQHandler</name>
         <value>0x79b</value>
      </symbol>
      <symbol id="sm-7eb">
         <name>DMA_INT0_IRQHandler</name>
         <value>0x79b</value>
      </symbol>
      <symbol id="sm-7ec">
         <name>PORT1_IRQHandler</name>
         <value>0x79b</value>
      </symbol>
      <symbol id="sm-7ed">
         <name>PORT2_IRQHandler</name>
         <value>0x79b</value>
      </symbol>
      <symbol id="sm-7ee">
         <name>PORT3_IRQHandler</name>
         <value>0x79b</value>
      </symbol>
      <symbol id="sm-7ef">
         <name>PORT4_IRQHandler</name>
         <value>0x79d</value>
      </symbol>
      <symbol id="sm-7f0">
         <name>PORT5_IRQHandler</name>
         <value>0x79b</value>
      </symbol>
      <symbol id="sm-7f1">
         <name>PORT6_IRQHandler</name>
         <value>0x79b</value>
      </symbol>
   </symbol_table>
   <title>Link successful</title>
</link_info>
